Using raw vosk-model-small-ja-0.22 with one fresh model per condition stream; evaluating 160 sources x 1 conditions
[1/160] cafe_crosstalk / ao / weather-exact
[2/160] cafe_crosstalk / ao / job-exact
[3/160] cafe_crosstalk / ao / coffee-long-vowel-deletion
[4/160] cafe_crosstalk / ao / station-small-tsu-deletion
[5/160] cafe_crosstalk / ao / repeat-mora-deletion
[6/160] cafe_crosstalk / ao / job-voicing-substitution
[7/160] cafe_crosstalk / ao / reservation-insertion
[8/160] cafe_crosstalk / ao / explain-lexical-substitution
[9/160] cafe_crosstalk / ren / weather-exact
[10/160] cafe_crosstalk / ren / job-exact
[11/160] cafe_crosstalk / ren / coffee-long-vowel-deletion
[12/160] cafe_crosstalk / ren / station-small-tsu-deletion
[13/160] cafe_crosstalk / ren / repeat-mora-deletion
[14/160] cafe_crosstalk / ren / job-voicing-substitution
[15/160] cafe_crosstalk / ren / reservation-insertion
[16/160] cafe_crosstalk / ren / explain-lexical-substitution
[17/160] cafe_crosstalk / mio / weather-exact
[18/160] cafe_crosstalk / mio / job-exact
[19/160] cafe_crosstalk / mio / coffee-long-vowel-deletion
[20/160] cafe_crosstalk / mio / station-small-tsu-deletion
[21/160] cafe_crosstalk / mio / repeat-mora-deletion
[22/160] cafe_crosstalk / mio / job-voicing-substitution
[23/160] cafe_crosstalk / mio / reservation-insertion
[24/160] cafe_crosstalk / mio / explain-lexical-substitution
[25/160] cafe_crosstalk / kai / weather-exact
[26/160] cafe_crosstalk / kai / job-exact
[27/160] cafe_crosstalk / kai / coffee-long-vowel-deletion
[28/160] cafe_crosstalk / kai / station-small-tsu-deletion
[29/160] cafe_crosstalk / kai / repeat-mora-deletion
[30/160] cafe_crosstalk / kai / job-voicing-substitution
[31/160] cafe_crosstalk / kai / reservation-insertion
[32/160] cafe_crosstalk / kai / explain-lexical-substitution
[33/160] cafe_crosstalk / aya / weather-exact
[34/160] cafe_crosstalk / aya / job-exact
[35/160] cafe_crosstalk / aya / coffee-long-vowel-deletion
[36/160] cafe_crosstalk / aya / station-small-tsu-deletion
[37/160] cafe_crosstalk / aya / repeat-mora-deletion
[38/160] cafe_crosstalk / aya / job-voicing-substitution
[39/160] cafe_crosstalk / aya / reservation-insertion
[40/160] cafe_crosstalk / aya / explain-lexical-substitution
[41/160] cafe_crosstalk / jun / weather-exact
[42/160] cafe_crosstalk / jun / job-exact
[43/160] cafe_crosstalk / jun / coffee-long-vowel-deletion
[44/160] cafe_crosstalk / jun / station-small-tsu-deletion
[45/160] cafe_crosstalk / jun / repeat-mora-deletion
[46/160] cafe_crosstalk / jun / job-voicing-substitution
[47/160] cafe_crosstalk / jun / reservation-insertion
[48/160] cafe_crosstalk / jun / explain-lexical-substitution
[49/160] cafe_crosstalk / nami / weather-exact
[50/160] cafe_crosstalk / nami / job-exact
[51/160] cafe_crosstalk / nami / coffee-long-vowel-deletion
[52/160] cafe_crosstalk / nami / station-small-tsu-deletion
[53/160] cafe_crosstalk / nami / repeat-mora-deletion
[54/160] cafe_crosstalk / nami / job-voicing-substitution
[55/160] cafe_crosstalk / nami / reservation-insertion
[56/160] cafe_crosstalk / nami / explain-lexical-substitution
[57/160] cafe_crosstalk / sota / weather-exact
[58/160] cafe_crosstalk / sota / job-exact
[59/160] cafe_crosstalk / sota / coffee-long-vowel-deletion
[60/160] cafe_crosstalk / sota / station-small-tsu-deletion
[61/160] cafe_crosstalk / sota / repeat-mora-deletion
[62/160] cafe_crosstalk / sota / job-voicing-substitution
[63/160] cafe_crosstalk / sota / reservation-insertion
[64/160] cafe_crosstalk / sota / explain-lexical-substitution
[65/160] cafe_crosstalk / eri / weather-exact
[66/160] cafe_crosstalk / eri / job-exact
[67/160] cafe_crosstalk / eri / coffee-long-vowel-deletion
[68/160] cafe_crosstalk / eri / station-small-tsu-deletion
[69/160] cafe_crosstalk / eri / repeat-mora-deletion
[70/160] cafe_crosstalk / eri / job-voicing-substitution
[71/160] cafe_crosstalk / eri / reservation-insertion
[72/160] cafe_crosstalk / eri / explain-lexical-substitution
[73/160] cafe_crosstalk / taku / weather-exact
[74/160] cafe_crosstalk / taku / job-exact
[75/160] cafe_crosstalk / taku / coffee-long-vowel-deletion
[76/160] cafe_crosstalk / taku / station-small-tsu-deletion
[77/160] cafe_crosstalk / taku / repeat-mora-deletion
[78/160] cafe_crosstalk / taku / job-voicing-substitution
[79/160] cafe_crosstalk / taku / reservation-insertion
[80/160] cafe_crosstalk / taku / explain-lexical-substitution
[81/160] cafe_crosstalk / risa / weather-exact
[82/160] cafe_crosstalk / risa / job-exact
[83/160] cafe_crosstalk / risa / coffee-long-vowel-deletion
[84/160] cafe_crosstalk / risa / station-small-tsu-deletion
[85/160] cafe_crosstalk / risa / repeat-mora-deletion
[86/160] cafe_crosstalk / risa / job-voicing-substitution
[87/160] cafe_crosstalk / risa / reservation-insertion
[88/160] cafe_crosstalk / risa / explain-lexical-substitution
[89/160] cafe_crosstalk / makoto / weather-exact
[90/160] cafe_crosstalk / makoto / job-exact
[91/160] cafe_crosstalk / makoto / coffee-long-vowel-deletion
[92/160] cafe_crosstalk / makoto / station-small-tsu-deletion
[93/160] cafe_crosstalk / makoto / repeat-mora-deletion
[94/160] cafe_crosstalk / makoto / job-voicing-substitution
[95/160] cafe_crosstalk / makoto / reservation-insertion
[96/160] cafe_crosstalk / makoto / explain-lexical-substitution
[97/160] cafe_crosstalk / keiko / weather-exact
[98/160] cafe_crosstalk / keiko / job-exact
[99/160] cafe_crosstalk / keiko / coffee-long-vowel-deletion
[100/160] cafe_crosstalk / keiko / station-small-tsu-deletion
[101/160] cafe_crosstalk / keiko / repeat-mora-deletion
[102/160] cafe_crosstalk / keiko / job-voicing-substitution
[103/160] cafe_crosstalk / keiko / reservation-insertion
[104/160] cafe_crosstalk / keiko / explain-lexical-substitution
[105/160] cafe_crosstalk / osamu / weather-exact
[106/160] cafe_crosstalk / osamu / job-exact
[107/160] cafe_crosstalk / osamu / coffee-long-vowel-deletion
[108/160] cafe_crosstalk / osamu / station-small-tsu-deletion
[109/160] cafe_crosstalk / osamu / repeat-mora-deletion
[110/160] cafe_crosstalk / osamu / job-voicing-substitution
[111/160] cafe_crosstalk / osamu / reservation-insertion
[112/160] cafe_crosstalk / osamu / explain-lexical-substitution
[113/160] cafe_crosstalk / yui / weather-exact
[114/160] cafe_crosstalk / yui / job-exact
[115/160] cafe_crosstalk / yui / coffee-long-vowel-deletion
[116/160] cafe_crosstalk / yui / station-small-tsu-deletion
[117/160] cafe_crosstalk / yui / repeat-mora-deletion
[118/160] cafe_crosstalk / yui / job-voicing-substitution
[119/160] cafe_crosstalk / yui / reservation-insertion
[120/160] cafe_crosstalk / yui / explain-lexical-substitution
[121/160] cafe_crosstalk / hiro / weather-exact
[122/160] cafe_crosstalk / hiro / job-exact
[123/160] cafe_crosstalk / hiro / coffee-long-vowel-deletion
[124/160] cafe_crosstalk / hiro / station-small-tsu-deletion
[125/160] cafe_crosstalk / hiro / repeat-mora-deletion
[126/160] cafe_crosstalk / hiro / job-voicing-substitution
[127/160] cafe_crosstalk / hiro / reservation-insertion
[128/160] cafe_crosstalk / hiro / explain-lexical-substitution
[129/160] cafe_crosstalk / fumi / weather-exact
[130/160] cafe_crosstalk / fumi / job-exact
[131/160] cafe_crosstalk / fumi / coffee-long-vowel-deletion
[132/160] cafe_crosstalk / fumi / station-small-tsu-deletion
[133/160] cafe_crosstalk / fumi / repeat-mora-deletion
[134/160] cafe_crosstalk / fumi / job-voicing-substitution
[135/160] cafe_crosstalk / fumi / reservation-insertion
[136/160] cafe_crosstalk / fumi / explain-lexical-substitution
[137/160] cafe_crosstalk / gen / weather-exact
[138/160] cafe_crosstalk / gen / job-exact
[139/160] cafe_crosstalk / gen / coffee-long-vowel-deletion
[140/160] cafe_crosstalk / gen / station-small-tsu-deletion
[141/160] cafe_crosstalk / gen / repeat-mora-deletion
[142/160] cafe_crosstalk / gen / job-voicing-substitution
[143/160] cafe_crosstalk / gen / reservation-insertion
[144/160] cafe_crosstalk / gen / explain-lexical-substitution
[145/160] cafe_crosstalk / chiyo / weather-exact
[146/160] cafe_crosstalk / chiyo / job-exact
[147/160] cafe_crosstalk / chiyo / coffee-long-vowel-deletion
[148/160] cafe_crosstalk / chiyo / station-small-tsu-deletion
[149/160] cafe_crosstalk / chiyo / repeat-mora-deletion
[150/160] cafe_crosstalk / chiyo / job-voicing-substitution
[151/160] cafe_crosstalk / chiyo / reservation-insertion
[152/160] cafe_crosstalk / chiyo / explain-lexical-substitution
[153/160] cafe_crosstalk / issei / weather-exact
[154/160] cafe_crosstalk / issei / job-exact
[155/160] cafe_crosstalk / issei / coffee-long-vowel-deletion
[156/160] cafe_crosstalk / issei / station-small-tsu-deletion
[157/160] cafe_crosstalk / issei / repeat-mora-deletion
[158/160] cafe_crosstalk / issei / job-voicing-substitution
[159/160] cafe_crosstalk / issei / reservation-insertion
[160/160] cafe_crosstalk / issei / explain-lexical-substitution
{
  "allConditions": {
    "attempts": 160,
    "strictPositionLocalization": {
      "toleranceMorae": 0,
      "truePositivePositions": 153,
      "falsePositivePositions": 751,
      "falseNegativePositions": 27,
      "precision": 0.169248,
      "recall": 0.85,
      "f1": 0.282288
    },
    "withinOneMoraLocalization": {
      "toleranceMorae": 1,
      "truePositivePositions": 171,
      "falsePositivePositions": 733,
      "falseNegativePositions": 9,
      "precision": 0.189159,
      "recall": 0.95,
      "f1": 0.315498
    },
    "errorDetection": {
      "truePositives": 119,
      "falsePositives": 35,
      "falseNegatives": 1,
      "trueNegatives": 5,
      "precision": 0.772727,
      "recall": 0.991667,
      "f1": 0.868613
    },
    "exactControlTranscription": {
      "attempts": 40,
      "exactMoraMatches": 5,
      "emptyTranscripts": 0,
      "moraErrorRate": 0.365517
    },
    "injectedVariantEvidence": {
      "errorAttempts": 120,
      "closerToInjectedReading": 57,
      "closerToExpectedTarget": 19,
      "equalDistance": 44,
      "closerToInjectedRate": 0.475
    }
  },
  "cleanOnly": {
    "attempts": 0,
    "strictPositionLocalization": {
      "toleranceMorae": 0,
      "truePositivePositions": 0,
      "falsePositivePositions": 0,
      "falseNegativePositions": 0,
      "precision": null,
      "recall": null,
      "f1": null
    },
    "withinOneMoraLocalization": {
      "toleranceMorae": 1,
      "truePositivePositions": 0,
      "falsePositivePositions": 0,
      "falseNegativePositions": 0,
      "precision": null,
      "recall": null,
      "f1": null
    },
    "errorDetection": {
      "truePositives": 0,
      "falsePositives": 0,
      "falseNegatives": 0,
      "trueNegatives": 0,
      "precision": null,
      "recall": null,
      "f1": null
    },
    "exactControlTranscription": {
      "attempts": 0,
      "exactMoraMatches": 0,
      "emptyTranscripts": 0,
      "moraErrorRate": null
    },
    "injectedVariantEvidence": {
      "errorAttempts": 0,
      "closerToInjectedReading": 0,
      "closerToExpectedTarget": 0,
      "equalDistance": 0,
      "closerToInjectedRate": null
    }
  },
  "byAugmentation": {
    "cafe_crosstalk": {
      "attempts": 160,
      "strictPositionLocalization": {
        "toleranceMorae": 0,
        "truePositivePositions": 153,
        "falsePositivePositions": 751,
        "falseNegativePositions": 27,
        "precision": 0.169248,
        "recall": 0.85,
        "f1": 0.282288
      },
      "withinOneMoraLocalization": {
        "toleranceMorae": 1,
        "truePositivePositions": 171,
        "falsePositivePositions": 733,
        "falseNegativePositions": 9,
        "precision": 0.189159,
        "recall": 0.95,
        "f1": 0.315498
      },
      "errorDetection": {
        "truePositives": 119,
        "falsePositives": 35,
        "falseNegatives": 1,
        "trueNegatives": 5,
        "precision": 0.772727,
        "recall": 0.991667,
        "f1": 0.868613
      },
      "exactControlTranscription": {
        "attempts": 40,
        "exactMoraMatches": 5,
        "emptyTranscripts": 0,
        "moraErrorRate": 0.365517
      },
      "injectedVariantEvidence": {
        "errorAttempts": 120,
        "closerToInjectedReading": 57,
        "closerToExpectedTarget": 19,
        "equalDistance": 44,
        "closerToInjectedRate": 0.475
      }
    }
  },
  "byErrorKind": {
    "exact": {
      "attempts": 40,
      "strictPositionLocalization": {
        "toleranceMorae": 0,
        "truePositivePositions": 0,
        "falsePositivePositions": 127,
        "falseNegativePositions": 0,
        "precision": 0.0,
        "recall": null,
        "f1": null
      },
      "withinOneMoraLocalization": {
        "toleranceMorae": 1,
        "truePositivePositions": 0,
        "falsePositivePositions": 127,
        "falseNegativePositions": 0,
        "precision": 0.0,
        "recall": null,
        "f1": null
      },
      "errorDetection": {
        "truePositives": 0,
        "falsePositives": 35,
        "falseNegatives": 0,
        "trueNegatives": 5,
        "precision": 0.0,
        "recall": null,
        "f1": null
      },
      "exactControlTranscription": {
        "attempts": 40,
        "exactMoraMatches": 5,
        "emptyTranscripts": 0,
        "moraErrorRate": 0.365517
      },
      "injectedVariantEvidence": {
        "errorAttempts": 0,
        "closerToInjectedReading": 0,
        "closerToExpectedTarget": 0,
        "equalDistance": 0,
        "closerToInjectedRate": null
      }
    },
    "lexical_substitution": {
      "attempts": 20,
      "strictPositionLocalization": {
        "toleranceMorae": 0,
        "truePositivePositions": 78,
        "falsePositivePositions": 178,
        "falseNegativePositions": 2,
        "precision": 0.304688,
        "recall": 0.975,
        "f1": 0.464286
      },
      "withinOneMoraLocalization": {
        "toleranceMorae": 1,
        "truePositivePositions": 80,
        "falsePositivePositions": 176,
        "falseNegativePositions": 0,
        "precision": 0.3125,
        "recall": 1.0,
        "f1": 0.47619
      },
      "errorDetection": {
        "truePositives": 20,
        "falsePositives": 0,
        "falseNegatives": 0,
        "trueNegatives": 0,
        "precision": 1.0,
        "recall": 1.0,
        "f1": 1.0
      },
      "exactControlTranscription": {
        "attempts": 0,
        "exactMoraMatches": 0,
        "emptyTranscripts": 0,
        "moraErrorRate": null
      },
      "injectedVariantEvidence": {
        "errorAttempts": 20,
        "closerToInjectedReading": 18,
        "closerToExpectedTarget": 0,
        "equalDistance": 2,
        "closerToInjectedRate": 0.9
      }
    },
    "long_vowel_deletion": {
      "attempts": 20,
      "strictPositionLocalization": {
        "toleranceMorae": 0,
        "truePositivePositions": 10,
        "falsePositivePositions": 123,
        "falseNegativePositions": 10,
        "precision": 0.075188,
        "recall": 0.5,
        "f1": 0.130719
      },
      "withinOneMoraLocalization": {
        "toleranceMorae": 1,
        "truePositivePositions": 15,
        "falsePositivePositions": 118,
        "falseNegativePositions": 5,
        "precision": 0.112782,
        "recall": 0.75,
        "f1": 0.196078
      },
      "errorDetection": {
        "truePositives": 20,
        "falsePositives": 0,
        "falseNegatives": 0,
        "trueNegatives": 0,
        "precision": 1.0,
        "recall": 1.0,
        "f1": 1.0
      },
      "exactControlTranscription": {
        "attempts": 0,
        "exactMoraMatches": 0,
        "emptyTranscripts": 0,
        "moraErrorRate": null
      },
      "injectedVariantEvidence": {
        "errorAttempts": 20,
        "closerToInjectedReading": 1,
        "closerToExpectedTarget": 10,
        "equalDistance": 9,
        "closerToInjectedRate": 0.05
      }
    },
    "small_tsu_deletion": {
      "attempts": 40,
      "strictPositionLocalization": {
        "toleranceMorae": 0,
        "truePositivePositions": 40,
        "falsePositivePositions": 197,
        "falseNegativePositions": 0,
        "precision": 0.168776,
        "recall": 1.0,
        "f1": 0.288809
      },
      "withinOneMoraLocalization": {
        "toleranceMorae": 1,
        "truePositivePositions": 40,
        "falsePositivePositions": 197,
        "falseNegativePositions": 0,
        "precision": 0.168776,
        "recall": 1.0,
        "f1": 0.288809
      },
      "errorDetection": {
        "truePositives": 40,
        "falsePositives": 0,
        "falseNegatives": 0,
        "trueNegatives": 0,
        "precision": 1.0,
        "recall": 1.0,
        "f1": 1.0
      },
      "exactControlTranscription": {
        "attempts": 0,
        "exactMoraMatches": 0,
        "emptyTranscripts": 0,
        "moraErrorRate": null
      },
      "injectedVariantEvidence": {
        "errorAttempts": 40,
        "closerToInjectedReading": 10,
        "closerToExpectedTarget": 0,
        "equalDistance": 30,
        "closerToInjectedRate": 0.25
      }
    },
    "voicing_substitution": {
      "attempts": 20,
      "strictPositionLocalization": {
        "toleranceMorae": 0,
        "truePositivePositions": 12,
        "falsePositivePositions": 70,
        "falseNegativePositions": 8,
        "precision": 0.146341,
        "recall": 0.6,
        "f1": 0.235294
      },
      "withinOneMoraLocalization": {
        "toleranceMorae": 1,
        "truePositivePositions": 16,
        "falsePositivePositions": 66,
        "falseNegativePositions": 4,
        "precision": 0.195122,
        "recall": 0.8,
        "f1": 0.313725
      },
      "errorDetection": {
        "truePositives": 19,
        "falsePositives": 0,
        "falseNegatives": 1,
        "trueNegatives": 0,
        "precision": 1.0,
        "recall": 0.95,
        "f1": 0.974359
      },
      "exactControlTranscription": {
        "attempts": 0,
        "exactMoraMatches": 0,
        "emptyTranscripts": 0,
        "moraErrorRate": null
      },
      "injectedVariantEvidence": {
        "errorAttempts": 20,
        "closerToInjectedReading": 10,
        "closerToExpectedTarget": 8,
        "equalDistance": 2,
        "closerToInjectedRate": 0.5
      }
    },
    "word_insertion": {
      "attempts": 20,
      "strictPositionLocalization": {
        "toleranceMorae": 0,
        "truePositivePositions": 13,
        "falsePositivePositions": 56,
        "falseNegativePositions": 7,
        "precision": 0.188406,
        "recall": 0.65,
        "f1": 0.292135
      },
      "withinOneMoraLocalization": {
        "toleranceMorae": 1,
        "truePositivePositions": 20,
        "falsePositivePositions": 49,
        "falseNegativePositions": 0,
        "precision": 0.289855,
        "recall": 1.0,
        "f1": 0.449438
      },
      "errorDetection": {
        "truePositives": 20,
        "falsePositives": 0,
        "falseNegatives": 0,
        "trueNegatives": 0,
        "precision": 1.0,
        "recall": 1.0,
        "f1": 1.0
      },
      "exactControlTranscription": {
        "attempts": 0,
        "exactMoraMatches": 0,
        "emptyTranscripts": 0,
        "moraErrorRate": null
      },
      "injectedVariantEvidence": {
        "errorAttempts": 20,
        "closerToInjectedReading": 18,
        "closerToExpectedTarget": 1,
        "equalDistance": 1,
        "closerToInjectedRate": 0.9
      }
    }
  },
  "byPersona": {
    "ao": {
      "attempts": 8,
      "strictPositionLocalization": {
        "toleranceMorae": 0,
        "truePositivePositions": 6,
        "falsePositivePositions": 43,
        "falseNegativePositions": 3,
        "precision": 0.122449,
        "recall": 0.666667,
        "f1": 0.206897
      },
      "withinOneMoraLocalization": {
        "toleranceMorae": 1,
        "truePositivePositions": 8,
        "falsePositivePositions": 41,
        "falseNegativePositions": 1,
        "precision": 0.163265,
        "recall": 0.888889,
        "f1": 0.275862
      },
      "errorDetection": {
        "truePositives": 6,
        "falsePositives": 2,
        "falseNegatives": 0,
        "trueNegatives": 0,
        "precision": 0.75,
        "recall": 1.0,
        "f1": 0.857143
      },
      "exactControlTranscription": {
        "attempts": 2,
        "exactMoraMatches": 0,
        "emptyTranscripts": 0,
        "moraErrorRate": 0.275862
      },
      "injectedVariantEvidence": {
        "errorAttempts": 6,
        "closerToInjectedReading": 2,
        "closerToExpectedTarget": 2,
        "equalDistance": 2,
        "closerToInjectedRate": 0.333333
      }
    },
    "aya": {
      "attempts": 8,
      "strictPositionLocalization": {
        "toleranceMorae": 0,
        "truePositivePositions": 7,
        "falsePositivePositions": 41,
        "falseNegativePositions": 2,
        "precision": 0.145833,
        "recall": 0.777778,
        "f1": 0.245614
      },
      "withinOneMoraLocalization": {
        "toleranceMorae": 1,
        "truePositivePositions": 8,
        "falsePositivePositions": 40,
        "falseNegativePositions": 1,
        "precision": 0.166667,
        "recall": 0.888889,
        "f1": 0.280702
      },
      "errorDetection": {
        "truePositives": 6,
        "falsePositives": 2,
        "falseNegatives": 0,
        "trueNegatives": 0,
        "precision": 0.75,
        "recall": 1.0,
        "f1": 0.857143
      },
      "exactControlTranscription": {
        "attempts": 2,
        "exactMoraMatches": 0,
        "emptyTranscripts": 0,
        "moraErrorRate": 0.275862
      },
      "injectedVariantEvidence": {
        "errorAttempts": 6,
        "closerToInjectedReading": 2,
        "closerToExpectedTarget": 2,
        "equalDistance": 2,
        "closerToInjectedRate": 0.333333
      }
    },
    "chiyo": {
      "attempts": 8,
      "strictPositionLocalization": {
        "toleranceMorae": 0,
        "truePositivePositions": 7,
        "falsePositivePositions": 39,
        "falseNegativePositions": 2,
        "precision": 0.152174,
        "recall": 0.777778,
        "f1": 0.254545
      },
      "withinOneMoraLocalization": {
        "toleranceMorae": 1,
        "truePositivePositions": 8,
        "falsePositivePositions": 38,
        "falseNegativePositions": 1,
        "precision": 0.173913,
        "recall": 0.888889,
        "f1": 0.290909
      },
      "errorDetection": {
        "truePositives": 6,
        "falsePositives": 2,
        "falseNegatives": 0,
        "trueNegatives": 0,
        "precision": 0.75,
        "recall": 1.0,
        "f1": 0.857143
      },
      "exactControlTranscription": {
        "attempts": 2,
        "exactMoraMatches": 0,
        "emptyTranscripts": 0,
        "moraErrorRate": 0.586207
      },
      "injectedVariantEvidence": {
        "errorAttempts": 6,
        "closerToInjectedReading": 3,
        "closerToExpectedTarget": 1,
        "equalDistance": 2,
        "closerToInjectedRate": 0.5
      }
    },
    "eri": {
      "attempts": 8,
      "strictPositionLocalization": {
        "toleranceMorae": 0,
        "truePositivePositions": 7,
        "falsePositivePositions": 24,
        "falseNegativePositions": 2,
        "precision": 0.225806,
        "recall": 0.777778,
        "f1": 0.35
      },
      "withinOneMoraLocalization": {
        "toleranceMorae": 1,
        "truePositivePositions": 8,
        "falsePositivePositions": 23,
        "falseNegativePositions": 1,
        "precision": 0.258065,
        "recall": 0.888889,
        "f1": 0.4
      },
      "errorDetection": {
        "truePositives": 6,
        "falsePositives": 2,
        "falseNegatives": 0,
        "trueNegatives": 0,
        "precision": 0.75,
        "recall": 1.0,
        "f1": 0.857143
      },
      "exactControlTranscription": {
        "attempts": 2,
        "exactMoraMatches": 0,
        "emptyTranscripts": 0,
        "moraErrorRate": 0.172414
      },
      "injectedVariantEvidence": {
        "errorAttempts": 6,
        "closerToInjectedReading": 1,
        "closerToExpectedTarget": 1,
        "equalDistance": 4,
        "closerToInjectedRate": 0.166667
      }
    },
    "fumi": {
      "attempts": 8,
      "strictPositionLocalization": {
        "toleranceMorae": 0,
        "truePositivePositions": 8,
        "falsePositivePositions": 61,
        "falseNegativePositions": 1,
        "precision": 0.115942,
        "recall": 0.888889,
        "f1": 0.205128
      },
      "withinOneMoraLocalization": {
        "toleranceMorae": 1,
        "truePositivePositions": 9,
        "falsePositivePositions": 60,
        "falseNegativePositions": 0,
        "precision": 0.130435,
        "recall": 1.0,
        "f1": 0.230769
      },
      "errorDetection": {
        "truePositives": 6,
        "falsePositives": 2,
        "falseNegatives": 0,
        "trueNegatives": 0,
        "precision": 0.75,
        "recall": 1.0,
        "f1": 0.857143
      },
      "exactControlTranscription": {
        "attempts": 2,
        "exactMoraMatches": 0,
        "emptyTranscripts": 0,
        "moraErrorRate": 0.344828
      },
      "injectedVariantEvidence": {
        "errorAttempts": 6,
        "closerToInjectedReading": 3,
        "closerToExpectedTarget": 0,
        "equalDistance": 3,
        "closerToInjectedRate": 0.5
      }
    },
    "gen": {
      "attempts": 8,
      "strictPositionLocalization": {
        "toleranceMorae": 0,
        "truePositivePositions": 8,
        "falsePositivePositions": 49,
        "falseNegativePositions": 1,
        "precision": 0.140351,
        "recall": 0.888889,
        "f1": 0.242424
      },
      "withinOneMoraLocalization": {
        "toleranceMorae": 1,
        "truePositivePositions": 9,
        "falsePositivePositions": 48,
        "falseNegativePositions": 0,
        "precision": 0.157895,
        "recall": 1.0,
        "f1": 0.272727
      },
      "errorDetection": {
        "truePositives": 6,
        "falsePositives": 2,
        "falseNegatives": 0,
        "trueNegatives": 0,
        "precision": 0.75,
        "recall": 1.0,
        "f1": 0.857143
      },
      "exactControlTranscription": {
        "attempts": 2,
        "exactMoraMatches": 0,
        "emptyTranscripts": 0,
        "moraErrorRate": 0.310345
      },
      "injectedVariantEvidence": {
        "errorAttempts": 6,
        "closerToInjectedReading": 3,
        "closerToExpectedTarget": 2,
        "equalDistance": 1,
        "closerToInjectedRate": 0.5
      }
    },
    "hiro": {
      "attempts": 8,
      "strictPositionLocalization": {
        "toleranceMorae": 0,
        "truePositivePositions": 7,
        "falsePositivePositions": 33,
        "falseNegativePositions": 2,
        "precision": 0.175,
        "recall": 0.777778,
        "f1": 0.285714
      },
      "withinOneMoraLocalization": {
        "toleranceMorae": 1,
        "truePositivePositions": 9,
        "falsePositivePositions": 31,
        "falseNegativePositions": 0,
        "precision": 0.225,
        "recall": 1.0,
        "f1": 0.367347
      },
      "errorDetection": {
        "truePositives": 6,
        "falsePositives": 1,
        "falseNegatives": 0,
        "trueNegatives": 1,
        "precision": 0.857143,
        "recall": 1.0,
        "f1": 0.923077
      },
      "exactControlTranscription": {
        "attempts": 2,
        "exactMoraMatches": 1,
        "emptyTranscripts": 0,
        "moraErrorRate": 0.103448
      },
      "injectedVariantEvidence": {
        "errorAttempts": 6,
        "closerToInjectedReading": 2,
        "closerToExpectedTarget": 2,
        "equalDistance": 2,
        "closerToInjectedRate": 0.333333
      }
    },
    "issei": {
      "attempts": 8,
      "strictPositionLocalization": {
        "toleranceMorae": 0,
        "truePositivePositions": 7,
        "falsePositivePositions": 40,
        "falseNegativePositions": 2,
        "precision": 0.148936,
        "recall": 0.777778,
        "f1": 0.25
      },
      "withinOneMoraLocalization": {
        "toleranceMorae": 1,
        "truePositivePositions": 9,
        "falsePositivePositions": 38,
        "falseNegativePositions": 0,
        "precision": 0.191489,
        "recall": 1.0,
        "f1": 0.321429
      },
      "errorDetection": {
        "truePositives": 6,
        "falsePositives": 2,
        "falseNegatives": 0,
        "trueNegatives": 0,
        "precision": 0.75,
        "recall": 1.0,
        "f1": 0.857143
      },
      "exactControlTranscription": {
        "attempts": 2,
        "exactMoraMatches": 0,
        "emptyTranscripts": 0,
        "moraErrorRate": 0.724138
      },
      "injectedVariantEvidence": {
        "errorAttempts": 6,
        "closerToInjectedReading": 4,
        "closerToExpectedTarget": 1,
        "equalDistance": 1,
        "closerToInjectedRate": 0.666667
      }
    },
    "jun": {
      "attempts": 8,
      "strictPositionLocalization": {
        "toleranceMorae": 0,
        "truePositivePositions": 7,
        "falsePositivePositions": 27,
        "falseNegativePositions": 2,
        "precision": 0.205882,
        "recall": 0.777778,
        "f1": 0.325581
      },
      "withinOneMoraLocalization": {
        "toleranceMorae": 1,
        "truePositivePositions": 8,
        "falsePositivePositions": 26,
        "falseNegativePositions": 1,
        "precision": 0.235294,
        "recall": 0.888889,
        "f1": 0.372093
      },
      "errorDetection": {
        "truePositives": 5,
        "falsePositives": 1,
        "falseNegatives": 1,
        "trueNegatives": 1,
        "precision": 0.833333,
        "recall": 0.833333,
        "f1": 0.833333
      },
      "exactControlTranscription": {
        "attempts": 2,
        "exactMoraMatches": 1,
        "emptyTranscripts": 0,
        "moraErrorRate": 0.137931
      },
      "injectedVariantEvidence": {
        "errorAttempts": 6,
        "closerToInjectedReading": 3,
        "closerToExpectedTarget": 2,
        "equalDistance": 1,
        "closerToInjectedRate": 0.5
      }
    },
    "kai": {
      "attempts": 8,
      "strictPositionLocalization": {
        "toleranceMorae": 0,
        "truePositivePositions": 8,
        "falsePositivePositions": 23,
        "falseNegativePositions": 1,
        "precision": 0.258065,
        "recall": 0.888889,
        "f1": 0.4
      },
      "withinOneMoraLocalization": {
        "toleranceMorae": 1,
        "truePositivePositions": 9,
        "falsePositivePositions": 22,
        "falseNegativePositions": 0,
        "precision": 0.290323,
        "recall": 1.0,
        "f1": 0.45
      },
      "errorDetection": {
        "truePositives": 6,
        "falsePositives": 2,
        "falseNegatives": 0,
        "trueNegatives": 0,
        "precision": 0.75,
        "recall": 1.0,
        "f1": 0.857143
      },
      "exactControlTranscription": {
        "attempts": 2,
        "exactMoraMatches": 0,
        "emptyTranscripts": 0,
        "moraErrorRate": 0.551724
      },
      "injectedVariantEvidence": {
        "errorAttempts": 6,
        "closerToInjectedReading": 4,
        "closerToExpectedTarget": 0,
        "equalDistance": 2,
        "closerToInjectedRate": 0.666667
      }
    },
    "keiko": {
      "attempts": 8,
      "strictPositionLocalization": {
        "toleranceMorae": 0,
        "truePositivePositions": 8,
        "falsePositivePositions": 37,
        "falseNegativePositions": 1,
        "precision": 0.177778,
        "recall": 0.888889,
        "f1": 0.296296
      },
      "withinOneMoraLocalization": {
        "toleranceMorae": 1,
        "truePositivePositions": 8,
        "falsePositivePositions": 37,
        "falseNegativePositions": 1,
        "precision": 0.177778,
        "recall": 0.888889,
        "f1": 0.296296
      },
      "errorDetection": {
        "truePositives": 6,
        "falsePositives": 1,
        "falseNegatives": 0,
        "trueNegatives": 1,
        "precision": 0.857143,
        "recall": 1.0,
        "f1": 0.923077
      },
      "exactControlTranscription": {
        "attempts": 2,
        "exactMoraMatches": 1,
        "emptyTranscripts": 0,
        "moraErrorRate": 0.103448
      },
      "injectedVariantEvidence": {
        "errorAttempts": 6,
        "closerToInjectedReading": 3,
        "closerToExpectedTarget": 1,
        "equalDistance": 2,
        "closerToInjectedRate": 0.5
      }
    },
    "makoto": {
      "attempts": 8,
      "strictPositionLocalization": {
        "toleranceMorae": 0,
        "truePositivePositions": 8,
        "falsePositivePositions": 25,
        "falseNegativePositions": 1,
        "precision": 0.242424,
        "recall": 0.888889,
        "f1": 0.380952
      },
      "withinOneMoraLocalization": {
        "toleranceMorae": 1,
        "truePositivePositions": 9,
        "falsePositivePositions": 24,
        "falseNegativePositions": 0,
        "precision": 0.272727,
        "recall": 1.0,
        "f1": 0.428571
      },
      "errorDetection": {
        "truePositives": 6,
        "falsePositives": 2,
        "falseNegatives": 0,
        "trueNegatives": 0,
        "precision": 0.75,
        "recall": 1.0,
        "f1": 0.857143
      },
      "exactControlTranscription": {
        "attempts": 2,
        "exactMoraMatches": 0,
        "emptyTranscripts": 0,
        "moraErrorRate": 0.241379
      },
      "injectedVariantEvidence": {
        "errorAttempts": 6,
        "closerToInjectedReading": 4,
        "closerToExpectedTarget": 1,
        "equalDistance": 1,
        "closerToInjectedRate": 0.666667
      }
    },
    "mio": {
      "attempts": 8,
      "strictPositionLocalization": {
        "toleranceMorae": 0,
        "truePositivePositions": 8,
        "falsePositivePositions": 52,
        "falseNegativePositions": 1,
        "precision": 0.133333,
        "recall": 0.888889,
        "f1": 0.231884
      },
      "withinOneMoraLocalization": {
        "toleranceMorae": 1,
        "truePositivePositions": 8,
        "falsePositivePositions": 52,
        "falseNegativePositions": 1,
        "precision": 0.133333,
        "recall": 0.888889,
        "f1": 0.231884
      },
      "errorDetection": {
        "truePositives": 6,
        "falsePositives": 2,
        "falseNegatives": 0,
        "trueNegatives": 0,
        "precision": 0.75,
        "recall": 1.0,
        "f1": 0.857143
      },
      "exactControlTranscription": {
        "attempts": 2,
        "exactMoraMatches": 0,
        "emptyTranscripts": 0,
        "moraErrorRate": 0.172414
      },
      "injectedVariantEvidence": {
        "errorAttempts": 6,
        "closerToInjectedReading": 3,
        "closerToExpectedTarget": 1,
        "equalDistance": 2,
        "closerToInjectedRate": 0.5
      }
    },
    "nami": {
      "attempts": 8,
      "strictPositionLocalization": {
        "toleranceMorae": 0,
        "truePositivePositions": 8,
        "falsePositivePositions": 62,
        "falseNegativePositions": 1,
        "precision": 0.114286,
        "recall": 0.888889,
        "f1": 0.202532
      },
      "withinOneMoraLocalization": {
        "toleranceMorae": 1,
        "truePositivePositions": 8,
        "falsePositivePositions": 62,
        "falseNegativePositions": 1,
        "precision": 0.114286,
        "recall": 0.888889,
        "f1": 0.202532
      },
      "errorDetection": {
        "truePositives": 6,
        "falsePositives": 2,
        "falseNegatives": 0,
        "trueNegatives": 0,
        "precision": 0.75,
        "recall": 1.0,
        "f1": 0.857143
      },
      "exactControlTranscription": {
        "attempts": 2,
        "exactMoraMatches": 0,
        "emptyTranscripts": 0,
        "moraErrorRate": 0.827586
      },
      "injectedVariantEvidence": {
        "errorAttempts": 6,
        "closerToInjectedReading": 4,
        "closerToExpectedTarget": 1,
        "equalDistance": 1,
        "closerToInjectedRate": 0.666667
      }
    },
    "osamu": {
      "attempts": 8,
      "strictPositionLocalization": {
        "toleranceMorae": 0,
        "truePositivePositions": 8,
        "falsePositivePositions": 32,
        "falseNegativePositions": 1,
        "precision": 0.2,
        "recall": 0.888889,
        "f1": 0.326531
      },
      "withinOneMoraLocalization": {
        "toleranceMorae": 1,
        "truePositivePositions": 9,
        "falsePositivePositions": 31,
        "falseNegativePositions": 0,
        "precision": 0.225,
        "recall": 1.0,
        "f1": 0.367347
      },
      "errorDetection": {
        "truePositives": 6,
        "falsePositives": 1,
        "falseNegatives": 0,
        "trueNegatives": 1,
        "precision": 0.857143,
        "recall": 1.0,
        "f1": 0.923077
      },
      "exactControlTranscription": {
        "attempts": 2,
        "exactMoraMatches": 1,
        "emptyTranscripts": 0,
        "moraErrorRate": 0.137931
      },
      "injectedVariantEvidence": {
        "errorAttempts": 6,
        "closerToInjectedReading": 3,
        "closerToExpectedTarget": 0,
        "equalDistance": 3,
        "closerToInjectedRate": 0.5
      }
    },
    "ren": {
      "attempts": 8,
      "strictPositionLocalization": {
        "toleranceMorae": 0,
        "truePositivePositions": 8,
        "falsePositivePositions": 26,
        "falseNegativePositions": 1,
        "precision": 0.235294,
        "recall": 0.888889,
        "f1": 0.372093
      },
      "withinOneMoraLocalization": {
        "toleranceMorae": 1,
        "truePositivePositions": 8,
        "falsePositivePositions": 26,
        "falseNegativePositions": 1,
        "precision": 0.235294,
        "recall": 0.888889,
        "f1": 0.372093
      },
      "errorDetection": {
        "truePositives": 6,
        "falsePositives": 2,
        "falseNegatives": 0,
        "trueNegatives": 0,
        "precision": 0.75,
        "recall": 1.0,
        "f1": 0.857143
      },
      "exactControlTranscription": {
        "attempts": 2,
        "exactMoraMatches": 0,
        "emptyTranscripts": 0,
        "moraErrorRate": 0.241379
      },
      "injectedVariantEvidence": {
        "errorAttempts": 6,
        "closerToInjectedReading": 2,
        "closerToExpectedTarget": 1,
        "equalDistance": 3,
        "closerToInjectedRate": 0.333333
      }
    },
    "risa": {
      "attempts": 8,
      "strictPositionLocalization": {
        "toleranceMorae": 0,
        "truePositivePositions": 8,
        "falsePositivePositions": 41,
        "falseNegativePositions": 1,
        "precision": 0.163265,
        "recall": 0.888889,
        "f1": 0.275862
      },
      "withinOneMoraLocalization": {
        "toleranceMorae": 1,
        "truePositivePositions": 9,
        "falsePositivePositions": 40,
        "falseNegativePositions": 0,
        "precision": 0.183673,
        "recall": 1.0,
        "f1": 0.310345
      },
      "errorDetection": {
        "truePositives": 6,
        "falsePositives": 2,
        "falseNegatives": 0,
        "trueNegatives": 0,
        "precision": 0.75,
        "recall": 1.0,
        "f1": 0.857143
      },
      "exactControlTranscription": {
        "attempts": 2,
        "exactMoraMatches": 0,
        "emptyTranscripts": 0,
        "moraErrorRate": 0.103448
      },
      "injectedVariantEvidence": {
        "errorAttempts": 6,
        "closerToInjectedReading": 3,
        "closerToExpectedTarget": 0,
        "equalDistance": 3,
        "closerToInjectedRate": 0.5
      }
    },
    "sota": {
      "attempts": 8,
      "strictPositionLocalization": {
        "toleranceMorae": 0,
        "truePositivePositions": 7,
        "falsePositivePositions": 46,
        "falseNegativePositions": 2,
        "precision": 0.132075,
        "recall": 0.777778,
        "f1": 0.225806
      },
      "withinOneMoraLocalization": {
        "toleranceMorae": 1,
        "truePositivePositions": 9,
        "falsePositivePositions": 44,
        "falseNegativePositions": 0,
        "precision": 0.169811,
        "recall": 1.0,
        "f1": 0.290323
      },
      "errorDetection": {
        "truePositives": 6,
        "falsePositives": 2,
        "falseNegatives": 0,
        "trueNegatives": 0,
        "precision": 0.75,
        "recall": 1.0,
        "f1": 0.857143
      },
      "exactControlTranscription": {
        "attempts": 2,
        "exactMoraMatches": 0,
        "emptyTranscripts": 0,
        "moraErrorRate": 1.689655
      },
      "injectedVariantEvidence": {
        "errorAttempts": 6,
        "closerToInjectedReading": 1,
        "closerToExpectedTarget": 1,
        "equalDistance": 4,
        "closerToInjectedRate": 0.166667
      }
    },
    "taku": {
      "attempts": 8,
      "strictPositionLocalization": {
        "toleranceMorae": 0,
        "truePositivePositions": 9,
        "falsePositivePositions": 24,
        "falseNegativePositions": 0,
        "precision": 0.272727,
        "recall": 1.0,
        "f1": 0.428571
      },
      "withinOneMoraLocalization": {
        "toleranceMorae": 1,
        "truePositivePositions": 9,
        "falsePositivePositions": 24,
        "falseNegativePositions": 0,
        "precision": 0.272727,
        "recall": 1.0,
        "f1": 0.428571
      },
      "errorDetection": {
        "truePositives": 6,
        "falsePositives": 2,
        "falseNegatives": 0,
        "trueNegatives": 0,
        "precision": 0.75,
        "recall": 1.0,
        "f1": 0.857143
      },
      "exactControlTranscription": {
        "attempts": 2,
        "exactMoraMatches": 0,
        "emptyTranscripts": 0,
        "moraErrorRate": 0.172414
      },
      "injectedVariantEvidence": {
        "errorAttempts": 6,
        "closerToInjectedReading": 3,
        "closerToExpectedTarget": 0,
        "equalDistance": 3,
        "closerToInjectedRate": 0.5
      }
    },
    "yui": {
      "attempts": 8,
      "strictPositionLocalization": {
        "toleranceMorae": 0,
        "truePositivePositions": 9,
        "falsePositivePositions": 26,
        "falseNegativePositions": 0,
        "precision": 0.257143,
        "recall": 1.0,
        "f1": 0.409091
      },
      "withinOneMoraLocalization": {
        "toleranceMorae": 1,
        "truePositivePositions": 9,
        "falsePositivePositions": 26,
        "falseNegativePositions": 0,
        "precision": 0.257143,
        "recall": 1.0,
        "f1": 0.409091
      },
      "errorDetection": {
        "truePositives": 6,
        "falsePositives": 1,
        "falseNegatives": 0,
        "trueNegatives": 1,
        "precision": 0.857143,
        "recall": 1.0,
        "f1": 0.923077
      },
      "exactControlTranscription": {
        "attempts": 2,
        "exactMoraMatches": 1,
        "emptyTranscripts": 0,
        "moraErrorRate": 0.137931
      },
      "injectedVariantEvidence": {
        "errorAttempts": 6,
        "closerToInjectedReading": 4,
        "closerToExpectedTarget": 0,
        "equalDistance": 2,
        "closerToInjectedRate": 0.666667
      }
    }
  }
}
Wrote results/cafe-native-single-thread-b.json
