Using raw vosk-model-small-ja-0.22 with one fresh model per condition stream; evaluating 160 sources x 1 conditions
[1/160] hvac_hum / ao / weather-exact
[2/160] hvac_hum / ao / job-exact
[3/160] hvac_hum / ao / coffee-long-vowel-deletion
[4/160] hvac_hum / ao / station-small-tsu-deletion
[5/160] hvac_hum / ao / repeat-mora-deletion
[6/160] hvac_hum / ao / job-voicing-substitution
[7/160] hvac_hum / ao / reservation-insertion
[8/160] hvac_hum / ao / explain-lexical-substitution
[9/160] hvac_hum / ren / weather-exact
[10/160] hvac_hum / ren / job-exact
[11/160] hvac_hum / ren / coffee-long-vowel-deletion
[12/160] hvac_hum / ren / station-small-tsu-deletion
[13/160] hvac_hum / ren / repeat-mora-deletion
[14/160] hvac_hum / ren / job-voicing-substitution
[15/160] hvac_hum / ren / reservation-insertion
[16/160] hvac_hum / ren / explain-lexical-substitution
[17/160] hvac_hum / mio / weather-exact
[18/160] hvac_hum / mio / job-exact
[19/160] hvac_hum / mio / coffee-long-vowel-deletion
[20/160] hvac_hum / mio / station-small-tsu-deletion
[21/160] hvac_hum / mio / repeat-mora-deletion
[22/160] hvac_hum / mio / job-voicing-substitution
[23/160] hvac_hum / mio / reservation-insertion
[24/160] hvac_hum / mio / explain-lexical-substitution
[25/160] hvac_hum / kai / weather-exact
[26/160] hvac_hum / kai / job-exact
[27/160] hvac_hum / kai / coffee-long-vowel-deletion
[28/160] hvac_hum / kai / station-small-tsu-deletion
[29/160] hvac_hum / kai / repeat-mora-deletion
[30/160] hvac_hum / kai / job-voicing-substitution
[31/160] hvac_hum / kai / reservation-insertion
[32/160] hvac_hum / kai / explain-lexical-substitution
[33/160] hvac_hum / aya / weather-exact
[34/160] hvac_hum / aya / job-exact
[35/160] hvac_hum / aya / coffee-long-vowel-deletion
[36/160] hvac_hum / aya / station-small-tsu-deletion
[37/160] hvac_hum / aya / repeat-mora-deletion
[38/160] hvac_hum / aya / job-voicing-substitution
[39/160] hvac_hum / aya / reservation-insertion
[40/160] hvac_hum / aya / explain-lexical-substitution
[41/160] hvac_hum / jun / weather-exact
[42/160] hvac_hum / jun / job-exact
[43/160] hvac_hum / jun / coffee-long-vowel-deletion
[44/160] hvac_hum / jun / station-small-tsu-deletion
[45/160] hvac_hum / jun / repeat-mora-deletion
[46/160] hvac_hum / jun / job-voicing-substitution
[47/160] hvac_hum / jun / reservation-insertion
[48/160] hvac_hum / jun / explain-lexical-substitution
[49/160] hvac_hum / nami / weather-exact
[50/160] hvac_hum / nami / job-exact
[51/160] hvac_hum / nami / coffee-long-vowel-deletion
[52/160] hvac_hum / nami / station-small-tsu-deletion
[53/160] hvac_hum / nami / repeat-mora-deletion
[54/160] hvac_hum / nami / job-voicing-substitution
[55/160] hvac_hum / nami / reservation-insertion
[56/160] hvac_hum / nami / explain-lexical-substitution
[57/160] hvac_hum / sota / weather-exact
[58/160] hvac_hum / sota / job-exact
[59/160] hvac_hum / sota / coffee-long-vowel-deletion
[60/160] hvac_hum / sota / station-small-tsu-deletion
[61/160] hvac_hum / sota / repeat-mora-deletion
[62/160] hvac_hum / sota / job-voicing-substitution
[63/160] hvac_hum / sota / reservation-insertion
[64/160] hvac_hum / sota / explain-lexical-substitution
[65/160] hvac_hum / eri / weather-exact
[66/160] hvac_hum / eri / job-exact
[67/160] hvac_hum / eri / coffee-long-vowel-deletion
[68/160] hvac_hum / eri / station-small-tsu-deletion
[69/160] hvac_hum / eri / repeat-mora-deletion
[70/160] hvac_hum / eri / job-voicing-substitution
[71/160] hvac_hum / eri / reservation-insertion
[72/160] hvac_hum / eri / explain-lexical-substitution
[73/160] hvac_hum / taku / weather-exact
[74/160] hvac_hum / taku / job-exact
[75/160] hvac_hum / taku / coffee-long-vowel-deletion
[76/160] hvac_hum / taku / station-small-tsu-deletion
[77/160] hvac_hum / taku / repeat-mora-deletion
[78/160] hvac_hum / taku / job-voicing-substitution
[79/160] hvac_hum / taku / reservation-insertion
[80/160] hvac_hum / taku / explain-lexical-substitution
[81/160] hvac_hum / risa / weather-exact
[82/160] hvac_hum / risa / job-exact
[83/160] hvac_hum / risa / coffee-long-vowel-deletion
[84/160] hvac_hum / risa / station-small-tsu-deletion
[85/160] hvac_hum / risa / repeat-mora-deletion
[86/160] hvac_hum / risa / job-voicing-substitution
[87/160] hvac_hum / risa / reservation-insertion
[88/160] hvac_hum / risa / explain-lexical-substitution
[89/160] hvac_hum / makoto / weather-exact
[90/160] hvac_hum / makoto / job-exact
[91/160] hvac_hum / makoto / coffee-long-vowel-deletion
[92/160] hvac_hum / makoto / station-small-tsu-deletion
[93/160] hvac_hum / makoto / repeat-mora-deletion
[94/160] hvac_hum / makoto / job-voicing-substitution
[95/160] hvac_hum / makoto / reservation-insertion
[96/160] hvac_hum / makoto / explain-lexical-substitution
[97/160] hvac_hum / keiko / weather-exact
[98/160] hvac_hum / keiko / job-exact
[99/160] hvac_hum / keiko / coffee-long-vowel-deletion
[100/160] hvac_hum / keiko / station-small-tsu-deletion
[101/160] hvac_hum / keiko / repeat-mora-deletion
[102/160] hvac_hum / keiko / job-voicing-substitution
[103/160] hvac_hum / keiko / reservation-insertion
[104/160] hvac_hum / keiko / explain-lexical-substitution
[105/160] hvac_hum / osamu / weather-exact
[106/160] hvac_hum / osamu / job-exact
[107/160] hvac_hum / osamu / coffee-long-vowel-deletion
[108/160] hvac_hum / osamu / station-small-tsu-deletion
[109/160] hvac_hum / osamu / repeat-mora-deletion
[110/160] hvac_hum / osamu / job-voicing-substitution
[111/160] hvac_hum / osamu / reservation-insertion
[112/160] hvac_hum / osamu / explain-lexical-substitution
[113/160] hvac_hum / yui / weather-exact
[114/160] hvac_hum / yui / job-exact
[115/160] hvac_hum / yui / coffee-long-vowel-deletion
[116/160] hvac_hum / yui / station-small-tsu-deletion
[117/160] hvac_hum / yui / repeat-mora-deletion
[118/160] hvac_hum / yui / job-voicing-substitution
[119/160] hvac_hum / yui / reservation-insertion
[120/160] hvac_hum / yui / explain-lexical-substitution
[121/160] hvac_hum / hiro / weather-exact
[122/160] hvac_hum / hiro / job-exact
[123/160] hvac_hum / hiro / coffee-long-vowel-deletion
[124/160] hvac_hum / hiro / station-small-tsu-deletion
[125/160] hvac_hum / hiro / repeat-mora-deletion
[126/160] hvac_hum / hiro / job-voicing-substitution
[127/160] hvac_hum / hiro / reservation-insertion
[128/160] hvac_hum / hiro / explain-lexical-substitution
[129/160] hvac_hum / fumi / weather-exact
[130/160] hvac_hum / fumi / job-exact
[131/160] hvac_hum / fumi / coffee-long-vowel-deletion
[132/160] hvac_hum / fumi / station-small-tsu-deletion
[133/160] hvac_hum / fumi / repeat-mora-deletion
[134/160] hvac_hum / fumi / job-voicing-substitution
[135/160] hvac_hum / fumi / reservation-insertion
[136/160] hvac_hum / fumi / explain-lexical-substitution
[137/160] hvac_hum / gen / weather-exact
[138/160] hvac_hum / gen / job-exact
[139/160] hvac_hum / gen / coffee-long-vowel-deletion
[140/160] hvac_hum / gen / station-small-tsu-deletion
[141/160] hvac_hum / gen / repeat-mora-deletion
[142/160] hvac_hum / gen / job-voicing-substitution
[143/160] hvac_hum / gen / reservation-insertion
[144/160] hvac_hum / gen / explain-lexical-substitution
[145/160] hvac_hum / chiyo / weather-exact
[146/160] hvac_hum / chiyo / job-exact
[147/160] hvac_hum / chiyo / coffee-long-vowel-deletion
[148/160] hvac_hum / chiyo / station-small-tsu-deletion
[149/160] hvac_hum / chiyo / repeat-mora-deletion
[150/160] hvac_hum / chiyo / job-voicing-substitution
[151/160] hvac_hum / chiyo / reservation-insertion
[152/160] hvac_hum / chiyo / explain-lexical-substitution
[153/160] hvac_hum / issei / weather-exact
[154/160] hvac_hum / issei / job-exact
[155/160] hvac_hum / issei / coffee-long-vowel-deletion
[156/160] hvac_hum / issei / station-small-tsu-deletion
[157/160] hvac_hum / issei / repeat-mora-deletion
[158/160] hvac_hum / issei / job-voicing-substitution
[159/160] hvac_hum / issei / reservation-insertion
[160/160] hvac_hum / issei / explain-lexical-substitution
{
  "allConditions": {
    "attempts": 160,
    "strictPositionLocalization": {
      "toleranceMorae": 0,
      "truePositivePositions": 146,
      "falsePositivePositions": 98,
      "falseNegativePositions": 34,
      "precision": 0.598361,
      "recall": 0.811111,
      "f1": 0.688679
    },
    "withinOneMoraLocalization": {
      "toleranceMorae": 1,
      "truePositivePositions": 147,
      "falsePositivePositions": 97,
      "falseNegativePositions": 33,
      "precision": 0.602459,
      "recall": 0.816667,
      "f1": 0.693396
    },
    "errorDetection": {
      "truePositives": 91,
      "falsePositives": 8,
      "falseNegatives": 29,
      "trueNegatives": 32,
      "precision": 0.919192,
      "recall": 0.758333,
      "f1": 0.83105
    },
    "exactControlTranscription": {
      "attempts": 40,
      "exactMoraMatches": 32,
      "emptyTranscripts": 0,
      "moraErrorRate": 0.013793
    },
    "injectedVariantEvidence": {
      "errorAttempts": 120,
      "closerToInjectedReading": 67,
      "closerToExpectedTarget": 33,
      "equalDistance": 20,
      "closerToInjectedRate": 0.558333
    }
  },
  "cleanOnly": {
    "attempts": 0,
    "strictPositionLocalization": {
      "toleranceMorae": 0,
      "truePositivePositions": 0,
      "falsePositivePositions": 0,
      "falseNegativePositions": 0,
      "precision": null,
      "recall": null,
      "f1": null
    },
    "withinOneMoraLocalization": {
      "toleranceMorae": 1,
      "truePositivePositions": 0,
      "falsePositivePositions": 0,
      "falseNegativePositions": 0,
      "precision": null,
      "recall": null,
      "f1": null
    },
    "errorDetection": {
      "truePositives": 0,
      "falsePositives": 0,
      "falseNegatives": 0,
      "trueNegatives": 0,
      "precision": null,
      "recall": null,
      "f1": null
    },
    "exactControlTranscription": {
      "attempts": 0,
      "exactMoraMatches": 0,
      "emptyTranscripts": 0,
      "moraErrorRate": null
    },
    "injectedVariantEvidence": {
      "errorAttempts": 0,
      "closerToInjectedReading": 0,
      "closerToExpectedTarget": 0,
      "equalDistance": 0,
      "closerToInjectedRate": null
    }
  },
  "byAugmentation": {
    "hvac_hum": {
      "attempts": 160,
      "strictPositionLocalization": {
        "toleranceMorae": 0,
        "truePositivePositions": 146,
        "falsePositivePositions": 98,
        "falseNegativePositions": 34,
        "precision": 0.598361,
        "recall": 0.811111,
        "f1": 0.688679
      },
      "withinOneMoraLocalization": {
        "toleranceMorae": 1,
        "truePositivePositions": 147,
        "falsePositivePositions": 97,
        "falseNegativePositions": 33,
        "precision": 0.602459,
        "recall": 0.816667,
        "f1": 0.693396
      },
      "errorDetection": {
        "truePositives": 91,
        "falsePositives": 8,
        "falseNegatives": 29,
        "trueNegatives": 32,
        "precision": 0.919192,
        "recall": 0.758333,
        "f1": 0.83105
      },
      "exactControlTranscription": {
        "attempts": 40,
        "exactMoraMatches": 32,
        "emptyTranscripts": 0,
        "moraErrorRate": 0.013793
      },
      "injectedVariantEvidence": {
        "errorAttempts": 120,
        "closerToInjectedReading": 67,
        "closerToExpectedTarget": 33,
        "equalDistance": 20,
        "closerToInjectedRate": 0.558333
      }
    }
  },
  "byErrorKind": {
    "exact": {
      "attempts": 40,
      "strictPositionLocalization": {
        "toleranceMorae": 0,
        "truePositivePositions": 0,
        "falsePositivePositions": 8,
        "falseNegativePositions": 0,
        "precision": 0.0,
        "recall": null,
        "f1": null
      },
      "withinOneMoraLocalization": {
        "toleranceMorae": 1,
        "truePositivePositions": 0,
        "falsePositivePositions": 8,
        "falseNegativePositions": 0,
        "precision": 0.0,
        "recall": null,
        "f1": null
      },
      "errorDetection": {
        "truePositives": 0,
        "falsePositives": 8,
        "falseNegatives": 0,
        "trueNegatives": 32,
        "precision": 0.0,
        "recall": null,
        "f1": null
      },
      "exactControlTranscription": {
        "attempts": 40,
        "exactMoraMatches": 32,
        "emptyTranscripts": 0,
        "moraErrorRate": 0.013793
      },
      "injectedVariantEvidence": {
        "errorAttempts": 0,
        "closerToInjectedReading": 0,
        "closerToExpectedTarget": 0,
        "equalDistance": 0,
        "closerToInjectedRate": null
      }
    },
    "lexical_substitution": {
      "attempts": 20,
      "strictPositionLocalization": {
        "toleranceMorae": 0,
        "truePositivePositions": 80,
        "falsePositivePositions": 22,
        "falseNegativePositions": 0,
        "precision": 0.784314,
        "recall": 1.0,
        "f1": 0.879121
      },
      "withinOneMoraLocalization": {
        "toleranceMorae": 1,
        "truePositivePositions": 80,
        "falsePositivePositions": 22,
        "falseNegativePositions": 0,
        "precision": 0.784314,
        "recall": 1.0,
        "f1": 0.879121
      },
      "errorDetection": {
        "truePositives": 20,
        "falsePositives": 0,
        "falseNegatives": 0,
        "trueNegatives": 0,
        "precision": 1.0,
        "recall": 1.0,
        "f1": 1.0
      },
      "exactControlTranscription": {
        "attempts": 0,
        "exactMoraMatches": 0,
        "emptyTranscripts": 0,
        "moraErrorRate": null
      },
      "injectedVariantEvidence": {
        "errorAttempts": 20,
        "closerToInjectedReading": 20,
        "closerToExpectedTarget": 0,
        "equalDistance": 0,
        "closerToInjectedRate": 1.0
      }
    },
    "long_vowel_deletion": {
      "attempts": 20,
      "strictPositionLocalization": {
        "toleranceMorae": 0,
        "truePositivePositions": 3,
        "falsePositivePositions": 11,
        "falseNegativePositions": 17,
        "precision": 0.214286,
        "recall": 0.15,
        "f1": 0.176471
      },
      "withinOneMoraLocalization": {
        "toleranceMorae": 1,
        "truePositivePositions": 3,
        "falsePositivePositions": 11,
        "falseNegativePositions": 17,
        "precision": 0.214286,
        "recall": 0.15,
        "f1": 0.176471
      },
      "errorDetection": {
        "truePositives": 4,
        "falsePositives": 0,
        "falseNegatives": 16,
        "trueNegatives": 0,
        "precision": 1.0,
        "recall": 0.2,
        "f1": 0.333333
      },
      "exactControlTranscription": {
        "attempts": 0,
        "exactMoraMatches": 0,
        "emptyTranscripts": 0,
        "moraErrorRate": null
      },
      "injectedVariantEvidence": {
        "errorAttempts": 20,
        "closerToInjectedReading": 3,
        "closerToExpectedTarget": 17,
        "equalDistance": 0,
        "closerToInjectedRate": 0.15
      }
    },
    "small_tsu_deletion": {
      "attempts": 40,
      "strictPositionLocalization": {
        "toleranceMorae": 0,
        "truePositivePositions": 40,
        "falsePositivePositions": 50,
        "falseNegativePositions": 0,
        "precision": 0.444444,
        "recall": 1.0,
        "f1": 0.615385
      },
      "withinOneMoraLocalization": {
        "toleranceMorae": 1,
        "truePositivePositions": 40,
        "falsePositivePositions": 50,
        "falseNegativePositions": 0,
        "precision": 0.444444,
        "recall": 1.0,
        "f1": 0.615385
      },
      "errorDetection": {
        "truePositives": 40,
        "falsePositives": 0,
        "falseNegatives": 0,
        "trueNegatives": 0,
        "precision": 1.0,
        "recall": 1.0,
        "f1": 1.0
      },
      "exactControlTranscription": {
        "attempts": 0,
        "exactMoraMatches": 0,
        "emptyTranscripts": 0,
        "moraErrorRate": null
      },
      "injectedVariantEvidence": {
        "errorAttempts": 40,
        "closerToInjectedReading": 20,
        "closerToExpectedTarget": 0,
        "equalDistance": 20,
        "closerToInjectedRate": 0.5
      }
    },
    "voicing_substitution": {
      "attempts": 20,
      "strictPositionLocalization": {
        "toleranceMorae": 0,
        "truePositivePositions": 4,
        "falsePositivePositions": 4,
        "falseNegativePositions": 16,
        "precision": 0.5,
        "recall": 0.2,
        "f1": 0.285714
      },
      "withinOneMoraLocalization": {
        "toleranceMorae": 1,
        "truePositivePositions": 4,
        "falsePositivePositions": 4,
        "falseNegativePositions": 16,
        "precision": 0.5,
        "recall": 0.2,
        "f1": 0.285714
      },
      "errorDetection": {
        "truePositives": 7,
        "falsePositives": 0,
        "falseNegatives": 13,
        "trueNegatives": 0,
        "precision": 1.0,
        "recall": 0.35,
        "f1": 0.518519
      },
      "exactControlTranscription": {
        "attempts": 0,
        "exactMoraMatches": 0,
        "emptyTranscripts": 0,
        "moraErrorRate": null
      },
      "injectedVariantEvidence": {
        "errorAttempts": 20,
        "closerToInjectedReading": 4,
        "closerToExpectedTarget": 16,
        "equalDistance": 0,
        "closerToInjectedRate": 0.2
      }
    },
    "word_insertion": {
      "attempts": 20,
      "strictPositionLocalization": {
        "toleranceMorae": 0,
        "truePositivePositions": 19,
        "falsePositivePositions": 3,
        "falseNegativePositions": 1,
        "precision": 0.863636,
        "recall": 0.95,
        "f1": 0.904762
      },
      "withinOneMoraLocalization": {
        "toleranceMorae": 1,
        "truePositivePositions": 20,
        "falsePositivePositions": 2,
        "falseNegativePositions": 0,
        "precision": 0.909091,
        "recall": 1.0,
        "f1": 0.952381
      },
      "errorDetection": {
        "truePositives": 20,
        "falsePositives": 0,
        "falseNegatives": 0,
        "trueNegatives": 0,
        "precision": 1.0,
        "recall": 1.0,
        "f1": 1.0
      },
      "exactControlTranscription": {
        "attempts": 0,
        "exactMoraMatches": 0,
        "emptyTranscripts": 0,
        "moraErrorRate": null
      },
      "injectedVariantEvidence": {
        "errorAttempts": 20,
        "closerToInjectedReading": 20,
        "closerToExpectedTarget": 0,
        "equalDistance": 0,
        "closerToInjectedRate": 1.0
      }
    }
  },
  "byPersona": {
    "ao": {
      "attempts": 8,
      "strictPositionLocalization": {
        "toleranceMorae": 0,
        "truePositivePositions": 6,
        "falsePositivePositions": 6,
        "falseNegativePositions": 3,
        "precision": 0.5,
        "recall": 0.666667,
        "f1": 0.571429
      },
      "withinOneMoraLocalization": {
        "toleranceMorae": 1,
        "truePositivePositions": 7,
        "falsePositivePositions": 5,
        "falseNegativePositions": 2,
        "precision": 0.583333,
        "recall": 0.777778,
        "f1": 0.666667
      },
      "errorDetection": {
        "truePositives": 4,
        "falsePositives": 1,
        "falseNegatives": 2,
        "trueNegatives": 1,
        "precision": 0.8,
        "recall": 0.666667,
        "f1": 0.727273
      },
      "exactControlTranscription": {
        "attempts": 2,
        "exactMoraMatches": 1,
        "emptyTranscripts": 0,
        "moraErrorRate": 0.034483
      },
      "injectedVariantEvidence": {
        "errorAttempts": 6,
        "closerToInjectedReading": 3,
        "closerToExpectedTarget": 2,
        "equalDistance": 1,
        "closerToInjectedRate": 0.5
      }
    },
    "aya": {
      "attempts": 8,
      "strictPositionLocalization": {
        "toleranceMorae": 0,
        "truePositivePositions": 7,
        "falsePositivePositions": 5,
        "falseNegativePositions": 2,
        "precision": 0.583333,
        "recall": 0.777778,
        "f1": 0.666667
      },
      "withinOneMoraLocalization": {
        "toleranceMorae": 1,
        "truePositivePositions": 7,
        "falsePositivePositions": 5,
        "falseNegativePositions": 2,
        "precision": 0.583333,
        "recall": 0.777778,
        "f1": 0.666667
      },
      "errorDetection": {
        "truePositives": 4,
        "falsePositives": 0,
        "falseNegatives": 2,
        "trueNegatives": 2,
        "precision": 1.0,
        "recall": 0.666667,
        "f1": 0.8
      },
      "exactControlTranscription": {
        "attempts": 2,
        "exactMoraMatches": 2,
        "emptyTranscripts": 0,
        "moraErrorRate": 0.0
      },
      "injectedVariantEvidence": {
        "errorAttempts": 6,
        "closerToInjectedReading": 3,
        "closerToExpectedTarget": 2,
        "equalDistance": 1,
        "closerToInjectedRate": 0.5
      }
    },
    "chiyo": {
      "attempts": 8,
      "strictPositionLocalization": {
        "toleranceMorae": 0,
        "truePositivePositions": 8,
        "falsePositivePositions": 5,
        "falseNegativePositions": 1,
        "precision": 0.615385,
        "recall": 0.888889,
        "f1": 0.727273
      },
      "withinOneMoraLocalization": {
        "toleranceMorae": 1,
        "truePositivePositions": 8,
        "falsePositivePositions": 5,
        "falseNegativePositions": 1,
        "precision": 0.615385,
        "recall": 0.888889,
        "f1": 0.727273
      },
      "errorDetection": {
        "truePositives": 5,
        "falsePositives": 0,
        "falseNegatives": 1,
        "trueNegatives": 2,
        "precision": 1.0,
        "recall": 0.833333,
        "f1": 0.909091
      },
      "exactControlTranscription": {
        "attempts": 2,
        "exactMoraMatches": 2,
        "emptyTranscripts": 0,
        "moraErrorRate": 0.0
      },
      "injectedVariantEvidence": {
        "errorAttempts": 6,
        "closerToInjectedReading": 4,
        "closerToExpectedTarget": 1,
        "equalDistance": 1,
        "closerToInjectedRate": 0.666667
      }
    },
    "eri": {
      "attempts": 8,
      "strictPositionLocalization": {
        "toleranceMorae": 0,
        "truePositivePositions": 8,
        "falsePositivePositions": 11,
        "falseNegativePositions": 1,
        "precision": 0.421053,
        "recall": 0.888889,
        "f1": 0.571429
      },
      "withinOneMoraLocalization": {
        "toleranceMorae": 1,
        "truePositivePositions": 8,
        "falsePositivePositions": 11,
        "falseNegativePositions": 1,
        "precision": 0.421053,
        "recall": 0.888889,
        "f1": 0.571429
      },
      "errorDetection": {
        "truePositives": 6,
        "falsePositives": 0,
        "falseNegatives": 0,
        "trueNegatives": 2,
        "precision": 1.0,
        "recall": 1.0,
        "f1": 1.0
      },
      "exactControlTranscription": {
        "attempts": 2,
        "exactMoraMatches": 2,
        "emptyTranscripts": 0,
        "moraErrorRate": 0.0
      },
      "injectedVariantEvidence": {
        "errorAttempts": 6,
        "closerToInjectedReading": 4,
        "closerToExpectedTarget": 1,
        "equalDistance": 1,
        "closerToInjectedRate": 0.666667
      }
    },
    "fumi": {
      "attempts": 8,
      "strictPositionLocalization": {
        "toleranceMorae": 0,
        "truePositivePositions": 8,
        "falsePositivePositions": 4,
        "falseNegativePositions": 1,
        "precision": 0.666667,
        "recall": 0.888889,
        "f1": 0.761905
      },
      "withinOneMoraLocalization": {
        "toleranceMorae": 1,
        "truePositivePositions": 8,
        "falsePositivePositions": 4,
        "falseNegativePositions": 1,
        "precision": 0.666667,
        "recall": 0.888889,
        "f1": 0.761905
      },
      "errorDetection": {
        "truePositives": 5,
        "falsePositives": 0,
        "falseNegatives": 1,
        "trueNegatives": 2,
        "precision": 1.0,
        "recall": 0.833333,
        "f1": 0.909091
      },
      "exactControlTranscription": {
        "attempts": 2,
        "exactMoraMatches": 2,
        "emptyTranscripts": 0,
        "moraErrorRate": 0.0
      },
      "injectedVariantEvidence": {
        "errorAttempts": 6,
        "closerToInjectedReading": 4,
        "closerToExpectedTarget": 1,
        "equalDistance": 1,
        "closerToInjectedRate": 0.666667
      }
    },
    "gen": {
      "attempts": 8,
      "strictPositionLocalization": {
        "toleranceMorae": 0,
        "truePositivePositions": 9,
        "falsePositivePositions": 5,
        "falseNegativePositions": 0,
        "precision": 0.642857,
        "recall": 1.0,
        "f1": 0.782609
      },
      "withinOneMoraLocalization": {
        "toleranceMorae": 1,
        "truePositivePositions": 9,
        "falsePositivePositions": 5,
        "falseNegativePositions": 0,
        "precision": 0.642857,
        "recall": 1.0,
        "f1": 0.782609
      },
      "errorDetection": {
        "truePositives": 6,
        "falsePositives": 1,
        "falseNegatives": 0,
        "trueNegatives": 1,
        "precision": 0.857143,
        "recall": 1.0,
        "f1": 0.923077
      },
      "exactControlTranscription": {
        "attempts": 2,
        "exactMoraMatches": 1,
        "emptyTranscripts": 0,
        "moraErrorRate": 0.034483
      },
      "injectedVariantEvidence": {
        "errorAttempts": 6,
        "closerToInjectedReading": 5,
        "closerToExpectedTarget": 0,
        "equalDistance": 1,
        "closerToInjectedRate": 0.833333
      }
    },
    "hiro": {
      "attempts": 8,
      "strictPositionLocalization": {
        "toleranceMorae": 0,
        "truePositivePositions": 7,
        "falsePositivePositions": 3,
        "falseNegativePositions": 2,
        "precision": 0.7,
        "recall": 0.777778,
        "f1": 0.736842
      },
      "withinOneMoraLocalization": {
        "toleranceMorae": 1,
        "truePositivePositions": 7,
        "falsePositivePositions": 3,
        "falseNegativePositions": 2,
        "precision": 0.7,
        "recall": 0.777778,
        "f1": 0.736842
      },
      "errorDetection": {
        "truePositives": 4,
        "falsePositives": 0,
        "falseNegatives": 2,
        "trueNegatives": 2,
        "precision": 1.0,
        "recall": 0.666667,
        "f1": 0.8
      },
      "exactControlTranscription": {
        "attempts": 2,
        "exactMoraMatches": 2,
        "emptyTranscripts": 0,
        "moraErrorRate": 0.0
      },
      "injectedVariantEvidence": {
        "errorAttempts": 6,
        "closerToInjectedReading": 3,
        "closerToExpectedTarget": 2,
        "equalDistance": 1,
        "closerToInjectedRate": 0.5
      }
    },
    "issei": {
      "attempts": 8,
      "strictPositionLocalization": {
        "toleranceMorae": 0,
        "truePositivePositions": 7,
        "falsePositivePositions": 6,
        "falseNegativePositions": 2,
        "precision": 0.538462,
        "recall": 0.777778,
        "f1": 0.636364
      },
      "withinOneMoraLocalization": {
        "toleranceMorae": 1,
        "truePositivePositions": 7,
        "falsePositivePositions": 6,
        "falseNegativePositions": 2,
        "precision": 0.538462,
        "recall": 0.777778,
        "f1": 0.636364
      },
      "errorDetection": {
        "truePositives": 4,
        "falsePositives": 1,
        "falseNegatives": 2,
        "trueNegatives": 1,
        "precision": 0.8,
        "recall": 0.666667,
        "f1": 0.727273
      },
      "exactControlTranscription": {
        "attempts": 2,
        "exactMoraMatches": 1,
        "emptyTranscripts": 0,
        "moraErrorRate": 0.034483
      },
      "injectedVariantEvidence": {
        "errorAttempts": 6,
        "closerToInjectedReading": 4,
        "closerToExpectedTarget": 2,
        "equalDistance": 0,
        "closerToInjectedRate": 0.666667
      }
    },
    "jun": {
      "attempts": 8,
      "strictPositionLocalization": {
        "toleranceMorae": 0,
        "truePositivePositions": 7,
        "falsePositivePositions": 4,
        "falseNegativePositions": 2,
        "precision": 0.636364,
        "recall": 0.777778,
        "f1": 0.7
      },
      "withinOneMoraLocalization": {
        "toleranceMorae": 1,
        "truePositivePositions": 7,
        "falsePositivePositions": 4,
        "falseNegativePositions": 2,
        "precision": 0.636364,
        "recall": 0.777778,
        "f1": 0.7
      },
      "errorDetection": {
        "truePositives": 4,
        "falsePositives": 1,
        "falseNegatives": 2,
        "trueNegatives": 1,
        "precision": 0.8,
        "recall": 0.666667,
        "f1": 0.727273
      },
      "exactControlTranscription": {
        "attempts": 2,
        "exactMoraMatches": 1,
        "emptyTranscripts": 0,
        "moraErrorRate": 0.034483
      },
      "injectedVariantEvidence": {
        "errorAttempts": 6,
        "closerToInjectedReading": 3,
        "closerToExpectedTarget": 2,
        "equalDistance": 1,
        "closerToInjectedRate": 0.5
      }
    },
    "kai": {
      "attempts": 8,
      "strictPositionLocalization": {
        "toleranceMorae": 0,
        "truePositivePositions": 7,
        "falsePositivePositions": 4,
        "falseNegativePositions": 2,
        "precision": 0.636364,
        "recall": 0.777778,
        "f1": 0.7
      },
      "withinOneMoraLocalization": {
        "toleranceMorae": 1,
        "truePositivePositions": 7,
        "falsePositivePositions": 4,
        "falseNegativePositions": 2,
        "precision": 0.636364,
        "recall": 0.777778,
        "f1": 0.7
      },
      "errorDetection": {
        "truePositives": 4,
        "falsePositives": 1,
        "falseNegatives": 2,
        "trueNegatives": 1,
        "precision": 0.8,
        "recall": 0.666667,
        "f1": 0.727273
      },
      "exactControlTranscription": {
        "attempts": 2,
        "exactMoraMatches": 1,
        "emptyTranscripts": 0,
        "moraErrorRate": 0.034483
      },
      "injectedVariantEvidence": {
        "errorAttempts": 6,
        "closerToInjectedReading": 3,
        "closerToExpectedTarget": 2,
        "equalDistance": 1,
        "closerToInjectedRate": 0.5
      }
    },
    "keiko": {
      "attempts": 8,
      "strictPositionLocalization": {
        "toleranceMorae": 0,
        "truePositivePositions": 7,
        "falsePositivePositions": 5,
        "falseNegativePositions": 2,
        "precision": 0.583333,
        "recall": 0.777778,
        "f1": 0.666667
      },
      "withinOneMoraLocalization": {
        "toleranceMorae": 1,
        "truePositivePositions": 7,
        "falsePositivePositions": 5,
        "falseNegativePositions": 2,
        "precision": 0.583333,
        "recall": 0.777778,
        "f1": 0.666667
      },
      "errorDetection": {
        "truePositives": 4,
        "falsePositives": 0,
        "falseNegatives": 2,
        "trueNegatives": 2,
        "precision": 1.0,
        "recall": 0.666667,
        "f1": 0.8
      },
      "exactControlTranscription": {
        "attempts": 2,
        "exactMoraMatches": 2,
        "emptyTranscripts": 0,
        "moraErrorRate": 0.0
      },
      "injectedVariantEvidence": {
        "errorAttempts": 6,
        "closerToInjectedReading": 3,
        "closerToExpectedTarget": 2,
        "equalDistance": 1,
        "closerToInjectedRate": 0.5
      }
    },
    "makoto": {
      "attempts": 8,
      "strictPositionLocalization": {
        "toleranceMorae": 0,
        "truePositivePositions": 8,
        "falsePositivePositions": 5,
        "falseNegativePositions": 1,
        "precision": 0.615385,
        "recall": 0.888889,
        "f1": 0.727273
      },
      "withinOneMoraLocalization": {
        "toleranceMorae": 1,
        "truePositivePositions": 8,
        "falsePositivePositions": 5,
        "falseNegativePositions": 1,
        "precision": 0.615385,
        "recall": 0.888889,
        "f1": 0.727273
      },
      "errorDetection": {
        "truePositives": 5,
        "falsePositives": 0,
        "falseNegatives": 1,
        "trueNegatives": 2,
        "precision": 1.0,
        "recall": 0.833333,
        "f1": 0.909091
      },
      "exactControlTranscription": {
        "attempts": 2,
        "exactMoraMatches": 2,
        "emptyTranscripts": 0,
        "moraErrorRate": 0.0
      },
      "injectedVariantEvidence": {
        "errorAttempts": 6,
        "closerToInjectedReading": 4,
        "closerToExpectedTarget": 1,
        "equalDistance": 1,
        "closerToInjectedRate": 0.666667
      }
    },
    "mio": {
      "attempts": 8,
      "strictPositionLocalization": {
        "toleranceMorae": 0,
        "truePositivePositions": 7,
        "falsePositivePositions": 6,
        "falseNegativePositions": 2,
        "precision": 0.538462,
        "recall": 0.777778,
        "f1": 0.636364
      },
      "withinOneMoraLocalization": {
        "toleranceMorae": 1,
        "truePositivePositions": 7,
        "falsePositivePositions": 6,
        "falseNegativePositions": 2,
        "precision": 0.538462,
        "recall": 0.777778,
        "f1": 0.636364
      },
      "errorDetection": {
        "truePositives": 5,
        "falsePositives": 1,
        "falseNegatives": 1,
        "trueNegatives": 1,
        "precision": 0.833333,
        "recall": 0.833333,
        "f1": 0.833333
      },
      "exactControlTranscription": {
        "attempts": 2,
        "exactMoraMatches": 1,
        "emptyTranscripts": 0,
        "moraErrorRate": 0.034483
      },
      "injectedVariantEvidence": {
        "errorAttempts": 6,
        "closerToInjectedReading": 3,
        "closerToExpectedTarget": 2,
        "equalDistance": 1,
        "closerToInjectedRate": 0.5
      }
    },
    "nami": {
      "attempts": 8,
      "strictPositionLocalization": {
        "toleranceMorae": 0,
        "truePositivePositions": 7,
        "falsePositivePositions": 4,
        "falseNegativePositions": 2,
        "precision": 0.636364,
        "recall": 0.777778,
        "f1": 0.7
      },
      "withinOneMoraLocalization": {
        "toleranceMorae": 1,
        "truePositivePositions": 7,
        "falsePositivePositions": 4,
        "falseNegativePositions": 2,
        "precision": 0.636364,
        "recall": 0.777778,
        "f1": 0.7
      },
      "errorDetection": {
        "truePositives": 4,
        "falsePositives": 0,
        "falseNegatives": 2,
        "trueNegatives": 2,
        "precision": 1.0,
        "recall": 0.666667,
        "f1": 0.8
      },
      "exactControlTranscription": {
        "attempts": 2,
        "exactMoraMatches": 2,
        "emptyTranscripts": 0,
        "moraErrorRate": 0.0
      },
      "injectedVariantEvidence": {
        "errorAttempts": 6,
        "closerToInjectedReading": 3,
        "closerToExpectedTarget": 2,
        "equalDistance": 1,
        "closerToInjectedRate": 0.5
      }
    },
    "osamu": {
      "attempts": 8,
      "strictPositionLocalization": {
        "toleranceMorae": 0,
        "truePositivePositions": 7,
        "falsePositivePositions": 4,
        "falseNegativePositions": 2,
        "precision": 0.636364,
        "recall": 0.777778,
        "f1": 0.7
      },
      "withinOneMoraLocalization": {
        "toleranceMorae": 1,
        "truePositivePositions": 7,
        "falsePositivePositions": 4,
        "falseNegativePositions": 2,
        "precision": 0.636364,
        "recall": 0.777778,
        "f1": 0.7
      },
      "errorDetection": {
        "truePositives": 4,
        "falsePositives": 0,
        "falseNegatives": 2,
        "trueNegatives": 2,
        "precision": 1.0,
        "recall": 0.666667,
        "f1": 0.8
      },
      "exactControlTranscription": {
        "attempts": 2,
        "exactMoraMatches": 2,
        "emptyTranscripts": 0,
        "moraErrorRate": 0.0
      },
      "injectedVariantEvidence": {
        "errorAttempts": 6,
        "closerToInjectedReading": 3,
        "closerToExpectedTarget": 2,
        "equalDistance": 1,
        "closerToInjectedRate": 0.5
      }
    },
    "ren": {
      "attempts": 8,
      "strictPositionLocalization": {
        "toleranceMorae": 0,
        "truePositivePositions": 7,
        "falsePositivePositions": 2,
        "falseNegativePositions": 2,
        "precision": 0.777778,
        "recall": 0.777778,
        "f1": 0.777778
      },
      "withinOneMoraLocalization": {
        "toleranceMorae": 1,
        "truePositivePositions": 7,
        "falsePositivePositions": 2,
        "falseNegativePositions": 2,
        "precision": 0.777778,
        "recall": 0.777778,
        "f1": 0.777778
      },
      "errorDetection": {
        "truePositives": 4,
        "falsePositives": 0,
        "falseNegatives": 2,
        "trueNegatives": 2,
        "precision": 1.0,
        "recall": 0.666667,
        "f1": 0.8
      },
      "exactControlTranscription": {
        "attempts": 2,
        "exactMoraMatches": 2,
        "emptyTranscripts": 0,
        "moraErrorRate": 0.0
      },
      "injectedVariantEvidence": {
        "errorAttempts": 6,
        "closerToInjectedReading": 2,
        "closerToExpectedTarget": 2,
        "equalDistance": 2,
        "closerToInjectedRate": 0.333333
      }
    },
    "risa": {
      "attempts": 8,
      "strictPositionLocalization": {
        "toleranceMorae": 0,
        "truePositivePositions": 7,
        "falsePositivePositions": 5,
        "falseNegativePositions": 2,
        "precision": 0.583333,
        "recall": 0.777778,
        "f1": 0.666667
      },
      "withinOneMoraLocalization": {
        "toleranceMorae": 1,
        "truePositivePositions": 7,
        "falsePositivePositions": 5,
        "falseNegativePositions": 2,
        "precision": 0.583333,
        "recall": 0.777778,
        "f1": 0.666667
      },
      "errorDetection": {
        "truePositives": 5,
        "falsePositives": 0,
        "falseNegatives": 1,
        "trueNegatives": 2,
        "precision": 1.0,
        "recall": 0.833333,
        "f1": 0.909091
      },
      "exactControlTranscription": {
        "attempts": 2,
        "exactMoraMatches": 2,
        "emptyTranscripts": 0,
        "moraErrorRate": 0.0
      },
      "injectedVariantEvidence": {
        "errorAttempts": 6,
        "closerToInjectedReading": 3,
        "closerToExpectedTarget": 2,
        "equalDistance": 1,
        "closerToInjectedRate": 0.5
      }
    },
    "sota": {
      "attempts": 8,
      "strictPositionLocalization": {
        "toleranceMorae": 0,
        "truePositivePositions": 7,
        "falsePositivePositions": 4,
        "falseNegativePositions": 2,
        "precision": 0.636364,
        "recall": 0.777778,
        "f1": 0.7
      },
      "withinOneMoraLocalization": {
        "toleranceMorae": 1,
        "truePositivePositions": 7,
        "falsePositivePositions": 4,
        "falseNegativePositions": 2,
        "precision": 0.636364,
        "recall": 0.777778,
        "f1": 0.7
      },
      "errorDetection": {
        "truePositives": 4,
        "falsePositives": 0,
        "falseNegatives": 2,
        "trueNegatives": 2,
        "precision": 1.0,
        "recall": 0.666667,
        "f1": 0.8
      },
      "exactControlTranscription": {
        "attempts": 2,
        "exactMoraMatches": 2,
        "emptyTranscripts": 0,
        "moraErrorRate": 0.0
      },
      "injectedVariantEvidence": {
        "errorAttempts": 6,
        "closerToInjectedReading": 3,
        "closerToExpectedTarget": 2,
        "equalDistance": 1,
        "closerToInjectedRate": 0.5
      }
    },
    "taku": {
      "attempts": 8,
      "strictPositionLocalization": {
        "toleranceMorae": 0,
        "truePositivePositions": 8,
        "falsePositivePositions": 5,
        "falseNegativePositions": 1,
        "precision": 0.615385,
        "recall": 0.888889,
        "f1": 0.727273
      },
      "withinOneMoraLocalization": {
        "toleranceMorae": 1,
        "truePositivePositions": 8,
        "falsePositivePositions": 5,
        "falseNegativePositions": 1,
        "precision": 0.615385,
        "recall": 0.888889,
        "f1": 0.727273
      },
      "errorDetection": {
        "truePositives": 6,
        "falsePositives": 1,
        "falseNegatives": 0,
        "trueNegatives": 1,
        "precision": 0.857143,
        "recall": 1.0,
        "f1": 0.923077
      },
      "exactControlTranscription": {
        "attempts": 2,
        "exactMoraMatches": 1,
        "emptyTranscripts": 0,
        "moraErrorRate": 0.034483
      },
      "injectedVariantEvidence": {
        "errorAttempts": 6,
        "closerToInjectedReading": 4,
        "closerToExpectedTarget": 1,
        "equalDistance": 1,
        "closerToInjectedRate": 0.666667
      }
    },
    "yui": {
      "attempts": 8,
      "strictPositionLocalization": {
        "toleranceMorae": 0,
        "truePositivePositions": 7,
        "falsePositivePositions": 5,
        "falseNegativePositions": 2,
        "precision": 0.583333,
        "recall": 0.777778,
        "f1": 0.666667
      },
      "withinOneMoraLocalization": {
        "toleranceMorae": 1,
        "truePositivePositions": 7,
        "falsePositivePositions": 5,
        "falseNegativePositions": 2,
        "precision": 0.583333,
        "recall": 0.777778,
        "f1": 0.666667
      },
      "errorDetection": {
        "truePositives": 4,
        "falsePositives": 1,
        "falseNegatives": 2,
        "trueNegatives": 1,
        "precision": 0.8,
        "recall": 0.666667,
        "f1": 0.727273
      },
      "exactControlTranscription": {
        "attempts": 2,
        "exactMoraMatches": 1,
        "emptyTranscripts": 0,
        "moraErrorRate": 0.034483
      },
      "injectedVariantEvidence": {
        "errorAttempts": 6,
        "closerToInjectedReading": 3,
        "closerToExpectedTarget": 2,
        "equalDistance": 1,
        "closerToInjectedRate": 0.5
      }
    }
  }
}
Wrote results/conditions/hvac_hum-b.json
