Using raw vosk-model-small-ja-0.22 with one fresh model per condition stream; evaluating 160 sources x 1 conditions
[1/160] packet_dropouts / ao / weather-exact
[2/160] packet_dropouts / ao / job-exact
[3/160] packet_dropouts / ao / coffee-long-vowel-deletion
[4/160] packet_dropouts / ao / station-small-tsu-deletion
[5/160] packet_dropouts / ao / repeat-mora-deletion
[6/160] packet_dropouts / ao / job-voicing-substitution
[7/160] packet_dropouts / ao / reservation-insertion
[8/160] packet_dropouts / ao / explain-lexical-substitution
[9/160] packet_dropouts / ren / weather-exact
[10/160] packet_dropouts / ren / job-exact
[11/160] packet_dropouts / ren / coffee-long-vowel-deletion
[12/160] packet_dropouts / ren / station-small-tsu-deletion
[13/160] packet_dropouts / ren / repeat-mora-deletion
[14/160] packet_dropouts / ren / job-voicing-substitution
[15/160] packet_dropouts / ren / reservation-insertion
[16/160] packet_dropouts / ren / explain-lexical-substitution
[17/160] packet_dropouts / mio / weather-exact
[18/160] packet_dropouts / mio / job-exact
[19/160] packet_dropouts / mio / coffee-long-vowel-deletion
[20/160] packet_dropouts / mio / station-small-tsu-deletion
[21/160] packet_dropouts / mio / repeat-mora-deletion
[22/160] packet_dropouts / mio / job-voicing-substitution
[23/160] packet_dropouts / mio / reservation-insertion
[24/160] packet_dropouts / mio / explain-lexical-substitution
[25/160] packet_dropouts / kai / weather-exact
[26/160] packet_dropouts / kai / job-exact
[27/160] packet_dropouts / kai / coffee-long-vowel-deletion
[28/160] packet_dropouts / kai / station-small-tsu-deletion
[29/160] packet_dropouts / kai / repeat-mora-deletion
[30/160] packet_dropouts / kai / job-voicing-substitution
[31/160] packet_dropouts / kai / reservation-insertion
[32/160] packet_dropouts / kai / explain-lexical-substitution
[33/160] packet_dropouts / aya / weather-exact
[34/160] packet_dropouts / aya / job-exact
[35/160] packet_dropouts / aya / coffee-long-vowel-deletion
[36/160] packet_dropouts / aya / station-small-tsu-deletion
[37/160] packet_dropouts / aya / repeat-mora-deletion
[38/160] packet_dropouts / aya / job-voicing-substitution
[39/160] packet_dropouts / aya / reservation-insertion
[40/160] packet_dropouts / aya / explain-lexical-substitution
[41/160] packet_dropouts / jun / weather-exact
[42/160] packet_dropouts / jun / job-exact
[43/160] packet_dropouts / jun / coffee-long-vowel-deletion
[44/160] packet_dropouts / jun / station-small-tsu-deletion
[45/160] packet_dropouts / jun / repeat-mora-deletion
[46/160] packet_dropouts / jun / job-voicing-substitution
[47/160] packet_dropouts / jun / reservation-insertion
[48/160] packet_dropouts / jun / explain-lexical-substitution
[49/160] packet_dropouts / nami / weather-exact
[50/160] packet_dropouts / nami / job-exact
[51/160] packet_dropouts / nami / coffee-long-vowel-deletion
[52/160] packet_dropouts / nami / station-small-tsu-deletion
[53/160] packet_dropouts / nami / repeat-mora-deletion
[54/160] packet_dropouts / nami / job-voicing-substitution
[55/160] packet_dropouts / nami / reservation-insertion
[56/160] packet_dropouts / nami / explain-lexical-substitution
[57/160] packet_dropouts / sota / weather-exact
[58/160] packet_dropouts / sota / job-exact
[59/160] packet_dropouts / sota / coffee-long-vowel-deletion
[60/160] packet_dropouts / sota / station-small-tsu-deletion
[61/160] packet_dropouts / sota / repeat-mora-deletion
[62/160] packet_dropouts / sota / job-voicing-substitution
[63/160] packet_dropouts / sota / reservation-insertion
[64/160] packet_dropouts / sota / explain-lexical-substitution
[65/160] packet_dropouts / eri / weather-exact
[66/160] packet_dropouts / eri / job-exact
[67/160] packet_dropouts / eri / coffee-long-vowel-deletion
[68/160] packet_dropouts / eri / station-small-tsu-deletion
[69/160] packet_dropouts / eri / repeat-mora-deletion
[70/160] packet_dropouts / eri / job-voicing-substitution
[71/160] packet_dropouts / eri / reservation-insertion
[72/160] packet_dropouts / eri / explain-lexical-substitution
[73/160] packet_dropouts / taku / weather-exact
[74/160] packet_dropouts / taku / job-exact
[75/160] packet_dropouts / taku / coffee-long-vowel-deletion
[76/160] packet_dropouts / taku / station-small-tsu-deletion
[77/160] packet_dropouts / taku / repeat-mora-deletion
[78/160] packet_dropouts / taku / job-voicing-substitution
[79/160] packet_dropouts / taku / reservation-insertion
[80/160] packet_dropouts / taku / explain-lexical-substitution
[81/160] packet_dropouts / risa / weather-exact
[82/160] packet_dropouts / risa / job-exact
[83/160] packet_dropouts / risa / coffee-long-vowel-deletion
[84/160] packet_dropouts / risa / station-small-tsu-deletion
[85/160] packet_dropouts / risa / repeat-mora-deletion
[86/160] packet_dropouts / risa / job-voicing-substitution
[87/160] packet_dropouts / risa / reservation-insertion
[88/160] packet_dropouts / risa / explain-lexical-substitution
[89/160] packet_dropouts / makoto / weather-exact
[90/160] packet_dropouts / makoto / job-exact
[91/160] packet_dropouts / makoto / coffee-long-vowel-deletion
[92/160] packet_dropouts / makoto / station-small-tsu-deletion
[93/160] packet_dropouts / makoto / repeat-mora-deletion
[94/160] packet_dropouts / makoto / job-voicing-substitution
[95/160] packet_dropouts / makoto / reservation-insertion
[96/160] packet_dropouts / makoto / explain-lexical-substitution
[97/160] packet_dropouts / keiko / weather-exact
[98/160] packet_dropouts / keiko / job-exact
[99/160] packet_dropouts / keiko / coffee-long-vowel-deletion
[100/160] packet_dropouts / keiko / station-small-tsu-deletion
[101/160] packet_dropouts / keiko / repeat-mora-deletion
[102/160] packet_dropouts / keiko / job-voicing-substitution
[103/160] packet_dropouts / keiko / reservation-insertion
[104/160] packet_dropouts / keiko / explain-lexical-substitution
[105/160] packet_dropouts / osamu / weather-exact
[106/160] packet_dropouts / osamu / job-exact
[107/160] packet_dropouts / osamu / coffee-long-vowel-deletion
[108/160] packet_dropouts / osamu / station-small-tsu-deletion
[109/160] packet_dropouts / osamu / repeat-mora-deletion
[110/160] packet_dropouts / osamu / job-voicing-substitution
[111/160] packet_dropouts / osamu / reservation-insertion
[112/160] packet_dropouts / osamu / explain-lexical-substitution
[113/160] packet_dropouts / yui / weather-exact
[114/160] packet_dropouts / yui / job-exact
[115/160] packet_dropouts / yui / coffee-long-vowel-deletion
[116/160] packet_dropouts / yui / station-small-tsu-deletion
[117/160] packet_dropouts / yui / repeat-mora-deletion
[118/160] packet_dropouts / yui / job-voicing-substitution
[119/160] packet_dropouts / yui / reservation-insertion
[120/160] packet_dropouts / yui / explain-lexical-substitution
[121/160] packet_dropouts / hiro / weather-exact
[122/160] packet_dropouts / hiro / job-exact
[123/160] packet_dropouts / hiro / coffee-long-vowel-deletion
[124/160] packet_dropouts / hiro / station-small-tsu-deletion
[125/160] packet_dropouts / hiro / repeat-mora-deletion
[126/160] packet_dropouts / hiro / job-voicing-substitution
[127/160] packet_dropouts / hiro / reservation-insertion
[128/160] packet_dropouts / hiro / explain-lexical-substitution
[129/160] packet_dropouts / fumi / weather-exact
[130/160] packet_dropouts / fumi / job-exact
[131/160] packet_dropouts / fumi / coffee-long-vowel-deletion
[132/160] packet_dropouts / fumi / station-small-tsu-deletion
[133/160] packet_dropouts / fumi / repeat-mora-deletion
[134/160] packet_dropouts / fumi / job-voicing-substitution
[135/160] packet_dropouts / fumi / reservation-insertion
[136/160] packet_dropouts / fumi / explain-lexical-substitution
[137/160] packet_dropouts / gen / weather-exact
[138/160] packet_dropouts / gen / job-exact
[139/160] packet_dropouts / gen / coffee-long-vowel-deletion
[140/160] packet_dropouts / gen / station-small-tsu-deletion
[141/160] packet_dropouts / gen / repeat-mora-deletion
[142/160] packet_dropouts / gen / job-voicing-substitution
[143/160] packet_dropouts / gen / reservation-insertion
[144/160] packet_dropouts / gen / explain-lexical-substitution
[145/160] packet_dropouts / chiyo / weather-exact
[146/160] packet_dropouts / chiyo / job-exact
[147/160] packet_dropouts / chiyo / coffee-long-vowel-deletion
[148/160] packet_dropouts / chiyo / station-small-tsu-deletion
[149/160] packet_dropouts / chiyo / repeat-mora-deletion
[150/160] packet_dropouts / chiyo / job-voicing-substitution
[151/160] packet_dropouts / chiyo / reservation-insertion
[152/160] packet_dropouts / chiyo / explain-lexical-substitution
[153/160] packet_dropouts / issei / weather-exact
[154/160] packet_dropouts / issei / job-exact
[155/160] packet_dropouts / issei / coffee-long-vowel-deletion
[156/160] packet_dropouts / issei / station-small-tsu-deletion
[157/160] packet_dropouts / issei / repeat-mora-deletion
[158/160] packet_dropouts / issei / job-voicing-substitution
[159/160] packet_dropouts / issei / reservation-insertion
[160/160] packet_dropouts / issei / explain-lexical-substitution
{
  "allConditions": {
    "attempts": 160,
    "strictPositionLocalization": {
      "toleranceMorae": 0,
      "truePositivePositions": 147,
      "falsePositivePositions": 258,
      "falseNegativePositions": 33,
      "precision": 0.362963,
      "recall": 0.816667,
      "f1": 0.502564
    },
    "withinOneMoraLocalization": {
      "toleranceMorae": 1,
      "truePositivePositions": 154,
      "falsePositivePositions": 251,
      "falseNegativePositions": 26,
      "precision": 0.380247,
      "recall": 0.855556,
      "f1": 0.526496
    },
    "errorDetection": {
      "truePositives": 110,
      "falsePositives": 27,
      "falseNegatives": 10,
      "trueNegatives": 13,
      "precision": 0.80292,
      "recall": 0.916667,
      "f1": 0.856031
    },
    "exactControlTranscription": {
      "attempts": 40,
      "exactMoraMatches": 13,
      "emptyTranscripts": 0,
      "moraErrorRate": 0.101724
    },
    "injectedVariantEvidence": {
      "errorAttempts": 120,
      "closerToInjectedReading": 66,
      "closerToExpectedTarget": 24,
      "equalDistance": 30,
      "closerToInjectedRate": 0.55
    }
  },
  "cleanOnly": {
    "attempts": 0,
    "strictPositionLocalization": {
      "toleranceMorae": 0,
      "truePositivePositions": 0,
      "falsePositivePositions": 0,
      "falseNegativePositions": 0,
      "precision": null,
      "recall": null,
      "f1": null
    },
    "withinOneMoraLocalization": {
      "toleranceMorae": 1,
      "truePositivePositions": 0,
      "falsePositivePositions": 0,
      "falseNegativePositions": 0,
      "precision": null,
      "recall": null,
      "f1": null
    },
    "errorDetection": {
      "truePositives": 0,
      "falsePositives": 0,
      "falseNegatives": 0,
      "trueNegatives": 0,
      "precision": null,
      "recall": null,
      "f1": null
    },
    "exactControlTranscription": {
      "attempts": 0,
      "exactMoraMatches": 0,
      "emptyTranscripts": 0,
      "moraErrorRate": null
    },
    "injectedVariantEvidence": {
      "errorAttempts": 0,
      "closerToInjectedReading": 0,
      "closerToExpectedTarget": 0,
      "equalDistance": 0,
      "closerToInjectedRate": null
    }
  },
  "byAugmentation": {
    "packet_dropouts": {
      "attempts": 160,
      "strictPositionLocalization": {
        "toleranceMorae": 0,
        "truePositivePositions": 147,
        "falsePositivePositions": 258,
        "falseNegativePositions": 33,
        "precision": 0.362963,
        "recall": 0.816667,
        "f1": 0.502564
      },
      "withinOneMoraLocalization": {
        "toleranceMorae": 1,
        "truePositivePositions": 154,
        "falsePositivePositions": 251,
        "falseNegativePositions": 26,
        "precision": 0.380247,
        "recall": 0.855556,
        "f1": 0.526496
      },
      "errorDetection": {
        "truePositives": 110,
        "falsePositives": 27,
        "falseNegatives": 10,
        "trueNegatives": 13,
        "precision": 0.80292,
        "recall": 0.916667,
        "f1": 0.856031
      },
      "exactControlTranscription": {
        "attempts": 40,
        "exactMoraMatches": 13,
        "emptyTranscripts": 0,
        "moraErrorRate": 0.101724
      },
      "injectedVariantEvidence": {
        "errorAttempts": 120,
        "closerToInjectedReading": 66,
        "closerToExpectedTarget": 24,
        "equalDistance": 30,
        "closerToInjectedRate": 0.55
      }
    }
  },
  "byErrorKind": {
    "exact": {
      "attempts": 40,
      "strictPositionLocalization": {
        "toleranceMorae": 0,
        "truePositivePositions": 0,
        "falsePositivePositions": 56,
        "falseNegativePositions": 0,
        "precision": 0.0,
        "recall": null,
        "f1": null
      },
      "withinOneMoraLocalization": {
        "toleranceMorae": 1,
        "truePositivePositions": 0,
        "falsePositivePositions": 56,
        "falseNegativePositions": 0,
        "precision": 0.0,
        "recall": null,
        "f1": null
      },
      "errorDetection": {
        "truePositives": 0,
        "falsePositives": 27,
        "falseNegatives": 0,
        "trueNegatives": 13,
        "precision": 0.0,
        "recall": null,
        "f1": null
      },
      "exactControlTranscription": {
        "attempts": 40,
        "exactMoraMatches": 13,
        "emptyTranscripts": 0,
        "moraErrorRate": 0.101724
      },
      "injectedVariantEvidence": {
        "errorAttempts": 0,
        "closerToInjectedReading": 0,
        "closerToExpectedTarget": 0,
        "equalDistance": 0,
        "closerToInjectedRate": null
      }
    },
    "lexical_substitution": {
      "attempts": 20,
      "strictPositionLocalization": {
        "toleranceMorae": 0,
        "truePositivePositions": 78,
        "falsePositivePositions": 34,
        "falseNegativePositions": 2,
        "precision": 0.696429,
        "recall": 0.975,
        "f1": 0.8125
      },
      "withinOneMoraLocalization": {
        "toleranceMorae": 1,
        "truePositivePositions": 78,
        "falsePositivePositions": 34,
        "falseNegativePositions": 2,
        "precision": 0.696429,
        "recall": 0.975,
        "f1": 0.8125
      },
      "errorDetection": {
        "truePositives": 20,
        "falsePositives": 0,
        "falseNegatives": 0,
        "trueNegatives": 0,
        "precision": 1.0,
        "recall": 1.0,
        "f1": 1.0
      },
      "exactControlTranscription": {
        "attempts": 0,
        "exactMoraMatches": 0,
        "emptyTranscripts": 0,
        "moraErrorRate": null
      },
      "injectedVariantEvidence": {
        "errorAttempts": 20,
        "closerToInjectedReading": 19,
        "closerToExpectedTarget": 0,
        "equalDistance": 1,
        "closerToInjectedRate": 0.95
      }
    },
    "long_vowel_deletion": {
      "attempts": 20,
      "strictPositionLocalization": {
        "toleranceMorae": 0,
        "truePositivePositions": 6,
        "falsePositivePositions": 37,
        "falseNegativePositions": 14,
        "precision": 0.139535,
        "recall": 0.3,
        "f1": 0.190476
      },
      "withinOneMoraLocalization": {
        "toleranceMorae": 1,
        "truePositivePositions": 7,
        "falsePositivePositions": 36,
        "falseNegativePositions": 13,
        "precision": 0.162791,
        "recall": 0.35,
        "f1": 0.222222
      },
      "errorDetection": {
        "truePositives": 14,
        "falsePositives": 0,
        "falseNegatives": 6,
        "trueNegatives": 0,
        "precision": 1.0,
        "recall": 0.7,
        "f1": 0.823529
      },
      "exactControlTranscription": {
        "attempts": 0,
        "exactMoraMatches": 0,
        "emptyTranscripts": 0,
        "moraErrorRate": null
      },
      "injectedVariantEvidence": {
        "errorAttempts": 20,
        "closerToInjectedReading": 5,
        "closerToExpectedTarget": 14,
        "equalDistance": 1,
        "closerToInjectedRate": 0.25
      }
    },
    "small_tsu_deletion": {
      "attempts": 40,
      "strictPositionLocalization": {
        "toleranceMorae": 0,
        "truePositivePositions": 40,
        "falsePositivePositions": 79,
        "falseNegativePositions": 0,
        "precision": 0.336134,
        "recall": 1.0,
        "f1": 0.503145
      },
      "withinOneMoraLocalization": {
        "toleranceMorae": 1,
        "truePositivePositions": 40,
        "falsePositivePositions": 79,
        "falseNegativePositions": 0,
        "precision": 0.336134,
        "recall": 1.0,
        "f1": 0.503145
      },
      "errorDetection": {
        "truePositives": 40,
        "falsePositives": 0,
        "falseNegatives": 0,
        "trueNegatives": 0,
        "precision": 1.0,
        "recall": 1.0,
        "f1": 1.0
      },
      "exactControlTranscription": {
        "attempts": 0,
        "exactMoraMatches": 0,
        "emptyTranscripts": 0,
        "moraErrorRate": null
      },
      "injectedVariantEvidence": {
        "errorAttempts": 40,
        "closerToInjectedReading": 18,
        "closerToExpectedTarget": 0,
        "equalDistance": 22,
        "closerToInjectedRate": 0.45
      }
    },
    "voicing_substitution": {
      "attempts": 20,
      "strictPositionLocalization": {
        "toleranceMorae": 0,
        "truePositivePositions": 8,
        "falsePositivePositions": 31,
        "falseNegativePositions": 12,
        "precision": 0.205128,
        "recall": 0.4,
        "f1": 0.271186
      },
      "withinOneMoraLocalization": {
        "toleranceMorae": 1,
        "truePositivePositions": 9,
        "falsePositivePositions": 30,
        "falseNegativePositions": 11,
        "precision": 0.230769,
        "recall": 0.45,
        "f1": 0.305085
      },
      "errorDetection": {
        "truePositives": 16,
        "falsePositives": 0,
        "falseNegatives": 4,
        "trueNegatives": 0,
        "precision": 1.0,
        "recall": 0.8,
        "f1": 0.888889
      },
      "exactControlTranscription": {
        "attempts": 0,
        "exactMoraMatches": 0,
        "emptyTranscripts": 0,
        "moraErrorRate": null
      },
      "injectedVariantEvidence": {
        "errorAttempts": 20,
        "closerToInjectedReading": 7,
        "closerToExpectedTarget": 10,
        "equalDistance": 3,
        "closerToInjectedRate": 0.35
      }
    },
    "word_insertion": {
      "attempts": 20,
      "strictPositionLocalization": {
        "toleranceMorae": 0,
        "truePositivePositions": 15,
        "falsePositivePositions": 21,
        "falseNegativePositions": 5,
        "precision": 0.416667,
        "recall": 0.75,
        "f1": 0.535714
      },
      "withinOneMoraLocalization": {
        "toleranceMorae": 1,
        "truePositivePositions": 20,
        "falsePositivePositions": 16,
        "falseNegativePositions": 0,
        "precision": 0.555556,
        "recall": 1.0,
        "f1": 0.714286
      },
      "errorDetection": {
        "truePositives": 20,
        "falsePositives": 0,
        "falseNegatives": 0,
        "trueNegatives": 0,
        "precision": 1.0,
        "recall": 1.0,
        "f1": 1.0
      },
      "exactControlTranscription": {
        "attempts": 0,
        "exactMoraMatches": 0,
        "emptyTranscripts": 0,
        "moraErrorRate": null
      },
      "injectedVariantEvidence": {
        "errorAttempts": 20,
        "closerToInjectedReading": 17,
        "closerToExpectedTarget": 0,
        "equalDistance": 3,
        "closerToInjectedRate": 0.85
      }
    }
  },
  "byPersona": {
    "ao": {
      "attempts": 8,
      "strictPositionLocalization": {
        "toleranceMorae": 0,
        "truePositivePositions": 7,
        "falsePositivePositions": 9,
        "falseNegativePositions": 2,
        "precision": 0.4375,
        "recall": 0.777778,
        "f1": 0.56
      },
      "withinOneMoraLocalization": {
        "toleranceMorae": 1,
        "truePositivePositions": 7,
        "falsePositivePositions": 9,
        "falseNegativePositions": 2,
        "precision": 0.4375,
        "recall": 0.777778,
        "f1": 0.56
      },
      "errorDetection": {
        "truePositives": 5,
        "falsePositives": 0,
        "falseNegatives": 1,
        "trueNegatives": 2,
        "precision": 1.0,
        "recall": 0.833333,
        "f1": 0.909091
      },
      "exactControlTranscription": {
        "attempts": 2,
        "exactMoraMatches": 2,
        "emptyTranscripts": 0,
        "moraErrorRate": 0.0
      },
      "injectedVariantEvidence": {
        "errorAttempts": 6,
        "closerToInjectedReading": 3,
        "closerToExpectedTarget": 2,
        "equalDistance": 1,
        "closerToInjectedRate": 0.5
      }
    },
    "aya": {
      "attempts": 8,
      "strictPositionLocalization": {
        "toleranceMorae": 0,
        "truePositivePositions": 8,
        "falsePositivePositions": 17,
        "falseNegativePositions": 1,
        "precision": 0.32,
        "recall": 0.888889,
        "f1": 0.470588
      },
      "withinOneMoraLocalization": {
        "toleranceMorae": 1,
        "truePositivePositions": 8,
        "falsePositivePositions": 17,
        "falseNegativePositions": 1,
        "precision": 0.32,
        "recall": 0.888889,
        "f1": 0.470588
      },
      "errorDetection": {
        "truePositives": 6,
        "falsePositives": 2,
        "falseNegatives": 0,
        "trueNegatives": 0,
        "precision": 0.75,
        "recall": 1.0,
        "f1": 0.857143
      },
      "exactControlTranscription": {
        "attempts": 2,
        "exactMoraMatches": 0,
        "emptyTranscripts": 0,
        "moraErrorRate": 0.172414
      },
      "injectedVariantEvidence": {
        "errorAttempts": 6,
        "closerToInjectedReading": 3,
        "closerToExpectedTarget": 1,
        "equalDistance": 2,
        "closerToInjectedRate": 0.5
      }
    },
    "chiyo": {
      "attempts": 8,
      "strictPositionLocalization": {
        "toleranceMorae": 0,
        "truePositivePositions": 6,
        "falsePositivePositions": 10,
        "falseNegativePositions": 3,
        "precision": 0.375,
        "recall": 0.666667,
        "f1": 0.48
      },
      "withinOneMoraLocalization": {
        "toleranceMorae": 1,
        "truePositivePositions": 6,
        "falsePositivePositions": 10,
        "falseNegativePositions": 3,
        "precision": 0.375,
        "recall": 0.666667,
        "f1": 0.48
      },
      "errorDetection": {
        "truePositives": 6,
        "falsePositives": 1,
        "falseNegatives": 0,
        "trueNegatives": 1,
        "precision": 0.857143,
        "recall": 1.0,
        "f1": 0.923077
      },
      "exactControlTranscription": {
        "attempts": 2,
        "exactMoraMatches": 1,
        "emptyTranscripts": 0,
        "moraErrorRate": 0.068966
      },
      "injectedVariantEvidence": {
        "errorAttempts": 6,
        "closerToInjectedReading": 3,
        "closerToExpectedTarget": 1,
        "equalDistance": 2,
        "closerToInjectedRate": 0.5
      }
    },
    "eri": {
      "attempts": 8,
      "strictPositionLocalization": {
        "toleranceMorae": 0,
        "truePositivePositions": 8,
        "falsePositivePositions": 17,
        "falseNegativePositions": 1,
        "precision": 0.32,
        "recall": 0.888889,
        "f1": 0.470588
      },
      "withinOneMoraLocalization": {
        "toleranceMorae": 1,
        "truePositivePositions": 8,
        "falsePositivePositions": 17,
        "falseNegativePositions": 1,
        "precision": 0.32,
        "recall": 0.888889,
        "f1": 0.470588
      },
      "errorDetection": {
        "truePositives": 5,
        "falsePositives": 1,
        "falseNegatives": 1,
        "trueNegatives": 1,
        "precision": 0.833333,
        "recall": 0.833333,
        "f1": 0.833333
      },
      "exactControlTranscription": {
        "attempts": 2,
        "exactMoraMatches": 1,
        "emptyTranscripts": 0,
        "moraErrorRate": 0.068966
      },
      "injectedVariantEvidence": {
        "errorAttempts": 6,
        "closerToInjectedReading": 2,
        "closerToExpectedTarget": 1,
        "equalDistance": 3,
        "closerToInjectedRate": 0.333333
      }
    },
    "fumi": {
      "attempts": 8,
      "strictPositionLocalization": {
        "toleranceMorae": 0,
        "truePositivePositions": 7,
        "falsePositivePositions": 13,
        "falseNegativePositions": 2,
        "precision": 0.35,
        "recall": 0.777778,
        "f1": 0.482759
      },
      "withinOneMoraLocalization": {
        "toleranceMorae": 1,
        "truePositivePositions": 8,
        "falsePositivePositions": 12,
        "falseNegativePositions": 1,
        "precision": 0.4,
        "recall": 0.888889,
        "f1": 0.551724
      },
      "errorDetection": {
        "truePositives": 6,
        "falsePositives": 1,
        "falseNegatives": 0,
        "trueNegatives": 1,
        "precision": 0.857143,
        "recall": 1.0,
        "f1": 0.923077
      },
      "exactControlTranscription": {
        "attempts": 2,
        "exactMoraMatches": 1,
        "emptyTranscripts": 0,
        "moraErrorRate": 0.068966
      },
      "injectedVariantEvidence": {
        "errorAttempts": 6,
        "closerToInjectedReading": 4,
        "closerToExpectedTarget": 1,
        "equalDistance": 1,
        "closerToInjectedRate": 0.666667
      }
    },
    "gen": {
      "attempts": 8,
      "strictPositionLocalization": {
        "toleranceMorae": 0,
        "truePositivePositions": 8,
        "falsePositivePositions": 13,
        "falseNegativePositions": 1,
        "precision": 0.380952,
        "recall": 0.888889,
        "f1": 0.533333
      },
      "withinOneMoraLocalization": {
        "toleranceMorae": 1,
        "truePositivePositions": 9,
        "falsePositivePositions": 12,
        "falseNegativePositions": 0,
        "precision": 0.428571,
        "recall": 1.0,
        "f1": 0.6
      },
      "errorDetection": {
        "truePositives": 6,
        "falsePositives": 1,
        "falseNegatives": 0,
        "trueNegatives": 1,
        "precision": 0.857143,
        "recall": 1.0,
        "f1": 0.923077
      },
      "exactControlTranscription": {
        "attempts": 2,
        "exactMoraMatches": 1,
        "emptyTranscripts": 0,
        "moraErrorRate": 0.034483
      },
      "injectedVariantEvidence": {
        "errorAttempts": 6,
        "closerToInjectedReading": 5,
        "closerToExpectedTarget": 0,
        "equalDistance": 1,
        "closerToInjectedRate": 0.833333
      }
    },
    "hiro": {
      "attempts": 8,
      "strictPositionLocalization": {
        "toleranceMorae": 0,
        "truePositivePositions": 7,
        "falsePositivePositions": 14,
        "falseNegativePositions": 2,
        "precision": 0.333333,
        "recall": 0.777778,
        "f1": 0.466667
      },
      "withinOneMoraLocalization": {
        "toleranceMorae": 1,
        "truePositivePositions": 7,
        "falsePositivePositions": 14,
        "falseNegativePositions": 2,
        "precision": 0.333333,
        "recall": 0.777778,
        "f1": 0.466667
      },
      "errorDetection": {
        "truePositives": 5,
        "falsePositives": 0,
        "falseNegatives": 1,
        "trueNegatives": 2,
        "precision": 1.0,
        "recall": 0.833333,
        "f1": 0.909091
      },
      "exactControlTranscription": {
        "attempts": 2,
        "exactMoraMatches": 2,
        "emptyTranscripts": 0,
        "moraErrorRate": 0.0
      },
      "injectedVariantEvidence": {
        "errorAttempts": 6,
        "closerToInjectedReading": 3,
        "closerToExpectedTarget": 2,
        "equalDistance": 1,
        "closerToInjectedRate": 0.5
      }
    },
    "issei": {
      "attempts": 8,
      "strictPositionLocalization": {
        "toleranceMorae": 0,
        "truePositivePositions": 7,
        "falsePositivePositions": 14,
        "falseNegativePositions": 2,
        "precision": 0.333333,
        "recall": 0.777778,
        "f1": 0.466667
      },
      "withinOneMoraLocalization": {
        "toleranceMorae": 1,
        "truePositivePositions": 8,
        "falsePositivePositions": 13,
        "falseNegativePositions": 1,
        "precision": 0.380952,
        "recall": 0.888889,
        "f1": 0.533333
      },
      "errorDetection": {
        "truePositives": 6,
        "falsePositives": 2,
        "falseNegatives": 0,
        "trueNegatives": 0,
        "precision": 0.75,
        "recall": 1.0,
        "f1": 0.857143
      },
      "exactControlTranscription": {
        "attempts": 2,
        "exactMoraMatches": 0,
        "emptyTranscripts": 0,
        "moraErrorRate": 0.068966
      },
      "injectedVariantEvidence": {
        "errorAttempts": 6,
        "closerToInjectedReading": 3,
        "closerToExpectedTarget": 1,
        "equalDistance": 2,
        "closerToInjectedRate": 0.5
      }
    },
    "jun": {
      "attempts": 8,
      "strictPositionLocalization": {
        "toleranceMorae": 0,
        "truePositivePositions": 9,
        "falsePositivePositions": 16,
        "falseNegativePositions": 0,
        "precision": 0.36,
        "recall": 1.0,
        "f1": 0.529412
      },
      "withinOneMoraLocalization": {
        "toleranceMorae": 1,
        "truePositivePositions": 9,
        "falsePositivePositions": 16,
        "falseNegativePositions": 0,
        "precision": 0.36,
        "recall": 1.0,
        "f1": 0.529412
      },
      "errorDetection": {
        "truePositives": 6,
        "falsePositives": 2,
        "falseNegatives": 0,
        "trueNegatives": 0,
        "precision": 0.75,
        "recall": 1.0,
        "f1": 0.857143
      },
      "exactControlTranscription": {
        "attempts": 2,
        "exactMoraMatches": 0,
        "emptyTranscripts": 0,
        "moraErrorRate": 0.137931
      },
      "injectedVariantEvidence": {
        "errorAttempts": 6,
        "closerToInjectedReading": 5,
        "closerToExpectedTarget": 0,
        "equalDistance": 1,
        "closerToInjectedRate": 0.833333
      }
    },
    "kai": {
      "attempts": 8,
      "strictPositionLocalization": {
        "toleranceMorae": 0,
        "truePositivePositions": 7,
        "falsePositivePositions": 14,
        "falseNegativePositions": 2,
        "precision": 0.333333,
        "recall": 0.777778,
        "f1": 0.466667
      },
      "withinOneMoraLocalization": {
        "toleranceMorae": 1,
        "truePositivePositions": 7,
        "falsePositivePositions": 14,
        "falseNegativePositions": 2,
        "precision": 0.333333,
        "recall": 0.777778,
        "f1": 0.466667
      },
      "errorDetection": {
        "truePositives": 5,
        "falsePositives": 1,
        "falseNegatives": 1,
        "trueNegatives": 1,
        "precision": 0.833333,
        "recall": 0.833333,
        "f1": 0.833333
      },
      "exactControlTranscription": {
        "attempts": 2,
        "exactMoraMatches": 1,
        "emptyTranscripts": 0,
        "moraErrorRate": 0.068966
      },
      "injectedVariantEvidence": {
        "errorAttempts": 6,
        "closerToInjectedReading": 3,
        "closerToExpectedTarget": 2,
        "equalDistance": 1,
        "closerToInjectedRate": 0.5
      }
    },
    "keiko": {
      "attempts": 8,
      "strictPositionLocalization": {
        "toleranceMorae": 0,
        "truePositivePositions": 9,
        "falsePositivePositions": 9,
        "falseNegativePositions": 0,
        "precision": 0.5,
        "recall": 1.0,
        "f1": 0.666667
      },
      "withinOneMoraLocalization": {
        "toleranceMorae": 1,
        "truePositivePositions": 9,
        "falsePositivePositions": 9,
        "falseNegativePositions": 0,
        "precision": 0.5,
        "recall": 1.0,
        "f1": 0.666667
      },
      "errorDetection": {
        "truePositives": 6,
        "falsePositives": 1,
        "falseNegatives": 0,
        "trueNegatives": 1,
        "precision": 0.857143,
        "recall": 1.0,
        "f1": 0.923077
      },
      "exactControlTranscription": {
        "attempts": 2,
        "exactMoraMatches": 1,
        "emptyTranscripts": 0,
        "moraErrorRate": 0.103448
      },
      "injectedVariantEvidence": {
        "errorAttempts": 6,
        "closerToInjectedReading": 5,
        "closerToExpectedTarget": 0,
        "equalDistance": 1,
        "closerToInjectedRate": 0.833333
      }
    },
    "makoto": {
      "attempts": 8,
      "strictPositionLocalization": {
        "toleranceMorae": 0,
        "truePositivePositions": 8,
        "falsePositivePositions": 9,
        "falseNegativePositions": 1,
        "precision": 0.470588,
        "recall": 0.888889,
        "f1": 0.615385
      },
      "withinOneMoraLocalization": {
        "toleranceMorae": 1,
        "truePositivePositions": 8,
        "falsePositivePositions": 9,
        "falseNegativePositions": 1,
        "precision": 0.470588,
        "recall": 0.888889,
        "f1": 0.615385
      },
      "errorDetection": {
        "truePositives": 5,
        "falsePositives": 1,
        "falseNegatives": 1,
        "trueNegatives": 1,
        "precision": 0.833333,
        "recall": 0.833333,
        "f1": 0.833333
      },
      "exactControlTranscription": {
        "attempts": 2,
        "exactMoraMatches": 1,
        "emptyTranscripts": 0,
        "moraErrorRate": 0.068966
      },
      "injectedVariantEvidence": {
        "errorAttempts": 6,
        "closerToInjectedReading": 4,
        "closerToExpectedTarget": 1,
        "equalDistance": 1,
        "closerToInjectedRate": 0.666667
      }
    },
    "mio": {
      "attempts": 8,
      "strictPositionLocalization": {
        "toleranceMorae": 0,
        "truePositivePositions": 6,
        "falsePositivePositions": 14,
        "falseNegativePositions": 3,
        "precision": 0.3,
        "recall": 0.666667,
        "f1": 0.413793
      },
      "withinOneMoraLocalization": {
        "toleranceMorae": 1,
        "truePositivePositions": 7,
        "falsePositivePositions": 13,
        "falseNegativePositions": 2,
        "precision": 0.35,
        "recall": 0.777778,
        "f1": 0.482759
      },
      "errorDetection": {
        "truePositives": 6,
        "falsePositives": 2,
        "falseNegatives": 0,
        "trueNegatives": 0,
        "precision": 0.75,
        "recall": 1.0,
        "f1": 0.857143
      },
      "exactControlTranscription": {
        "attempts": 2,
        "exactMoraMatches": 0,
        "emptyTranscripts": 0,
        "moraErrorRate": 0.172414
      },
      "injectedVariantEvidence": {
        "errorAttempts": 6,
        "closerToInjectedReading": 3,
        "closerToExpectedTarget": 2,
        "equalDistance": 1,
        "closerToInjectedRate": 0.5
      }
    },
    "nami": {
      "attempts": 8,
      "strictPositionLocalization": {
        "toleranceMorae": 0,
        "truePositivePositions": 7,
        "falsePositivePositions": 10,
        "falseNegativePositions": 2,
        "precision": 0.411765,
        "recall": 0.777778,
        "f1": 0.538462
      },
      "withinOneMoraLocalization": {
        "toleranceMorae": 1,
        "truePositivePositions": 8,
        "falsePositivePositions": 9,
        "falseNegativePositions": 1,
        "precision": 0.470588,
        "recall": 0.888889,
        "f1": 0.615385
      },
      "errorDetection": {
        "truePositives": 5,
        "falsePositives": 2,
        "falseNegatives": 1,
        "trueNegatives": 0,
        "precision": 0.714286,
        "recall": 0.833333,
        "f1": 0.769231
      },
      "exactControlTranscription": {
        "attempts": 2,
        "exactMoraMatches": 0,
        "emptyTranscripts": 0,
        "moraErrorRate": 0.137931
      },
      "injectedVariantEvidence": {
        "errorAttempts": 6,
        "closerToInjectedReading": 3,
        "closerToExpectedTarget": 1,
        "equalDistance": 2,
        "closerToInjectedRate": 0.5
      }
    },
    "osamu": {
      "attempts": 8,
      "strictPositionLocalization": {
        "toleranceMorae": 0,
        "truePositivePositions": 7,
        "falsePositivePositions": 19,
        "falseNegativePositions": 2,
        "precision": 0.269231,
        "recall": 0.777778,
        "f1": 0.4
      },
      "withinOneMoraLocalization": {
        "toleranceMorae": 1,
        "truePositivePositions": 7,
        "falsePositivePositions": 19,
        "falseNegativePositions": 2,
        "precision": 0.269231,
        "recall": 0.777778,
        "f1": 0.4
      },
      "errorDetection": {
        "truePositives": 5,
        "falsePositives": 2,
        "falseNegatives": 1,
        "trueNegatives": 0,
        "precision": 0.714286,
        "recall": 0.833333,
        "f1": 0.769231
      },
      "exactControlTranscription": {
        "attempts": 2,
        "exactMoraMatches": 0,
        "emptyTranscripts": 0,
        "moraErrorRate": 0.275862
      },
      "injectedVariantEvidence": {
        "errorAttempts": 6,
        "closerToInjectedReading": 3,
        "closerToExpectedTarget": 2,
        "equalDistance": 1,
        "closerToInjectedRate": 0.5
      }
    },
    "ren": {
      "attempts": 8,
      "strictPositionLocalization": {
        "toleranceMorae": 0,
        "truePositivePositions": 8,
        "falsePositivePositions": 10,
        "falseNegativePositions": 1,
        "precision": 0.444444,
        "recall": 0.888889,
        "f1": 0.592593
      },
      "withinOneMoraLocalization": {
        "toleranceMorae": 1,
        "truePositivePositions": 9,
        "falsePositivePositions": 9,
        "falseNegativePositions": 0,
        "precision": 0.5,
        "recall": 1.0,
        "f1": 0.666667
      },
      "errorDetection": {
        "truePositives": 6,
        "falsePositives": 1,
        "falseNegatives": 0,
        "trueNegatives": 1,
        "precision": 0.857143,
        "recall": 1.0,
        "f1": 0.923077
      },
      "exactControlTranscription": {
        "attempts": 2,
        "exactMoraMatches": 1,
        "emptyTranscripts": 0,
        "moraErrorRate": 0.068966
      },
      "injectedVariantEvidence": {
        "errorAttempts": 6,
        "closerToInjectedReading": 2,
        "closerToExpectedTarget": 1,
        "equalDistance": 3,
        "closerToInjectedRate": 0.333333
      }
    },
    "risa": {
      "attempts": 8,
      "strictPositionLocalization": {
        "toleranceMorae": 0,
        "truePositivePositions": 7,
        "falsePositivePositions": 12,
        "falseNegativePositions": 2,
        "precision": 0.368421,
        "recall": 0.777778,
        "f1": 0.5
      },
      "withinOneMoraLocalization": {
        "toleranceMorae": 1,
        "truePositivePositions": 7,
        "falsePositivePositions": 12,
        "falseNegativePositions": 2,
        "precision": 0.368421,
        "recall": 0.777778,
        "f1": 0.5
      },
      "errorDetection": {
        "truePositives": 5,
        "falsePositives": 2,
        "falseNegatives": 1,
        "trueNegatives": 0,
        "precision": 0.714286,
        "recall": 0.833333,
        "f1": 0.769231
      },
      "exactControlTranscription": {
        "attempts": 2,
        "exactMoraMatches": 0,
        "emptyTranscripts": 0,
        "moraErrorRate": 0.103448
      },
      "injectedVariantEvidence": {
        "errorAttempts": 6,
        "closerToInjectedReading": 3,
        "closerToExpectedTarget": 1,
        "equalDistance": 2,
        "closerToInjectedRate": 0.5
      }
    },
    "sota": {
      "attempts": 8,
      "strictPositionLocalization": {
        "toleranceMorae": 0,
        "truePositivePositions": 6,
        "falsePositivePositions": 16,
        "falseNegativePositions": 3,
        "precision": 0.272727,
        "recall": 0.666667,
        "f1": 0.387097
      },
      "withinOneMoraLocalization": {
        "toleranceMorae": 1,
        "truePositivePositions": 7,
        "falsePositivePositions": 15,
        "falseNegativePositions": 2,
        "precision": 0.318182,
        "recall": 0.777778,
        "f1": 0.451613
      },
      "errorDetection": {
        "truePositives": 4,
        "falsePositives": 2,
        "falseNegatives": 2,
        "trueNegatives": 0,
        "precision": 0.666667,
        "recall": 0.666667,
        "f1": 0.666667
      },
      "exactControlTranscription": {
        "attempts": 2,
        "exactMoraMatches": 0,
        "emptyTranscripts": 0,
        "moraErrorRate": 0.206897
      },
      "injectedVariantEvidence": {
        "errorAttempts": 6,
        "closerToInjectedReading": 2,
        "closerToExpectedTarget": 2,
        "equalDistance": 2,
        "closerToInjectedRate": 0.333333
      }
    },
    "taku": {
      "attempts": 8,
      "strictPositionLocalization": {
        "toleranceMorae": 0,
        "truePositivePositions": 8,
        "falsePositivePositions": 9,
        "falseNegativePositions": 1,
        "precision": 0.470588,
        "recall": 0.888889,
        "f1": 0.615385
      },
      "withinOneMoraLocalization": {
        "toleranceMorae": 1,
        "truePositivePositions": 8,
        "falsePositivePositions": 9,
        "falseNegativePositions": 1,
        "precision": 0.470588,
        "recall": 0.888889,
        "f1": 0.615385
      },
      "errorDetection": {
        "truePositives": 6,
        "falsePositives": 2,
        "falseNegatives": 0,
        "trueNegatives": 0,
        "precision": 0.75,
        "recall": 1.0,
        "f1": 0.857143
      },
      "exactControlTranscription": {
        "attempts": 2,
        "exactMoraMatches": 0,
        "emptyTranscripts": 0,
        "moraErrorRate": 0.137931
      },
      "injectedVariantEvidence": {
        "errorAttempts": 6,
        "closerToInjectedReading": 4,
        "closerToExpectedTarget": 1,
        "equalDistance": 1,
        "closerToInjectedRate": 0.666667
      }
    },
    "yui": {
      "attempts": 8,
      "strictPositionLocalization": {
        "toleranceMorae": 0,
        "truePositivePositions": 7,
        "falsePositivePositions": 13,
        "falseNegativePositions": 2,
        "precision": 0.35,
        "recall": 0.777778,
        "f1": 0.482759
      },
      "withinOneMoraLocalization": {
        "toleranceMorae": 1,
        "truePositivePositions": 7,
        "falsePositivePositions": 13,
        "falseNegativePositions": 2,
        "precision": 0.35,
        "recall": 0.777778,
        "f1": 0.482759
      },
      "errorDetection": {
        "truePositives": 6,
        "falsePositives": 1,
        "falseNegatives": 0,
        "trueNegatives": 1,
        "precision": 0.857143,
        "recall": 1.0,
        "f1": 0.923077
      },
      "exactControlTranscription": {
        "attempts": 2,
        "exactMoraMatches": 1,
        "emptyTranscripts": 0,
        "moraErrorRate": 0.068966
      },
      "injectedVariantEvidence": {
        "errorAttempts": 6,
        "closerToInjectedReading": 3,
        "closerToExpectedTarget": 2,
        "equalDistance": 1,
        "closerToInjectedRate": 0.5
      }
    }
  }
}
Wrote results/conditions/packet_dropouts-b.json
