Using raw vosk-model-small-ja-0.22 with one fresh model per condition stream; evaluating 160 sources x 1 conditions
[1/160] phone_band / ao / weather-exact
[2/160] phone_band / ao / job-exact
[3/160] phone_band / ao / coffee-long-vowel-deletion
[4/160] phone_band / ao / station-small-tsu-deletion
[5/160] phone_band / ao / repeat-mora-deletion
[6/160] phone_band / ao / job-voicing-substitution
[7/160] phone_band / ao / reservation-insertion
[8/160] phone_band / ao / explain-lexical-substitution
[9/160] phone_band / ren / weather-exact
[10/160] phone_band / ren / job-exact
[11/160] phone_band / ren / coffee-long-vowel-deletion
[12/160] phone_band / ren / station-small-tsu-deletion
[13/160] phone_band / ren / repeat-mora-deletion
[14/160] phone_band / ren / job-voicing-substitution
[15/160] phone_band / ren / reservation-insertion
[16/160] phone_band / ren / explain-lexical-substitution
[17/160] phone_band / mio / weather-exact
[18/160] phone_band / mio / job-exact
[19/160] phone_band / mio / coffee-long-vowel-deletion
[20/160] phone_band / mio / station-small-tsu-deletion
[21/160] phone_band / mio / repeat-mora-deletion
[22/160] phone_band / mio / job-voicing-substitution
[23/160] phone_band / mio / reservation-insertion
[24/160] phone_band / mio / explain-lexical-substitution
[25/160] phone_band / kai / weather-exact
[26/160] phone_band / kai / job-exact
[27/160] phone_band / kai / coffee-long-vowel-deletion
[28/160] phone_band / kai / station-small-tsu-deletion
[29/160] phone_band / kai / repeat-mora-deletion
[30/160] phone_band / kai / job-voicing-substitution
[31/160] phone_band / kai / reservation-insertion
[32/160] phone_band / kai / explain-lexical-substitution
[33/160] phone_band / aya / weather-exact
[34/160] phone_band / aya / job-exact
[35/160] phone_band / aya / coffee-long-vowel-deletion
[36/160] phone_band / aya / station-small-tsu-deletion
[37/160] phone_band / aya / repeat-mora-deletion
[38/160] phone_band / aya / job-voicing-substitution
[39/160] phone_band / aya / reservation-insertion
[40/160] phone_band / aya / explain-lexical-substitution
[41/160] phone_band / jun / weather-exact
[42/160] phone_band / jun / job-exact
[43/160] phone_band / jun / coffee-long-vowel-deletion
[44/160] phone_band / jun / station-small-tsu-deletion
[45/160] phone_band / jun / repeat-mora-deletion
[46/160] phone_band / jun / job-voicing-substitution
[47/160] phone_band / jun / reservation-insertion
[48/160] phone_band / jun / explain-lexical-substitution
[49/160] phone_band / nami / weather-exact
[50/160] phone_band / nami / job-exact
[51/160] phone_band / nami / coffee-long-vowel-deletion
[52/160] phone_band / nami / station-small-tsu-deletion
[53/160] phone_band / nami / repeat-mora-deletion
[54/160] phone_band / nami / job-voicing-substitution
[55/160] phone_band / nami / reservation-insertion
[56/160] phone_band / nami / explain-lexical-substitution
[57/160] phone_band / sota / weather-exact
[58/160] phone_band / sota / job-exact
[59/160] phone_band / sota / coffee-long-vowel-deletion
[60/160] phone_band / sota / station-small-tsu-deletion
[61/160] phone_band / sota / repeat-mora-deletion
[62/160] phone_band / sota / job-voicing-substitution
[63/160] phone_band / sota / reservation-insertion
[64/160] phone_band / sota / explain-lexical-substitution
[65/160] phone_band / eri / weather-exact
[66/160] phone_band / eri / job-exact
[67/160] phone_band / eri / coffee-long-vowel-deletion
[68/160] phone_band / eri / station-small-tsu-deletion
[69/160] phone_band / eri / repeat-mora-deletion
[70/160] phone_band / eri / job-voicing-substitution
[71/160] phone_band / eri / reservation-insertion
[72/160] phone_band / eri / explain-lexical-substitution
[73/160] phone_band / taku / weather-exact
[74/160] phone_band / taku / job-exact
[75/160] phone_band / taku / coffee-long-vowel-deletion
[76/160] phone_band / taku / station-small-tsu-deletion
[77/160] phone_band / taku / repeat-mora-deletion
[78/160] phone_band / taku / job-voicing-substitution
[79/160] phone_band / taku / reservation-insertion
[80/160] phone_band / taku / explain-lexical-substitution
[81/160] phone_band / risa / weather-exact
[82/160] phone_band / risa / job-exact
[83/160] phone_band / risa / coffee-long-vowel-deletion
[84/160] phone_band / risa / station-small-tsu-deletion
[85/160] phone_band / risa / repeat-mora-deletion
[86/160] phone_band / risa / job-voicing-substitution
[87/160] phone_band / risa / reservation-insertion
[88/160] phone_band / risa / explain-lexical-substitution
[89/160] phone_band / makoto / weather-exact
[90/160] phone_band / makoto / job-exact
[91/160] phone_band / makoto / coffee-long-vowel-deletion
[92/160] phone_band / makoto / station-small-tsu-deletion
[93/160] phone_band / makoto / repeat-mora-deletion
[94/160] phone_band / makoto / job-voicing-substitution
[95/160] phone_band / makoto / reservation-insertion
[96/160] phone_band / makoto / explain-lexical-substitution
[97/160] phone_band / keiko / weather-exact
[98/160] phone_band / keiko / job-exact
[99/160] phone_band / keiko / coffee-long-vowel-deletion
[100/160] phone_band / keiko / station-small-tsu-deletion
[101/160] phone_band / keiko / repeat-mora-deletion
[102/160] phone_band / keiko / job-voicing-substitution
[103/160] phone_band / keiko / reservation-insertion
[104/160] phone_band / keiko / explain-lexical-substitution
[105/160] phone_band / osamu / weather-exact
[106/160] phone_band / osamu / job-exact
[107/160] phone_band / osamu / coffee-long-vowel-deletion
[108/160] phone_band / osamu / station-small-tsu-deletion
[109/160] phone_band / osamu / repeat-mora-deletion
[110/160] phone_band / osamu / job-voicing-substitution
[111/160] phone_band / osamu / reservation-insertion
[112/160] phone_band / osamu / explain-lexical-substitution
[113/160] phone_band / yui / weather-exact
[114/160] phone_band / yui / job-exact
[115/160] phone_band / yui / coffee-long-vowel-deletion
[116/160] phone_band / yui / station-small-tsu-deletion
[117/160] phone_band / yui / repeat-mora-deletion
[118/160] phone_band / yui / job-voicing-substitution
[119/160] phone_band / yui / reservation-insertion
[120/160] phone_band / yui / explain-lexical-substitution
[121/160] phone_band / hiro / weather-exact
[122/160] phone_band / hiro / job-exact
[123/160] phone_band / hiro / coffee-long-vowel-deletion
[124/160] phone_band / hiro / station-small-tsu-deletion
[125/160] phone_band / hiro / repeat-mora-deletion
[126/160] phone_band / hiro / job-voicing-substitution
[127/160] phone_band / hiro / reservation-insertion
[128/160] phone_band / hiro / explain-lexical-substitution
[129/160] phone_band / fumi / weather-exact
[130/160] phone_band / fumi / job-exact
[131/160] phone_band / fumi / coffee-long-vowel-deletion
[132/160] phone_band / fumi / station-small-tsu-deletion
[133/160] phone_band / fumi / repeat-mora-deletion
[134/160] phone_band / fumi / job-voicing-substitution
[135/160] phone_band / fumi / reservation-insertion
[136/160] phone_band / fumi / explain-lexical-substitution
[137/160] phone_band / gen / weather-exact
[138/160] phone_band / gen / job-exact
[139/160] phone_band / gen / coffee-long-vowel-deletion
[140/160] phone_band / gen / station-small-tsu-deletion
[141/160] phone_band / gen / repeat-mora-deletion
[142/160] phone_band / gen / job-voicing-substitution
[143/160] phone_band / gen / reservation-insertion
[144/160] phone_band / gen / explain-lexical-substitution
[145/160] phone_band / chiyo / weather-exact
[146/160] phone_band / chiyo / job-exact
[147/160] phone_band / chiyo / coffee-long-vowel-deletion
[148/160] phone_band / chiyo / station-small-tsu-deletion
[149/160] phone_band / chiyo / repeat-mora-deletion
[150/160] phone_band / chiyo / job-voicing-substitution
[151/160] phone_band / chiyo / reservation-insertion
[152/160] phone_band / chiyo / explain-lexical-substitution
[153/160] phone_band / issei / weather-exact
[154/160] phone_band / issei / job-exact
[155/160] phone_band / issei / coffee-long-vowel-deletion
[156/160] phone_band / issei / station-small-tsu-deletion
[157/160] phone_band / issei / repeat-mora-deletion
[158/160] phone_band / issei / job-voicing-substitution
[159/160] phone_band / issei / reservation-insertion
[160/160] phone_band / issei / explain-lexical-substitution
{
  "allConditions": {
    "attempts": 160,
    "strictPositionLocalization": {
      "toleranceMorae": 0,
      "truePositivePositions": 162,
      "falsePositivePositions": 435,
      "falseNegativePositions": 18,
      "precision": 0.271357,
      "recall": 0.9,
      "f1": 0.416988
    },
    "withinOneMoraLocalization": {
      "toleranceMorae": 1,
      "truePositivePositions": 164,
      "falsePositivePositions": 433,
      "falseNegativePositions": 16,
      "precision": 0.274707,
      "recall": 0.911111,
      "f1": 0.422136
    },
    "errorDetection": {
      "truePositives": 118,
      "falsePositives": 21,
      "falseNegatives": 2,
      "trueNegatives": 19,
      "precision": 0.848921,
      "recall": 0.983333,
      "f1": 0.911197
    },
    "exactControlTranscription": {
      "attempts": 40,
      "exactMoraMatches": 19,
      "emptyTranscripts": 0,
      "moraErrorRate": 0.065517
    },
    "injectedVariantEvidence": {
      "errorAttempts": 120,
      "closerToInjectedReading": 84,
      "closerToExpectedTarget": 16,
      "equalDistance": 20,
      "closerToInjectedRate": 0.7
    }
  },
  "cleanOnly": {
    "attempts": 0,
    "strictPositionLocalization": {
      "toleranceMorae": 0,
      "truePositivePositions": 0,
      "falsePositivePositions": 0,
      "falseNegativePositions": 0,
      "precision": null,
      "recall": null,
      "f1": null
    },
    "withinOneMoraLocalization": {
      "toleranceMorae": 1,
      "truePositivePositions": 0,
      "falsePositivePositions": 0,
      "falseNegativePositions": 0,
      "precision": null,
      "recall": null,
      "f1": null
    },
    "errorDetection": {
      "truePositives": 0,
      "falsePositives": 0,
      "falseNegatives": 0,
      "trueNegatives": 0,
      "precision": null,
      "recall": null,
      "f1": null
    },
    "exactControlTranscription": {
      "attempts": 0,
      "exactMoraMatches": 0,
      "emptyTranscripts": 0,
      "moraErrorRate": null
    },
    "injectedVariantEvidence": {
      "errorAttempts": 0,
      "closerToInjectedReading": 0,
      "closerToExpectedTarget": 0,
      "equalDistance": 0,
      "closerToInjectedRate": null
    }
  },
  "byAugmentation": {
    "phone_band": {
      "attempts": 160,
      "strictPositionLocalization": {
        "toleranceMorae": 0,
        "truePositivePositions": 162,
        "falsePositivePositions": 435,
        "falseNegativePositions": 18,
        "precision": 0.271357,
        "recall": 0.9,
        "f1": 0.416988
      },
      "withinOneMoraLocalization": {
        "toleranceMorae": 1,
        "truePositivePositions": 164,
        "falsePositivePositions": 433,
        "falseNegativePositions": 16,
        "precision": 0.274707,
        "recall": 0.911111,
        "f1": 0.422136
      },
      "errorDetection": {
        "truePositives": 118,
        "falsePositives": 21,
        "falseNegatives": 2,
        "trueNegatives": 19,
        "precision": 0.848921,
        "recall": 0.983333,
        "f1": 0.911197
      },
      "exactControlTranscription": {
        "attempts": 40,
        "exactMoraMatches": 19,
        "emptyTranscripts": 0,
        "moraErrorRate": 0.065517
      },
      "injectedVariantEvidence": {
        "errorAttempts": 120,
        "closerToInjectedReading": 84,
        "closerToExpectedTarget": 16,
        "equalDistance": 20,
        "closerToInjectedRate": 0.7
      }
    }
  },
  "byErrorKind": {
    "exact": {
      "attempts": 40,
      "strictPositionLocalization": {
        "toleranceMorae": 0,
        "truePositivePositions": 0,
        "falsePositivePositions": 37,
        "falseNegativePositions": 0,
        "precision": 0.0,
        "recall": null,
        "f1": null
      },
      "withinOneMoraLocalization": {
        "toleranceMorae": 1,
        "truePositivePositions": 0,
        "falsePositivePositions": 37,
        "falseNegativePositions": 0,
        "precision": 0.0,
        "recall": null,
        "f1": null
      },
      "errorDetection": {
        "truePositives": 0,
        "falsePositives": 21,
        "falseNegatives": 0,
        "trueNegatives": 19,
        "precision": 0.0,
        "recall": null,
        "f1": null
      },
      "exactControlTranscription": {
        "attempts": 40,
        "exactMoraMatches": 19,
        "emptyTranscripts": 0,
        "moraErrorRate": 0.065517
      },
      "injectedVariantEvidence": {
        "errorAttempts": 0,
        "closerToInjectedReading": 0,
        "closerToExpectedTarget": 0,
        "equalDistance": 0,
        "closerToInjectedRate": null
      }
    },
    "lexical_substitution": {
      "attempts": 20,
      "strictPositionLocalization": {
        "toleranceMorae": 0,
        "truePositivePositions": 80,
        "falsePositivePositions": 66,
        "falseNegativePositions": 0,
        "precision": 0.547945,
        "recall": 1.0,
        "f1": 0.707965
      },
      "withinOneMoraLocalization": {
        "toleranceMorae": 1,
        "truePositivePositions": 80,
        "falsePositivePositions": 66,
        "falseNegativePositions": 0,
        "precision": 0.547945,
        "recall": 1.0,
        "f1": 0.707965
      },
      "errorDetection": {
        "truePositives": 20,
        "falsePositives": 0,
        "falseNegatives": 0,
        "trueNegatives": 0,
        "precision": 1.0,
        "recall": 1.0,
        "f1": 1.0
      },
      "exactControlTranscription": {
        "attempts": 0,
        "exactMoraMatches": 0,
        "emptyTranscripts": 0,
        "moraErrorRate": null
      },
      "injectedVariantEvidence": {
        "errorAttempts": 20,
        "closerToInjectedReading": 20,
        "closerToExpectedTarget": 0,
        "equalDistance": 0,
        "closerToInjectedRate": 1.0
      }
    },
    "long_vowel_deletion": {
      "attempts": 20,
      "strictPositionLocalization": {
        "toleranceMorae": 0,
        "truePositivePositions": 4,
        "falsePositivePositions": 86,
        "falseNegativePositions": 16,
        "precision": 0.044444,
        "recall": 0.2,
        "f1": 0.072727
      },
      "withinOneMoraLocalization": {
        "toleranceMorae": 1,
        "truePositivePositions": 4,
        "falsePositivePositions": 86,
        "falseNegativePositions": 16,
        "precision": 0.044444,
        "recall": 0.2,
        "f1": 0.072727
      },
      "errorDetection": {
        "truePositives": 18,
        "falsePositives": 0,
        "falseNegatives": 2,
        "trueNegatives": 0,
        "precision": 1.0,
        "recall": 0.9,
        "f1": 0.947368
      },
      "exactControlTranscription": {
        "attempts": 0,
        "exactMoraMatches": 0,
        "emptyTranscripts": 0,
        "moraErrorRate": null
      },
      "injectedVariantEvidence": {
        "errorAttempts": 20,
        "closerToInjectedReading": 3,
        "closerToExpectedTarget": 15,
        "equalDistance": 2,
        "closerToInjectedRate": 0.15
      }
    },
    "small_tsu_deletion": {
      "attempts": 40,
      "strictPositionLocalization": {
        "toleranceMorae": 0,
        "truePositivePositions": 39,
        "falsePositivePositions": 147,
        "falseNegativePositions": 1,
        "precision": 0.209677,
        "recall": 0.975,
        "f1": 0.345133
      },
      "withinOneMoraLocalization": {
        "toleranceMorae": 1,
        "truePositivePositions": 40,
        "falsePositivePositions": 146,
        "falseNegativePositions": 0,
        "precision": 0.215054,
        "recall": 1.0,
        "f1": 0.353982
      },
      "errorDetection": {
        "truePositives": 40,
        "falsePositives": 0,
        "falseNegatives": 0,
        "trueNegatives": 0,
        "precision": 1.0,
        "recall": 1.0,
        "f1": 1.0
      },
      "exactControlTranscription": {
        "attempts": 0,
        "exactMoraMatches": 0,
        "emptyTranscripts": 0,
        "moraErrorRate": null
      },
      "injectedVariantEvidence": {
        "errorAttempts": 40,
        "closerToInjectedReading": 27,
        "closerToExpectedTarget": 0,
        "equalDistance": 13,
        "closerToInjectedRate": 0.675
      }
    },
    "voicing_substitution": {
      "attempts": 20,
      "strictPositionLocalization": {
        "toleranceMorae": 0,
        "truePositivePositions": 20,
        "falsePositivePositions": 43,
        "falseNegativePositions": 0,
        "precision": 0.31746,
        "recall": 1.0,
        "f1": 0.481928
      },
      "withinOneMoraLocalization": {
        "toleranceMorae": 1,
        "truePositivePositions": 20,
        "falsePositivePositions": 43,
        "falseNegativePositions": 0,
        "precision": 0.31746,
        "recall": 1.0,
        "f1": 0.481928
      },
      "errorDetection": {
        "truePositives": 20,
        "falsePositives": 0,
        "falseNegatives": 0,
        "trueNegatives": 0,
        "precision": 1.0,
        "recall": 1.0,
        "f1": 1.0
      },
      "exactControlTranscription": {
        "attempts": 0,
        "exactMoraMatches": 0,
        "emptyTranscripts": 0,
        "moraErrorRate": null
      },
      "injectedVariantEvidence": {
        "errorAttempts": 20,
        "closerToInjectedReading": 20,
        "closerToExpectedTarget": 0,
        "equalDistance": 0,
        "closerToInjectedRate": 1.0
      }
    },
    "word_insertion": {
      "attempts": 20,
      "strictPositionLocalization": {
        "toleranceMorae": 0,
        "truePositivePositions": 19,
        "falsePositivePositions": 56,
        "falseNegativePositions": 1,
        "precision": 0.253333,
        "recall": 0.95,
        "f1": 0.4
      },
      "withinOneMoraLocalization": {
        "toleranceMorae": 1,
        "truePositivePositions": 20,
        "falsePositivePositions": 55,
        "falseNegativePositions": 0,
        "precision": 0.266667,
        "recall": 1.0,
        "f1": 0.421053
      },
      "errorDetection": {
        "truePositives": 20,
        "falsePositives": 0,
        "falseNegatives": 0,
        "trueNegatives": 0,
        "precision": 1.0,
        "recall": 1.0,
        "f1": 1.0
      },
      "exactControlTranscription": {
        "attempts": 0,
        "exactMoraMatches": 0,
        "emptyTranscripts": 0,
        "moraErrorRate": null
      },
      "injectedVariantEvidence": {
        "errorAttempts": 20,
        "closerToInjectedReading": 14,
        "closerToExpectedTarget": 1,
        "equalDistance": 5,
        "closerToInjectedRate": 0.7
      }
    }
  },
  "byPersona": {
    "ao": {
      "attempts": 8,
      "strictPositionLocalization": {
        "toleranceMorae": 0,
        "truePositivePositions": 8,
        "falsePositivePositions": 29,
        "falseNegativePositions": 1,
        "precision": 0.216216,
        "recall": 0.888889,
        "f1": 0.347826
      },
      "withinOneMoraLocalization": {
        "toleranceMorae": 1,
        "truePositivePositions": 8,
        "falsePositivePositions": 29,
        "falseNegativePositions": 1,
        "precision": 0.216216,
        "recall": 0.888889,
        "f1": 0.347826
      },
      "errorDetection": {
        "truePositives": 6,
        "falsePositives": 1,
        "falseNegatives": 0,
        "trueNegatives": 1,
        "precision": 0.857143,
        "recall": 1.0,
        "f1": 0.923077
      },
      "exactControlTranscription": {
        "attempts": 2,
        "exactMoraMatches": 1,
        "emptyTranscripts": 0,
        "moraErrorRate": 0.034483
      },
      "injectedVariantEvidence": {
        "errorAttempts": 6,
        "closerToInjectedReading": 4,
        "closerToExpectedTarget": 1,
        "equalDistance": 1,
        "closerToInjectedRate": 0.666667
      }
    },
    "aya": {
      "attempts": 8,
      "strictPositionLocalization": {
        "toleranceMorae": 0,
        "truePositivePositions": 8,
        "falsePositivePositions": 28,
        "falseNegativePositions": 1,
        "precision": 0.222222,
        "recall": 0.888889,
        "f1": 0.355556
      },
      "withinOneMoraLocalization": {
        "toleranceMorae": 1,
        "truePositivePositions": 8,
        "falsePositivePositions": 28,
        "falseNegativePositions": 1,
        "precision": 0.222222,
        "recall": 0.888889,
        "f1": 0.355556
      },
      "errorDetection": {
        "truePositives": 6,
        "falsePositives": 1,
        "falseNegatives": 0,
        "trueNegatives": 1,
        "precision": 0.857143,
        "recall": 1.0,
        "f1": 0.923077
      },
      "exactControlTranscription": {
        "attempts": 2,
        "exactMoraMatches": 1,
        "emptyTranscripts": 0,
        "moraErrorRate": 0.034483
      },
      "injectedVariantEvidence": {
        "errorAttempts": 6,
        "closerToInjectedReading": 4,
        "closerToExpectedTarget": 1,
        "equalDistance": 1,
        "closerToInjectedRate": 0.666667
      }
    },
    "chiyo": {
      "attempts": 8,
      "strictPositionLocalization": {
        "toleranceMorae": 0,
        "truePositivePositions": 9,
        "falsePositivePositions": 24,
        "falseNegativePositions": 0,
        "precision": 0.272727,
        "recall": 1.0,
        "f1": 0.428571
      },
      "withinOneMoraLocalization": {
        "toleranceMorae": 1,
        "truePositivePositions": 9,
        "falsePositivePositions": 24,
        "falseNegativePositions": 0,
        "precision": 0.272727,
        "recall": 1.0,
        "f1": 0.428571
      },
      "errorDetection": {
        "truePositives": 6,
        "falsePositives": 0,
        "falseNegatives": 0,
        "trueNegatives": 2,
        "precision": 1.0,
        "recall": 1.0,
        "f1": 1.0
      },
      "exactControlTranscription": {
        "attempts": 2,
        "exactMoraMatches": 2,
        "emptyTranscripts": 0,
        "moraErrorRate": 0.0
      },
      "injectedVariantEvidence": {
        "errorAttempts": 6,
        "closerToInjectedReading": 6,
        "closerToExpectedTarget": 0,
        "equalDistance": 0,
        "closerToInjectedRate": 1.0
      }
    },
    "eri": {
      "attempts": 8,
      "strictPositionLocalization": {
        "toleranceMorae": 0,
        "truePositivePositions": 8,
        "falsePositivePositions": 32,
        "falseNegativePositions": 1,
        "precision": 0.2,
        "recall": 0.888889,
        "f1": 0.326531
      },
      "withinOneMoraLocalization": {
        "toleranceMorae": 1,
        "truePositivePositions": 8,
        "falsePositivePositions": 32,
        "falseNegativePositions": 1,
        "precision": 0.2,
        "recall": 0.888889,
        "f1": 0.326531
      },
      "errorDetection": {
        "truePositives": 6,
        "falsePositives": 1,
        "falseNegatives": 0,
        "trueNegatives": 1,
        "precision": 0.857143,
        "recall": 1.0,
        "f1": 0.923077
      },
      "exactControlTranscription": {
        "attempts": 2,
        "exactMoraMatches": 1,
        "emptyTranscripts": 0,
        "moraErrorRate": 0.241379
      },
      "injectedVariantEvidence": {
        "errorAttempts": 6,
        "closerToInjectedReading": 3,
        "closerToExpectedTarget": 1,
        "equalDistance": 2,
        "closerToInjectedRate": 0.5
      }
    },
    "fumi": {
      "attempts": 8,
      "strictPositionLocalization": {
        "toleranceMorae": 0,
        "truePositivePositions": 8,
        "falsePositivePositions": 24,
        "falseNegativePositions": 1,
        "precision": 0.25,
        "recall": 0.888889,
        "f1": 0.390244
      },
      "withinOneMoraLocalization": {
        "toleranceMorae": 1,
        "truePositivePositions": 8,
        "falsePositivePositions": 24,
        "falseNegativePositions": 1,
        "precision": 0.25,
        "recall": 0.888889,
        "f1": 0.390244
      },
      "errorDetection": {
        "truePositives": 6,
        "falsePositives": 1,
        "falseNegatives": 0,
        "trueNegatives": 1,
        "precision": 0.857143,
        "recall": 1.0,
        "f1": 0.923077
      },
      "exactControlTranscription": {
        "attempts": 2,
        "exactMoraMatches": 1,
        "emptyTranscripts": 0,
        "moraErrorRate": 0.068966
      },
      "injectedVariantEvidence": {
        "errorAttempts": 6,
        "closerToInjectedReading": 4,
        "closerToExpectedTarget": 1,
        "equalDistance": 1,
        "closerToInjectedRate": 0.666667
      }
    },
    "gen": {
      "attempts": 8,
      "strictPositionLocalization": {
        "toleranceMorae": 0,
        "truePositivePositions": 9,
        "falsePositivePositions": 21,
        "falseNegativePositions": 0,
        "precision": 0.3,
        "recall": 1.0,
        "f1": 0.461538
      },
      "withinOneMoraLocalization": {
        "toleranceMorae": 1,
        "truePositivePositions": 9,
        "falsePositivePositions": 21,
        "falseNegativePositions": 0,
        "precision": 0.3,
        "recall": 1.0,
        "f1": 0.461538
      },
      "errorDetection": {
        "truePositives": 6,
        "falsePositives": 2,
        "falseNegatives": 0,
        "trueNegatives": 0,
        "precision": 0.75,
        "recall": 1.0,
        "f1": 0.857143
      },
      "exactControlTranscription": {
        "attempts": 2,
        "exactMoraMatches": 0,
        "emptyTranscripts": 0,
        "moraErrorRate": 0.068966
      },
      "injectedVariantEvidence": {
        "errorAttempts": 6,
        "closerToInjectedReading": 5,
        "closerToExpectedTarget": 0,
        "equalDistance": 1,
        "closerToInjectedRate": 0.833333
      }
    },
    "hiro": {
      "attempts": 8,
      "strictPositionLocalization": {
        "toleranceMorae": 0,
        "truePositivePositions": 8,
        "falsePositivePositions": 19,
        "falseNegativePositions": 1,
        "precision": 0.296296,
        "recall": 0.888889,
        "f1": 0.444444
      },
      "withinOneMoraLocalization": {
        "toleranceMorae": 1,
        "truePositivePositions": 8,
        "falsePositivePositions": 19,
        "falseNegativePositions": 1,
        "precision": 0.296296,
        "recall": 0.888889,
        "f1": 0.444444
      },
      "errorDetection": {
        "truePositives": 6,
        "falsePositives": 1,
        "falseNegatives": 0,
        "trueNegatives": 1,
        "precision": 0.857143,
        "recall": 1.0,
        "f1": 0.923077
      },
      "exactControlTranscription": {
        "attempts": 2,
        "exactMoraMatches": 1,
        "emptyTranscripts": 0,
        "moraErrorRate": 0.034483
      },
      "injectedVariantEvidence": {
        "errorAttempts": 6,
        "closerToInjectedReading": 4,
        "closerToExpectedTarget": 1,
        "equalDistance": 1,
        "closerToInjectedRate": 0.666667
      }
    },
    "issei": {
      "attempts": 8,
      "strictPositionLocalization": {
        "toleranceMorae": 0,
        "truePositivePositions": 7,
        "falsePositivePositions": 20,
        "falseNegativePositions": 2,
        "precision": 0.259259,
        "recall": 0.777778,
        "f1": 0.388889
      },
      "withinOneMoraLocalization": {
        "toleranceMorae": 1,
        "truePositivePositions": 8,
        "falsePositivePositions": 19,
        "falseNegativePositions": 1,
        "precision": 0.296296,
        "recall": 0.888889,
        "f1": 0.444444
      },
      "errorDetection": {
        "truePositives": 6,
        "falsePositives": 1,
        "falseNegatives": 0,
        "trueNegatives": 1,
        "precision": 0.857143,
        "recall": 1.0,
        "f1": 0.923077
      },
      "exactControlTranscription": {
        "attempts": 2,
        "exactMoraMatches": 1,
        "emptyTranscripts": 0,
        "moraErrorRate": 0.034483
      },
      "injectedVariantEvidence": {
        "errorAttempts": 6,
        "closerToInjectedReading": 4,
        "closerToExpectedTarget": 1,
        "equalDistance": 1,
        "closerToInjectedRate": 0.666667
      }
    },
    "jun": {
      "attempts": 8,
      "strictPositionLocalization": {
        "toleranceMorae": 0,
        "truePositivePositions": 8,
        "falsePositivePositions": 21,
        "falseNegativePositions": 1,
        "precision": 0.275862,
        "recall": 0.888889,
        "f1": 0.421053
      },
      "withinOneMoraLocalization": {
        "toleranceMorae": 1,
        "truePositivePositions": 8,
        "falsePositivePositions": 21,
        "falseNegativePositions": 1,
        "precision": 0.275862,
        "recall": 0.888889,
        "f1": 0.421053
      },
      "errorDetection": {
        "truePositives": 5,
        "falsePositives": 2,
        "falseNegatives": 1,
        "trueNegatives": 0,
        "precision": 0.714286,
        "recall": 0.833333,
        "f1": 0.769231
      },
      "exactControlTranscription": {
        "attempts": 2,
        "exactMoraMatches": 0,
        "emptyTranscripts": 0,
        "moraErrorRate": 0.241379
      },
      "injectedVariantEvidence": {
        "errorAttempts": 6,
        "closerToInjectedReading": 4,
        "closerToExpectedTarget": 1,
        "equalDistance": 1,
        "closerToInjectedRate": 0.666667
      }
    },
    "kai": {
      "attempts": 8,
      "strictPositionLocalization": {
        "toleranceMorae": 0,
        "truePositivePositions": 8,
        "falsePositivePositions": 21,
        "falseNegativePositions": 1,
        "precision": 0.275862,
        "recall": 0.888889,
        "f1": 0.421053
      },
      "withinOneMoraLocalization": {
        "toleranceMorae": 1,
        "truePositivePositions": 8,
        "falsePositivePositions": 21,
        "falseNegativePositions": 1,
        "precision": 0.275862,
        "recall": 0.888889,
        "f1": 0.421053
      },
      "errorDetection": {
        "truePositives": 6,
        "falsePositives": 1,
        "falseNegatives": 0,
        "trueNegatives": 1,
        "precision": 0.857143,
        "recall": 1.0,
        "f1": 0.923077
      },
      "exactControlTranscription": {
        "attempts": 2,
        "exactMoraMatches": 1,
        "emptyTranscripts": 0,
        "moraErrorRate": 0.034483
      },
      "injectedVariantEvidence": {
        "errorAttempts": 6,
        "closerToInjectedReading": 3,
        "closerToExpectedTarget": 1,
        "equalDistance": 2,
        "closerToInjectedRate": 0.5
      }
    },
    "keiko": {
      "attempts": 8,
      "strictPositionLocalization": {
        "toleranceMorae": 0,
        "truePositivePositions": 8,
        "falsePositivePositions": 14,
        "falseNegativePositions": 1,
        "precision": 0.363636,
        "recall": 0.888889,
        "f1": 0.516129
      },
      "withinOneMoraLocalization": {
        "toleranceMorae": 1,
        "truePositivePositions": 8,
        "falsePositivePositions": 14,
        "falseNegativePositions": 1,
        "precision": 0.363636,
        "recall": 0.888889,
        "f1": 0.516129
      },
      "errorDetection": {
        "truePositives": 5,
        "falsePositives": 1,
        "falseNegatives": 1,
        "trueNegatives": 1,
        "precision": 0.833333,
        "recall": 0.833333,
        "f1": 0.833333
      },
      "exactControlTranscription": {
        "attempts": 2,
        "exactMoraMatches": 1,
        "emptyTranscripts": 0,
        "moraErrorRate": 0.034483
      },
      "injectedVariantEvidence": {
        "errorAttempts": 6,
        "closerToInjectedReading": 5,
        "closerToExpectedTarget": 1,
        "equalDistance": 0,
        "closerToInjectedRate": 0.833333
      }
    },
    "makoto": {
      "attempts": 8,
      "strictPositionLocalization": {
        "toleranceMorae": 0,
        "truePositivePositions": 8,
        "falsePositivePositions": 16,
        "falseNegativePositions": 1,
        "precision": 0.333333,
        "recall": 0.888889,
        "f1": 0.484848
      },
      "withinOneMoraLocalization": {
        "toleranceMorae": 1,
        "truePositivePositions": 8,
        "falsePositivePositions": 16,
        "falseNegativePositions": 1,
        "precision": 0.333333,
        "recall": 0.888889,
        "f1": 0.484848
      },
      "errorDetection": {
        "truePositives": 6,
        "falsePositives": 1,
        "falseNegatives": 0,
        "trueNegatives": 1,
        "precision": 0.857143,
        "recall": 1.0,
        "f1": 0.923077
      },
      "exactControlTranscription": {
        "attempts": 2,
        "exactMoraMatches": 1,
        "emptyTranscripts": 0,
        "moraErrorRate": 0.034483
      },
      "injectedVariantEvidence": {
        "errorAttempts": 6,
        "closerToInjectedReading": 4,
        "closerToExpectedTarget": 1,
        "equalDistance": 1,
        "closerToInjectedRate": 0.666667
      }
    },
    "mio": {
      "attempts": 8,
      "strictPositionLocalization": {
        "toleranceMorae": 0,
        "truePositivePositions": 8,
        "falsePositivePositions": 36,
        "falseNegativePositions": 1,
        "precision": 0.181818,
        "recall": 0.888889,
        "f1": 0.301887
      },
      "withinOneMoraLocalization": {
        "toleranceMorae": 1,
        "truePositivePositions": 8,
        "falsePositivePositions": 36,
        "falseNegativePositions": 1,
        "precision": 0.181818,
        "recall": 0.888889,
        "f1": 0.301887
      },
      "errorDetection": {
        "truePositives": 6,
        "falsePositives": 1,
        "falseNegatives": 0,
        "trueNegatives": 1,
        "precision": 0.857143,
        "recall": 1.0,
        "f1": 0.923077
      },
      "exactControlTranscription": {
        "attempts": 2,
        "exactMoraMatches": 1,
        "emptyTranscripts": 0,
        "moraErrorRate": 0.103448
      },
      "injectedVariantEvidence": {
        "errorAttempts": 6,
        "closerToInjectedReading": 3,
        "closerToExpectedTarget": 1,
        "equalDistance": 2,
        "closerToInjectedRate": 0.5
      }
    },
    "nami": {
      "attempts": 8,
      "strictPositionLocalization": {
        "toleranceMorae": 0,
        "truePositivePositions": 8,
        "falsePositivePositions": 32,
        "falseNegativePositions": 1,
        "precision": 0.2,
        "recall": 0.888889,
        "f1": 0.326531
      },
      "withinOneMoraLocalization": {
        "toleranceMorae": 1,
        "truePositivePositions": 8,
        "falsePositivePositions": 32,
        "falseNegativePositions": 1,
        "precision": 0.2,
        "recall": 0.888889,
        "f1": 0.326531
      },
      "errorDetection": {
        "truePositives": 6,
        "falsePositives": 2,
        "falseNegatives": 0,
        "trueNegatives": 0,
        "precision": 0.75,
        "recall": 1.0,
        "f1": 0.857143
      },
      "exactControlTranscription": {
        "attempts": 2,
        "exactMoraMatches": 0,
        "emptyTranscripts": 0,
        "moraErrorRate": 0.172414
      },
      "injectedVariantEvidence": {
        "errorAttempts": 6,
        "closerToInjectedReading": 4,
        "closerToExpectedTarget": 1,
        "equalDistance": 1,
        "closerToInjectedRate": 0.666667
      }
    },
    "osamu": {
      "attempts": 8,
      "strictPositionLocalization": {
        "toleranceMorae": 0,
        "truePositivePositions": 8,
        "falsePositivePositions": 14,
        "falseNegativePositions": 1,
        "precision": 0.363636,
        "recall": 0.888889,
        "f1": 0.516129
      },
      "withinOneMoraLocalization": {
        "toleranceMorae": 1,
        "truePositivePositions": 8,
        "falsePositivePositions": 14,
        "falseNegativePositions": 1,
        "precision": 0.363636,
        "recall": 0.888889,
        "f1": 0.516129
      },
      "errorDetection": {
        "truePositives": 6,
        "falsePositives": 1,
        "falseNegatives": 0,
        "trueNegatives": 1,
        "precision": 0.857143,
        "recall": 1.0,
        "f1": 0.923077
      },
      "exactControlTranscription": {
        "attempts": 2,
        "exactMoraMatches": 1,
        "emptyTranscripts": 0,
        "moraErrorRate": 0.034483
      },
      "injectedVariantEvidence": {
        "errorAttempts": 6,
        "closerToInjectedReading": 4,
        "closerToExpectedTarget": 1,
        "equalDistance": 1,
        "closerToInjectedRate": 0.666667
      }
    },
    "ren": {
      "attempts": 8,
      "strictPositionLocalization": {
        "toleranceMorae": 0,
        "truePositivePositions": 8,
        "falsePositivePositions": 16,
        "falseNegativePositions": 1,
        "precision": 0.333333,
        "recall": 0.888889,
        "f1": 0.484848
      },
      "withinOneMoraLocalization": {
        "toleranceMorae": 1,
        "truePositivePositions": 8,
        "falsePositivePositions": 16,
        "falseNegativePositions": 1,
        "precision": 0.333333,
        "recall": 0.888889,
        "f1": 0.484848
      },
      "errorDetection": {
        "truePositives": 6,
        "falsePositives": 0,
        "falseNegatives": 0,
        "trueNegatives": 2,
        "precision": 1.0,
        "recall": 1.0,
        "f1": 1.0
      },
      "exactControlTranscription": {
        "attempts": 2,
        "exactMoraMatches": 2,
        "emptyTranscripts": 0,
        "moraErrorRate": 0.0
      },
      "injectedVariantEvidence": {
        "errorAttempts": 6,
        "closerToInjectedReading": 4,
        "closerToExpectedTarget": 1,
        "equalDistance": 1,
        "closerToInjectedRate": 0.666667
      }
    },
    "risa": {
      "attempts": 8,
      "strictPositionLocalization": {
        "toleranceMorae": 0,
        "truePositivePositions": 8,
        "falsePositivePositions": 18,
        "falseNegativePositions": 1,
        "precision": 0.307692,
        "recall": 0.888889,
        "f1": 0.457143
      },
      "withinOneMoraLocalization": {
        "toleranceMorae": 1,
        "truePositivePositions": 9,
        "falsePositivePositions": 17,
        "falseNegativePositions": 0,
        "precision": 0.346154,
        "recall": 1.0,
        "f1": 0.514286
      },
      "errorDetection": {
        "truePositives": 6,
        "falsePositives": 0,
        "falseNegatives": 0,
        "trueNegatives": 2,
        "precision": 1.0,
        "recall": 1.0,
        "f1": 1.0
      },
      "exactControlTranscription": {
        "attempts": 2,
        "exactMoraMatches": 2,
        "emptyTranscripts": 0,
        "moraErrorRate": 0.0
      },
      "injectedVariantEvidence": {
        "errorAttempts": 6,
        "closerToInjectedReading": 4,
        "closerToExpectedTarget": 0,
        "equalDistance": 2,
        "closerToInjectedRate": 0.666667
      }
    },
    "sota": {
      "attempts": 8,
      "strictPositionLocalization": {
        "toleranceMorae": 0,
        "truePositivePositions": 9,
        "falsePositivePositions": 14,
        "falseNegativePositions": 0,
        "precision": 0.391304,
        "recall": 1.0,
        "f1": 0.5625
      },
      "withinOneMoraLocalization": {
        "toleranceMorae": 1,
        "truePositivePositions": 9,
        "falsePositivePositions": 14,
        "falseNegativePositions": 0,
        "precision": 0.391304,
        "recall": 1.0,
        "f1": 0.5625
      },
      "errorDetection": {
        "truePositives": 6,
        "falsePositives": 0,
        "falseNegatives": 0,
        "trueNegatives": 2,
        "precision": 1.0,
        "recall": 1.0,
        "f1": 1.0
      },
      "exactControlTranscription": {
        "attempts": 2,
        "exactMoraMatches": 2,
        "emptyTranscripts": 0,
        "moraErrorRate": 0.0
      },
      "injectedVariantEvidence": {
        "errorAttempts": 6,
        "closerToInjectedReading": 5,
        "closerToExpectedTarget": 0,
        "equalDistance": 1,
        "closerToInjectedRate": 0.833333
      }
    },
    "taku": {
      "attempts": 8,
      "strictPositionLocalization": {
        "toleranceMorae": 0,
        "truePositivePositions": 8,
        "falsePositivePositions": 18,
        "falseNegativePositions": 1,
        "precision": 0.307692,
        "recall": 0.888889,
        "f1": 0.457143
      },
      "withinOneMoraLocalization": {
        "toleranceMorae": 1,
        "truePositivePositions": 8,
        "falsePositivePositions": 18,
        "falseNegativePositions": 1,
        "precision": 0.307692,
        "recall": 0.888889,
        "f1": 0.457143
      },
      "errorDetection": {
        "truePositives": 6,
        "falsePositives": 2,
        "falseNegatives": 0,
        "trueNegatives": 0,
        "precision": 0.75,
        "recall": 1.0,
        "f1": 0.857143
      },
      "exactControlTranscription": {
        "attempts": 2,
        "exactMoraMatches": 0,
        "emptyTranscripts": 0,
        "moraErrorRate": 0.068966
      },
      "injectedVariantEvidence": {
        "errorAttempts": 6,
        "closerToInjectedReading": 5,
        "closerToExpectedTarget": 1,
        "equalDistance": 0,
        "closerToInjectedRate": 0.833333
      }
    },
    "yui": {
      "attempts": 8,
      "strictPositionLocalization": {
        "toleranceMorae": 0,
        "truePositivePositions": 8,
        "falsePositivePositions": 18,
        "falseNegativePositions": 1,
        "precision": 0.307692,
        "recall": 0.888889,
        "f1": 0.457143
      },
      "withinOneMoraLocalization": {
        "toleranceMorae": 1,
        "truePositivePositions": 8,
        "falsePositivePositions": 18,
        "falseNegativePositions": 1,
        "precision": 0.307692,
        "recall": 0.888889,
        "f1": 0.457143
      },
      "errorDetection": {
        "truePositives": 6,
        "falsePositives": 2,
        "falseNegatives": 0,
        "trueNegatives": 0,
        "precision": 0.75,
        "recall": 1.0,
        "f1": 0.857143
      },
      "exactControlTranscription": {
        "attempts": 2,
        "exactMoraMatches": 0,
        "emptyTranscripts": 0,
        "moraErrorRate": 0.068966
      },
      "injectedVariantEvidence": {
        "errorAttempts": 6,
        "closerToInjectedReading": 5,
        "closerToExpectedTarget": 1,
        "equalDistance": 0,
        "closerToInjectedRate": 0.833333
      }
    }
  }
}
Wrote results/conditions/phone_band-a.json
