Using raw vosk-model-small-ja-0.22 with one fresh model per condition stream; evaluating 160 sources x 1 conditions
[1/160] street_noise / ao / weather-exact
[2/160] street_noise / ao / job-exact
[3/160] street_noise / ao / coffee-long-vowel-deletion
[4/160] street_noise / ao / station-small-tsu-deletion
[5/160] street_noise / ao / repeat-mora-deletion
[6/160] street_noise / ao / job-voicing-substitution
[7/160] street_noise / ao / reservation-insertion
[8/160] street_noise / ao / explain-lexical-substitution
[9/160] street_noise / ren / weather-exact
[10/160] street_noise / ren / job-exact
[11/160] street_noise / ren / coffee-long-vowel-deletion
[12/160] street_noise / ren / station-small-tsu-deletion
[13/160] street_noise / ren / repeat-mora-deletion
[14/160] street_noise / ren / job-voicing-substitution
[15/160] street_noise / ren / reservation-insertion
[16/160] street_noise / ren / explain-lexical-substitution
[17/160] street_noise / mio / weather-exact
[18/160] street_noise / mio / job-exact
[19/160] street_noise / mio / coffee-long-vowel-deletion
[20/160] street_noise / mio / station-small-tsu-deletion
[21/160] street_noise / mio / repeat-mora-deletion
[22/160] street_noise / mio / job-voicing-substitution
[23/160] street_noise / mio / reservation-insertion
[24/160] street_noise / mio / explain-lexical-substitution
[25/160] street_noise / kai / weather-exact
[26/160] street_noise / kai / job-exact
[27/160] street_noise / kai / coffee-long-vowel-deletion
[28/160] street_noise / kai / station-small-tsu-deletion
[29/160] street_noise / kai / repeat-mora-deletion
[30/160] street_noise / kai / job-voicing-substitution
[31/160] street_noise / kai / reservation-insertion
[32/160] street_noise / kai / explain-lexical-substitution
[33/160] street_noise / aya / weather-exact
[34/160] street_noise / aya / job-exact
[35/160] street_noise / aya / coffee-long-vowel-deletion
[36/160] street_noise / aya / station-small-tsu-deletion
[37/160] street_noise / aya / repeat-mora-deletion
[38/160] street_noise / aya / job-voicing-substitution
[39/160] street_noise / aya / reservation-insertion
[40/160] street_noise / aya / explain-lexical-substitution
[41/160] street_noise / jun / weather-exact
[42/160] street_noise / jun / job-exact
[43/160] street_noise / jun / coffee-long-vowel-deletion
[44/160] street_noise / jun / station-small-tsu-deletion
[45/160] street_noise / jun / repeat-mora-deletion
[46/160] street_noise / jun / job-voicing-substitution
[47/160] street_noise / jun / reservation-insertion
[48/160] street_noise / jun / explain-lexical-substitution
[49/160] street_noise / nami / weather-exact
[50/160] street_noise / nami / job-exact
[51/160] street_noise / nami / coffee-long-vowel-deletion
[52/160] street_noise / nami / station-small-tsu-deletion
[53/160] street_noise / nami / repeat-mora-deletion
[54/160] street_noise / nami / job-voicing-substitution
[55/160] street_noise / nami / reservation-insertion
[56/160] street_noise / nami / explain-lexical-substitution
[57/160] street_noise / sota / weather-exact
[58/160] street_noise / sota / job-exact
[59/160] street_noise / sota / coffee-long-vowel-deletion
[60/160] street_noise / sota / station-small-tsu-deletion
[61/160] street_noise / sota / repeat-mora-deletion
[62/160] street_noise / sota / job-voicing-substitution
[63/160] street_noise / sota / reservation-insertion
[64/160] street_noise / sota / explain-lexical-substitution
[65/160] street_noise / eri / weather-exact
[66/160] street_noise / eri / job-exact
[67/160] street_noise / eri / coffee-long-vowel-deletion
[68/160] street_noise / eri / station-small-tsu-deletion
[69/160] street_noise / eri / repeat-mora-deletion
[70/160] street_noise / eri / job-voicing-substitution
[71/160] street_noise / eri / reservation-insertion
[72/160] street_noise / eri / explain-lexical-substitution
[73/160] street_noise / taku / weather-exact
[74/160] street_noise / taku / job-exact
[75/160] street_noise / taku / coffee-long-vowel-deletion
[76/160] street_noise / taku / station-small-tsu-deletion
[77/160] street_noise / taku / repeat-mora-deletion
[78/160] street_noise / taku / job-voicing-substitution
[79/160] street_noise / taku / reservation-insertion
[80/160] street_noise / taku / explain-lexical-substitution
[81/160] street_noise / risa / weather-exact
[82/160] street_noise / risa / job-exact
[83/160] street_noise / risa / coffee-long-vowel-deletion
[84/160] street_noise / risa / station-small-tsu-deletion
[85/160] street_noise / risa / repeat-mora-deletion
[86/160] street_noise / risa / job-voicing-substitution
[87/160] street_noise / risa / reservation-insertion
[88/160] street_noise / risa / explain-lexical-substitution
[89/160] street_noise / makoto / weather-exact
[90/160] street_noise / makoto / job-exact
[91/160] street_noise / makoto / coffee-long-vowel-deletion
[92/160] street_noise / makoto / station-small-tsu-deletion
[93/160] street_noise / makoto / repeat-mora-deletion
[94/160] street_noise / makoto / job-voicing-substitution
[95/160] street_noise / makoto / reservation-insertion
[96/160] street_noise / makoto / explain-lexical-substitution
[97/160] street_noise / keiko / weather-exact
[98/160] street_noise / keiko / job-exact
[99/160] street_noise / keiko / coffee-long-vowel-deletion
[100/160] street_noise / keiko / station-small-tsu-deletion
[101/160] street_noise / keiko / repeat-mora-deletion
[102/160] street_noise / keiko / job-voicing-substitution
[103/160] street_noise / keiko / reservation-insertion
[104/160] street_noise / keiko / explain-lexical-substitution
[105/160] street_noise / osamu / weather-exact
[106/160] street_noise / osamu / job-exact
[107/160] street_noise / osamu / coffee-long-vowel-deletion
[108/160] street_noise / osamu / station-small-tsu-deletion
[109/160] street_noise / osamu / repeat-mora-deletion
[110/160] street_noise / osamu / job-voicing-substitution
[111/160] street_noise / osamu / reservation-insertion
[112/160] street_noise / osamu / explain-lexical-substitution
[113/160] street_noise / yui / weather-exact
[114/160] street_noise / yui / job-exact
[115/160] street_noise / yui / coffee-long-vowel-deletion
[116/160] street_noise / yui / station-small-tsu-deletion
[117/160] street_noise / yui / repeat-mora-deletion
[118/160] street_noise / yui / job-voicing-substitution
[119/160] street_noise / yui / reservation-insertion
[120/160] street_noise / yui / explain-lexical-substitution
[121/160] street_noise / hiro / weather-exact
[122/160] street_noise / hiro / job-exact
[123/160] street_noise / hiro / coffee-long-vowel-deletion
[124/160] street_noise / hiro / station-small-tsu-deletion
[125/160] street_noise / hiro / repeat-mora-deletion
[126/160] street_noise / hiro / job-voicing-substitution
[127/160] street_noise / hiro / reservation-insertion
[128/160] street_noise / hiro / explain-lexical-substitution
[129/160] street_noise / fumi / weather-exact
[130/160] street_noise / fumi / job-exact
[131/160] street_noise / fumi / coffee-long-vowel-deletion
[132/160] street_noise / fumi / station-small-tsu-deletion
[133/160] street_noise / fumi / repeat-mora-deletion
[134/160] street_noise / fumi / job-voicing-substitution
[135/160] street_noise / fumi / reservation-insertion
[136/160] street_noise / fumi / explain-lexical-substitution
[137/160] street_noise / gen / weather-exact
[138/160] street_noise / gen / job-exact
[139/160] street_noise / gen / coffee-long-vowel-deletion
[140/160] street_noise / gen / station-small-tsu-deletion
[141/160] street_noise / gen / repeat-mora-deletion
[142/160] street_noise / gen / job-voicing-substitution
[143/160] street_noise / gen / reservation-insertion
[144/160] street_noise / gen / explain-lexical-substitution
[145/160] street_noise / chiyo / weather-exact
[146/160] street_noise / chiyo / job-exact
[147/160] street_noise / chiyo / coffee-long-vowel-deletion
[148/160] street_noise / chiyo / station-small-tsu-deletion
[149/160] street_noise / chiyo / repeat-mora-deletion
[150/160] street_noise / chiyo / job-voicing-substitution
[151/160] street_noise / chiyo / reservation-insertion
[152/160] street_noise / chiyo / explain-lexical-substitution
[153/160] street_noise / issei / weather-exact
[154/160] street_noise / issei / job-exact
[155/160] street_noise / issei / coffee-long-vowel-deletion
[156/160] street_noise / issei / station-small-tsu-deletion
[157/160] street_noise / issei / repeat-mora-deletion
[158/160] street_noise / issei / job-voicing-substitution
[159/160] street_noise / issei / reservation-insertion
[160/160] street_noise / issei / explain-lexical-substitution
{
  "allConditions": {
    "attempts": 160,
    "strictPositionLocalization": {
      "toleranceMorae": 0,
      "truePositivePositions": 147,
      "falsePositivePositions": 99,
      "falseNegativePositions": 33,
      "precision": 0.597561,
      "recall": 0.816667,
      "f1": 0.690141
    },
    "withinOneMoraLocalization": {
      "toleranceMorae": 1,
      "truePositivePositions": 148,
      "falsePositivePositions": 98,
      "falseNegativePositions": 32,
      "precision": 0.601626,
      "recall": 0.822222,
      "f1": 0.694836
    },
    "errorDetection": {
      "truePositives": 92,
      "falsePositives": 7,
      "falseNegatives": 28,
      "trueNegatives": 33,
      "precision": 0.929293,
      "recall": 0.766667,
      "f1": 0.840183
    },
    "exactControlTranscription": {
      "attempts": 40,
      "exactMoraMatches": 33,
      "emptyTranscripts": 0,
      "moraErrorRate": 0.012069
    },
    "injectedVariantEvidence": {
      "errorAttempts": 120,
      "closerToInjectedReading": 67,
      "closerToExpectedTarget": 32,
      "equalDistance": 21,
      "closerToInjectedRate": 0.558333
    }
  },
  "cleanOnly": {
    "attempts": 0,
    "strictPositionLocalization": {
      "toleranceMorae": 0,
      "truePositivePositions": 0,
      "falsePositivePositions": 0,
      "falseNegativePositions": 0,
      "precision": null,
      "recall": null,
      "f1": null
    },
    "withinOneMoraLocalization": {
      "toleranceMorae": 1,
      "truePositivePositions": 0,
      "falsePositivePositions": 0,
      "falseNegativePositions": 0,
      "precision": null,
      "recall": null,
      "f1": null
    },
    "errorDetection": {
      "truePositives": 0,
      "falsePositives": 0,
      "falseNegatives": 0,
      "trueNegatives": 0,
      "precision": null,
      "recall": null,
      "f1": null
    },
    "exactControlTranscription": {
      "attempts": 0,
      "exactMoraMatches": 0,
      "emptyTranscripts": 0,
      "moraErrorRate": null
    },
    "injectedVariantEvidence": {
      "errorAttempts": 0,
      "closerToInjectedReading": 0,
      "closerToExpectedTarget": 0,
      "equalDistance": 0,
      "closerToInjectedRate": null
    }
  },
  "byAugmentation": {
    "street_noise": {
      "attempts": 160,
      "strictPositionLocalization": {
        "toleranceMorae": 0,
        "truePositivePositions": 147,
        "falsePositivePositions": 99,
        "falseNegativePositions": 33,
        "precision": 0.597561,
        "recall": 0.816667,
        "f1": 0.690141
      },
      "withinOneMoraLocalization": {
        "toleranceMorae": 1,
        "truePositivePositions": 148,
        "falsePositivePositions": 98,
        "falseNegativePositions": 32,
        "precision": 0.601626,
        "recall": 0.822222,
        "f1": 0.694836
      },
      "errorDetection": {
        "truePositives": 92,
        "falsePositives": 7,
        "falseNegatives": 28,
        "trueNegatives": 33,
        "precision": 0.929293,
        "recall": 0.766667,
        "f1": 0.840183
      },
      "exactControlTranscription": {
        "attempts": 40,
        "exactMoraMatches": 33,
        "emptyTranscripts": 0,
        "moraErrorRate": 0.012069
      },
      "injectedVariantEvidence": {
        "errorAttempts": 120,
        "closerToInjectedReading": 67,
        "closerToExpectedTarget": 32,
        "equalDistance": 21,
        "closerToInjectedRate": 0.558333
      }
    }
  },
  "byErrorKind": {
    "exact": {
      "attempts": 40,
      "strictPositionLocalization": {
        "toleranceMorae": 0,
        "truePositivePositions": 0,
        "falsePositivePositions": 7,
        "falseNegativePositions": 0,
        "precision": 0.0,
        "recall": null,
        "f1": null
      },
      "withinOneMoraLocalization": {
        "toleranceMorae": 1,
        "truePositivePositions": 0,
        "falsePositivePositions": 7,
        "falseNegativePositions": 0,
        "precision": 0.0,
        "recall": null,
        "f1": null
      },
      "errorDetection": {
        "truePositives": 0,
        "falsePositives": 7,
        "falseNegatives": 0,
        "trueNegatives": 33,
        "precision": 0.0,
        "recall": null,
        "f1": null
      },
      "exactControlTranscription": {
        "attempts": 40,
        "exactMoraMatches": 33,
        "emptyTranscripts": 0,
        "moraErrorRate": 0.012069
      },
      "injectedVariantEvidence": {
        "errorAttempts": 0,
        "closerToInjectedReading": 0,
        "closerToExpectedTarget": 0,
        "equalDistance": 0,
        "closerToInjectedRate": null
      }
    },
    "lexical_substitution": {
      "attempts": 20,
      "strictPositionLocalization": {
        "toleranceMorae": 0,
        "truePositivePositions": 80,
        "falsePositivePositions": 22,
        "falseNegativePositions": 0,
        "precision": 0.784314,
        "recall": 1.0,
        "f1": 0.879121
      },
      "withinOneMoraLocalization": {
        "toleranceMorae": 1,
        "truePositivePositions": 80,
        "falsePositivePositions": 22,
        "falseNegativePositions": 0,
        "precision": 0.784314,
        "recall": 1.0,
        "f1": 0.879121
      },
      "errorDetection": {
        "truePositives": 20,
        "falsePositives": 0,
        "falseNegatives": 0,
        "trueNegatives": 0,
        "precision": 1.0,
        "recall": 1.0,
        "f1": 1.0
      },
      "exactControlTranscription": {
        "attempts": 0,
        "exactMoraMatches": 0,
        "emptyTranscripts": 0,
        "moraErrorRate": null
      },
      "injectedVariantEvidence": {
        "errorAttempts": 20,
        "closerToInjectedReading": 20,
        "closerToExpectedTarget": 0,
        "equalDistance": 0,
        "closerToInjectedRate": 1.0
      }
    },
    "long_vowel_deletion": {
      "attempts": 20,
      "strictPositionLocalization": {
        "toleranceMorae": 0,
        "truePositivePositions": 4,
        "falsePositivePositions": 14,
        "falseNegativePositions": 16,
        "precision": 0.222222,
        "recall": 0.2,
        "f1": 0.210526
      },
      "withinOneMoraLocalization": {
        "toleranceMorae": 1,
        "truePositivePositions": 4,
        "falsePositivePositions": 14,
        "falseNegativePositions": 16,
        "precision": 0.222222,
        "recall": 0.2,
        "f1": 0.210526
      },
      "errorDetection": {
        "truePositives": 5,
        "falsePositives": 0,
        "falseNegatives": 15,
        "trueNegatives": 0,
        "precision": 1.0,
        "recall": 0.25,
        "f1": 0.4
      },
      "exactControlTranscription": {
        "attempts": 0,
        "exactMoraMatches": 0,
        "emptyTranscripts": 0,
        "moraErrorRate": null
      },
      "injectedVariantEvidence": {
        "errorAttempts": 20,
        "closerToInjectedReading": 4,
        "closerToExpectedTarget": 16,
        "equalDistance": 0,
        "closerToInjectedRate": 0.2
      }
    },
    "small_tsu_deletion": {
      "attempts": 40,
      "strictPositionLocalization": {
        "toleranceMorae": 0,
        "truePositivePositions": 40,
        "falsePositivePositions": 50,
        "falseNegativePositions": 0,
        "precision": 0.444444,
        "recall": 1.0,
        "f1": 0.615385
      },
      "withinOneMoraLocalization": {
        "toleranceMorae": 1,
        "truePositivePositions": 40,
        "falsePositivePositions": 50,
        "falseNegativePositions": 0,
        "precision": 0.444444,
        "recall": 1.0,
        "f1": 0.615385
      },
      "errorDetection": {
        "truePositives": 40,
        "falsePositives": 0,
        "falseNegatives": 0,
        "trueNegatives": 0,
        "precision": 1.0,
        "recall": 1.0,
        "f1": 1.0
      },
      "exactControlTranscription": {
        "attempts": 0,
        "exactMoraMatches": 0,
        "emptyTranscripts": 0,
        "moraErrorRate": null
      },
      "injectedVariantEvidence": {
        "errorAttempts": 40,
        "closerToInjectedReading": 20,
        "closerToExpectedTarget": 0,
        "equalDistance": 20,
        "closerToInjectedRate": 0.5
      }
    },
    "voicing_substitution": {
      "attempts": 20,
      "strictPositionLocalization": {
        "toleranceMorae": 0,
        "truePositivePositions": 3,
        "falsePositivePositions": 4,
        "falseNegativePositions": 17,
        "precision": 0.428571,
        "recall": 0.15,
        "f1": 0.222222
      },
      "withinOneMoraLocalization": {
        "toleranceMorae": 1,
        "truePositivePositions": 4,
        "falsePositivePositions": 3,
        "falseNegativePositions": 16,
        "precision": 0.571429,
        "recall": 0.2,
        "f1": 0.296296
      },
      "errorDetection": {
        "truePositives": 7,
        "falsePositives": 0,
        "falseNegatives": 13,
        "trueNegatives": 0,
        "precision": 1.0,
        "recall": 0.35,
        "f1": 0.518519
      },
      "exactControlTranscription": {
        "attempts": 0,
        "exactMoraMatches": 0,
        "emptyTranscripts": 0,
        "moraErrorRate": null
      },
      "injectedVariantEvidence": {
        "errorAttempts": 20,
        "closerToInjectedReading": 3,
        "closerToExpectedTarget": 16,
        "equalDistance": 1,
        "closerToInjectedRate": 0.15
      }
    },
    "word_insertion": {
      "attempts": 20,
      "strictPositionLocalization": {
        "toleranceMorae": 0,
        "truePositivePositions": 20,
        "falsePositivePositions": 2,
        "falseNegativePositions": 0,
        "precision": 0.909091,
        "recall": 1.0,
        "f1": 0.952381
      },
      "withinOneMoraLocalization": {
        "toleranceMorae": 1,
        "truePositivePositions": 20,
        "falsePositivePositions": 2,
        "falseNegativePositions": 0,
        "precision": 0.909091,
        "recall": 1.0,
        "f1": 0.952381
      },
      "errorDetection": {
        "truePositives": 20,
        "falsePositives": 0,
        "falseNegatives": 0,
        "trueNegatives": 0,
        "precision": 1.0,
        "recall": 1.0,
        "f1": 1.0
      },
      "exactControlTranscription": {
        "attempts": 0,
        "exactMoraMatches": 0,
        "emptyTranscripts": 0,
        "moraErrorRate": null
      },
      "injectedVariantEvidence": {
        "errorAttempts": 20,
        "closerToInjectedReading": 20,
        "closerToExpectedTarget": 0,
        "equalDistance": 0,
        "closerToInjectedRate": 1.0
      }
    }
  },
  "byPersona": {
    "ao": {
      "attempts": 8,
      "strictPositionLocalization": {
        "toleranceMorae": 0,
        "truePositivePositions": 7,
        "falsePositivePositions": 5,
        "falseNegativePositions": 2,
        "precision": 0.583333,
        "recall": 0.777778,
        "f1": 0.666667
      },
      "withinOneMoraLocalization": {
        "toleranceMorae": 1,
        "truePositivePositions": 7,
        "falsePositivePositions": 5,
        "falseNegativePositions": 2,
        "precision": 0.583333,
        "recall": 0.777778,
        "f1": 0.666667
      },
      "errorDetection": {
        "truePositives": 4,
        "falsePositives": 1,
        "falseNegatives": 2,
        "trueNegatives": 1,
        "precision": 0.8,
        "recall": 0.666667,
        "f1": 0.727273
      },
      "exactControlTranscription": {
        "attempts": 2,
        "exactMoraMatches": 1,
        "emptyTranscripts": 0,
        "moraErrorRate": 0.034483
      },
      "injectedVariantEvidence": {
        "errorAttempts": 6,
        "closerToInjectedReading": 3,
        "closerToExpectedTarget": 2,
        "equalDistance": 1,
        "closerToInjectedRate": 0.5
      }
    },
    "aya": {
      "attempts": 8,
      "strictPositionLocalization": {
        "toleranceMorae": 0,
        "truePositivePositions": 7,
        "falsePositivePositions": 5,
        "falseNegativePositions": 2,
        "precision": 0.583333,
        "recall": 0.777778,
        "f1": 0.666667
      },
      "withinOneMoraLocalization": {
        "toleranceMorae": 1,
        "truePositivePositions": 7,
        "falsePositivePositions": 5,
        "falseNegativePositions": 2,
        "precision": 0.583333,
        "recall": 0.777778,
        "f1": 0.666667
      },
      "errorDetection": {
        "truePositives": 4,
        "falsePositives": 0,
        "falseNegatives": 2,
        "trueNegatives": 2,
        "precision": 1.0,
        "recall": 0.666667,
        "f1": 0.8
      },
      "exactControlTranscription": {
        "attempts": 2,
        "exactMoraMatches": 2,
        "emptyTranscripts": 0,
        "moraErrorRate": 0.0
      },
      "injectedVariantEvidence": {
        "errorAttempts": 6,
        "closerToInjectedReading": 3,
        "closerToExpectedTarget": 2,
        "equalDistance": 1,
        "closerToInjectedRate": 0.5
      }
    },
    "chiyo": {
      "attempts": 8,
      "strictPositionLocalization": {
        "toleranceMorae": 0,
        "truePositivePositions": 8,
        "falsePositivePositions": 5,
        "falseNegativePositions": 1,
        "precision": 0.615385,
        "recall": 0.888889,
        "f1": 0.727273
      },
      "withinOneMoraLocalization": {
        "toleranceMorae": 1,
        "truePositivePositions": 8,
        "falsePositivePositions": 5,
        "falseNegativePositions": 1,
        "precision": 0.615385,
        "recall": 0.888889,
        "f1": 0.727273
      },
      "errorDetection": {
        "truePositives": 5,
        "falsePositives": 0,
        "falseNegatives": 1,
        "trueNegatives": 2,
        "precision": 1.0,
        "recall": 0.833333,
        "f1": 0.909091
      },
      "exactControlTranscription": {
        "attempts": 2,
        "exactMoraMatches": 2,
        "emptyTranscripts": 0,
        "moraErrorRate": 0.0
      },
      "injectedVariantEvidence": {
        "errorAttempts": 6,
        "closerToInjectedReading": 4,
        "closerToExpectedTarget": 1,
        "equalDistance": 1,
        "closerToInjectedRate": 0.666667
      }
    },
    "eri": {
      "attempts": 8,
      "strictPositionLocalization": {
        "toleranceMorae": 0,
        "truePositivePositions": 8,
        "falsePositivePositions": 9,
        "falseNegativePositions": 1,
        "precision": 0.470588,
        "recall": 0.888889,
        "f1": 0.615385
      },
      "withinOneMoraLocalization": {
        "toleranceMorae": 1,
        "truePositivePositions": 8,
        "falsePositivePositions": 9,
        "falseNegativePositions": 1,
        "precision": 0.470588,
        "recall": 0.888889,
        "f1": 0.615385
      },
      "errorDetection": {
        "truePositives": 6,
        "falsePositives": 0,
        "falseNegatives": 0,
        "trueNegatives": 2,
        "precision": 1.0,
        "recall": 1.0,
        "f1": 1.0
      },
      "exactControlTranscription": {
        "attempts": 2,
        "exactMoraMatches": 2,
        "emptyTranscripts": 0,
        "moraErrorRate": 0.0
      },
      "injectedVariantEvidence": {
        "errorAttempts": 6,
        "closerToInjectedReading": 4,
        "closerToExpectedTarget": 1,
        "equalDistance": 1,
        "closerToInjectedRate": 0.666667
      }
    },
    "fumi": {
      "attempts": 8,
      "strictPositionLocalization": {
        "toleranceMorae": 0,
        "truePositivePositions": 8,
        "falsePositivePositions": 4,
        "falseNegativePositions": 1,
        "precision": 0.666667,
        "recall": 0.888889,
        "f1": 0.761905
      },
      "withinOneMoraLocalization": {
        "toleranceMorae": 1,
        "truePositivePositions": 8,
        "falsePositivePositions": 4,
        "falseNegativePositions": 1,
        "precision": 0.666667,
        "recall": 0.888889,
        "f1": 0.761905
      },
      "errorDetection": {
        "truePositives": 5,
        "falsePositives": 0,
        "falseNegatives": 1,
        "trueNegatives": 2,
        "precision": 1.0,
        "recall": 0.833333,
        "f1": 0.909091
      },
      "exactControlTranscription": {
        "attempts": 2,
        "exactMoraMatches": 2,
        "emptyTranscripts": 0,
        "moraErrorRate": 0.0
      },
      "injectedVariantEvidence": {
        "errorAttempts": 6,
        "closerToInjectedReading": 4,
        "closerToExpectedTarget": 1,
        "equalDistance": 1,
        "closerToInjectedRate": 0.666667
      }
    },
    "gen": {
      "attempts": 8,
      "strictPositionLocalization": {
        "toleranceMorae": 0,
        "truePositivePositions": 9,
        "falsePositivePositions": 5,
        "falseNegativePositions": 0,
        "precision": 0.642857,
        "recall": 1.0,
        "f1": 0.782609
      },
      "withinOneMoraLocalization": {
        "toleranceMorae": 1,
        "truePositivePositions": 9,
        "falsePositivePositions": 5,
        "falseNegativePositions": 0,
        "precision": 0.642857,
        "recall": 1.0,
        "f1": 0.782609
      },
      "errorDetection": {
        "truePositives": 6,
        "falsePositives": 1,
        "falseNegatives": 0,
        "trueNegatives": 1,
        "precision": 0.857143,
        "recall": 1.0,
        "f1": 0.923077
      },
      "exactControlTranscription": {
        "attempts": 2,
        "exactMoraMatches": 1,
        "emptyTranscripts": 0,
        "moraErrorRate": 0.034483
      },
      "injectedVariantEvidence": {
        "errorAttempts": 6,
        "closerToInjectedReading": 5,
        "closerToExpectedTarget": 0,
        "equalDistance": 1,
        "closerToInjectedRate": 0.833333
      }
    },
    "hiro": {
      "attempts": 8,
      "strictPositionLocalization": {
        "toleranceMorae": 0,
        "truePositivePositions": 7,
        "falsePositivePositions": 5,
        "falseNegativePositions": 2,
        "precision": 0.583333,
        "recall": 0.777778,
        "f1": 0.666667
      },
      "withinOneMoraLocalization": {
        "toleranceMorae": 1,
        "truePositivePositions": 7,
        "falsePositivePositions": 5,
        "falseNegativePositions": 2,
        "precision": 0.583333,
        "recall": 0.777778,
        "f1": 0.666667
      },
      "errorDetection": {
        "truePositives": 4,
        "falsePositives": 0,
        "falseNegatives": 2,
        "trueNegatives": 2,
        "precision": 1.0,
        "recall": 0.666667,
        "f1": 0.8
      },
      "exactControlTranscription": {
        "attempts": 2,
        "exactMoraMatches": 2,
        "emptyTranscripts": 0,
        "moraErrorRate": 0.0
      },
      "injectedVariantEvidence": {
        "errorAttempts": 6,
        "closerToInjectedReading": 3,
        "closerToExpectedTarget": 2,
        "equalDistance": 1,
        "closerToInjectedRate": 0.5
      }
    },
    "issei": {
      "attempts": 8,
      "strictPositionLocalization": {
        "toleranceMorae": 0,
        "truePositivePositions": 7,
        "falsePositivePositions": 6,
        "falseNegativePositions": 2,
        "precision": 0.538462,
        "recall": 0.777778,
        "f1": 0.636364
      },
      "withinOneMoraLocalization": {
        "toleranceMorae": 1,
        "truePositivePositions": 7,
        "falsePositivePositions": 6,
        "falseNegativePositions": 2,
        "precision": 0.538462,
        "recall": 0.777778,
        "f1": 0.636364
      },
      "errorDetection": {
        "truePositives": 4,
        "falsePositives": 1,
        "falseNegatives": 2,
        "trueNegatives": 1,
        "precision": 0.8,
        "recall": 0.666667,
        "f1": 0.727273
      },
      "exactControlTranscription": {
        "attempts": 2,
        "exactMoraMatches": 1,
        "emptyTranscripts": 0,
        "moraErrorRate": 0.034483
      },
      "injectedVariantEvidence": {
        "errorAttempts": 6,
        "closerToInjectedReading": 4,
        "closerToExpectedTarget": 2,
        "equalDistance": 0,
        "closerToInjectedRate": 0.666667
      }
    },
    "jun": {
      "attempts": 8,
      "strictPositionLocalization": {
        "toleranceMorae": 0,
        "truePositivePositions": 7,
        "falsePositivePositions": 4,
        "falseNegativePositions": 2,
        "precision": 0.636364,
        "recall": 0.777778,
        "f1": 0.7
      },
      "withinOneMoraLocalization": {
        "toleranceMorae": 1,
        "truePositivePositions": 8,
        "falsePositivePositions": 3,
        "falseNegativePositions": 1,
        "precision": 0.727273,
        "recall": 0.888889,
        "f1": 0.8
      },
      "errorDetection": {
        "truePositives": 5,
        "falsePositives": 1,
        "falseNegatives": 1,
        "trueNegatives": 1,
        "precision": 0.833333,
        "recall": 0.833333,
        "f1": 0.833333
      },
      "exactControlTranscription": {
        "attempts": 2,
        "exactMoraMatches": 1,
        "emptyTranscripts": 0,
        "moraErrorRate": 0.034483
      },
      "injectedVariantEvidence": {
        "errorAttempts": 6,
        "closerToInjectedReading": 3,
        "closerToExpectedTarget": 1,
        "equalDistance": 2,
        "closerToInjectedRate": 0.5
      }
    },
    "kai": {
      "attempts": 8,
      "strictPositionLocalization": {
        "toleranceMorae": 0,
        "truePositivePositions": 7,
        "falsePositivePositions": 6,
        "falseNegativePositions": 2,
        "precision": 0.538462,
        "recall": 0.777778,
        "f1": 0.636364
      },
      "withinOneMoraLocalization": {
        "toleranceMorae": 1,
        "truePositivePositions": 7,
        "falsePositivePositions": 6,
        "falseNegativePositions": 2,
        "precision": 0.538462,
        "recall": 0.777778,
        "f1": 0.636364
      },
      "errorDetection": {
        "truePositives": 4,
        "falsePositives": 0,
        "falseNegatives": 2,
        "trueNegatives": 2,
        "precision": 1.0,
        "recall": 0.666667,
        "f1": 0.8
      },
      "exactControlTranscription": {
        "attempts": 2,
        "exactMoraMatches": 2,
        "emptyTranscripts": 0,
        "moraErrorRate": 0.0
      },
      "injectedVariantEvidence": {
        "errorAttempts": 6,
        "closerToInjectedReading": 3,
        "closerToExpectedTarget": 2,
        "equalDistance": 1,
        "closerToInjectedRate": 0.5
      }
    },
    "keiko": {
      "attempts": 8,
      "strictPositionLocalization": {
        "toleranceMorae": 0,
        "truePositivePositions": 7,
        "falsePositivePositions": 4,
        "falseNegativePositions": 2,
        "precision": 0.636364,
        "recall": 0.777778,
        "f1": 0.7
      },
      "withinOneMoraLocalization": {
        "toleranceMorae": 1,
        "truePositivePositions": 7,
        "falsePositivePositions": 4,
        "falseNegativePositions": 2,
        "precision": 0.636364,
        "recall": 0.777778,
        "f1": 0.7
      },
      "errorDetection": {
        "truePositives": 4,
        "falsePositives": 0,
        "falseNegatives": 2,
        "trueNegatives": 2,
        "precision": 1.0,
        "recall": 0.666667,
        "f1": 0.8
      },
      "exactControlTranscription": {
        "attempts": 2,
        "exactMoraMatches": 2,
        "emptyTranscripts": 0,
        "moraErrorRate": 0.0
      },
      "injectedVariantEvidence": {
        "errorAttempts": 6,
        "closerToInjectedReading": 3,
        "closerToExpectedTarget": 2,
        "equalDistance": 1,
        "closerToInjectedRate": 0.5
      }
    },
    "makoto": {
      "attempts": 8,
      "strictPositionLocalization": {
        "toleranceMorae": 0,
        "truePositivePositions": 7,
        "falsePositivePositions": 4,
        "falseNegativePositions": 2,
        "precision": 0.636364,
        "recall": 0.777778,
        "f1": 0.7
      },
      "withinOneMoraLocalization": {
        "toleranceMorae": 1,
        "truePositivePositions": 7,
        "falsePositivePositions": 4,
        "falseNegativePositions": 2,
        "precision": 0.636364,
        "recall": 0.777778,
        "f1": 0.7
      },
      "errorDetection": {
        "truePositives": 4,
        "falsePositives": 0,
        "falseNegatives": 2,
        "trueNegatives": 2,
        "precision": 1.0,
        "recall": 0.666667,
        "f1": 0.8
      },
      "exactControlTranscription": {
        "attempts": 2,
        "exactMoraMatches": 2,
        "emptyTranscripts": 0,
        "moraErrorRate": 0.0
      },
      "injectedVariantEvidence": {
        "errorAttempts": 6,
        "closerToInjectedReading": 3,
        "closerToExpectedTarget": 2,
        "equalDistance": 1,
        "closerToInjectedRate": 0.5
      }
    },
    "mio": {
      "attempts": 8,
      "strictPositionLocalization": {
        "toleranceMorae": 0,
        "truePositivePositions": 7,
        "falsePositivePositions": 6,
        "falseNegativePositions": 2,
        "precision": 0.538462,
        "recall": 0.777778,
        "f1": 0.636364
      },
      "withinOneMoraLocalization": {
        "toleranceMorae": 1,
        "truePositivePositions": 7,
        "falsePositivePositions": 6,
        "falseNegativePositions": 2,
        "precision": 0.538462,
        "recall": 0.777778,
        "f1": 0.636364
      },
      "errorDetection": {
        "truePositives": 5,
        "falsePositives": 1,
        "falseNegatives": 1,
        "trueNegatives": 1,
        "precision": 0.833333,
        "recall": 0.833333,
        "f1": 0.833333
      },
      "exactControlTranscription": {
        "attempts": 2,
        "exactMoraMatches": 1,
        "emptyTranscripts": 0,
        "moraErrorRate": 0.034483
      },
      "injectedVariantEvidence": {
        "errorAttempts": 6,
        "closerToInjectedReading": 3,
        "closerToExpectedTarget": 2,
        "equalDistance": 1,
        "closerToInjectedRate": 0.5
      }
    },
    "nami": {
      "attempts": 8,
      "strictPositionLocalization": {
        "toleranceMorae": 0,
        "truePositivePositions": 7,
        "falsePositivePositions": 4,
        "falseNegativePositions": 2,
        "precision": 0.636364,
        "recall": 0.777778,
        "f1": 0.7
      },
      "withinOneMoraLocalization": {
        "toleranceMorae": 1,
        "truePositivePositions": 7,
        "falsePositivePositions": 4,
        "falseNegativePositions": 2,
        "precision": 0.636364,
        "recall": 0.777778,
        "f1": 0.7
      },
      "errorDetection": {
        "truePositives": 4,
        "falsePositives": 0,
        "falseNegatives": 2,
        "trueNegatives": 2,
        "precision": 1.0,
        "recall": 0.666667,
        "f1": 0.8
      },
      "exactControlTranscription": {
        "attempts": 2,
        "exactMoraMatches": 2,
        "emptyTranscripts": 0,
        "moraErrorRate": 0.0
      },
      "injectedVariantEvidence": {
        "errorAttempts": 6,
        "closerToInjectedReading": 3,
        "closerToExpectedTarget": 2,
        "equalDistance": 1,
        "closerToInjectedRate": 0.5
      }
    },
    "osamu": {
      "attempts": 8,
      "strictPositionLocalization": {
        "toleranceMorae": 0,
        "truePositivePositions": 7,
        "falsePositivePositions": 4,
        "falseNegativePositions": 2,
        "precision": 0.636364,
        "recall": 0.777778,
        "f1": 0.7
      },
      "withinOneMoraLocalization": {
        "toleranceMorae": 1,
        "truePositivePositions": 7,
        "falsePositivePositions": 4,
        "falseNegativePositions": 2,
        "precision": 0.636364,
        "recall": 0.777778,
        "f1": 0.7
      },
      "errorDetection": {
        "truePositives": 4,
        "falsePositives": 0,
        "falseNegatives": 2,
        "trueNegatives": 2,
        "precision": 1.0,
        "recall": 0.666667,
        "f1": 0.8
      },
      "exactControlTranscription": {
        "attempts": 2,
        "exactMoraMatches": 2,
        "emptyTranscripts": 0,
        "moraErrorRate": 0.0
      },
      "injectedVariantEvidence": {
        "errorAttempts": 6,
        "closerToInjectedReading": 3,
        "closerToExpectedTarget": 2,
        "equalDistance": 1,
        "closerToInjectedRate": 0.5
      }
    },
    "ren": {
      "attempts": 8,
      "strictPositionLocalization": {
        "toleranceMorae": 0,
        "truePositivePositions": 8,
        "falsePositivePositions": 5,
        "falseNegativePositions": 1,
        "precision": 0.615385,
        "recall": 0.888889,
        "f1": 0.727273
      },
      "withinOneMoraLocalization": {
        "toleranceMorae": 1,
        "truePositivePositions": 8,
        "falsePositivePositions": 5,
        "falseNegativePositions": 1,
        "precision": 0.615385,
        "recall": 0.888889,
        "f1": 0.727273
      },
      "errorDetection": {
        "truePositives": 5,
        "falsePositives": 0,
        "falseNegatives": 1,
        "trueNegatives": 2,
        "precision": 1.0,
        "recall": 0.833333,
        "f1": 0.909091
      },
      "exactControlTranscription": {
        "attempts": 2,
        "exactMoraMatches": 2,
        "emptyTranscripts": 0,
        "moraErrorRate": 0.0
      },
      "injectedVariantEvidence": {
        "errorAttempts": 6,
        "closerToInjectedReading": 3,
        "closerToExpectedTarget": 1,
        "equalDistance": 2,
        "closerToInjectedRate": 0.5
      }
    },
    "risa": {
      "attempts": 8,
      "strictPositionLocalization": {
        "toleranceMorae": 0,
        "truePositivePositions": 7,
        "falsePositivePositions": 5,
        "falseNegativePositions": 2,
        "precision": 0.583333,
        "recall": 0.777778,
        "f1": 0.666667
      },
      "withinOneMoraLocalization": {
        "toleranceMorae": 1,
        "truePositivePositions": 7,
        "falsePositivePositions": 5,
        "falseNegativePositions": 2,
        "precision": 0.583333,
        "recall": 0.777778,
        "f1": 0.666667
      },
      "errorDetection": {
        "truePositives": 5,
        "falsePositives": 0,
        "falseNegatives": 1,
        "trueNegatives": 2,
        "precision": 1.0,
        "recall": 0.833333,
        "f1": 0.909091
      },
      "exactControlTranscription": {
        "attempts": 2,
        "exactMoraMatches": 2,
        "emptyTranscripts": 0,
        "moraErrorRate": 0.0
      },
      "injectedVariantEvidence": {
        "errorAttempts": 6,
        "closerToInjectedReading": 3,
        "closerToExpectedTarget": 2,
        "equalDistance": 1,
        "closerToInjectedRate": 0.5
      }
    },
    "sota": {
      "attempts": 8,
      "strictPositionLocalization": {
        "toleranceMorae": 0,
        "truePositivePositions": 7,
        "falsePositivePositions": 4,
        "falseNegativePositions": 2,
        "precision": 0.636364,
        "recall": 0.777778,
        "f1": 0.7
      },
      "withinOneMoraLocalization": {
        "toleranceMorae": 1,
        "truePositivePositions": 7,
        "falsePositivePositions": 4,
        "falseNegativePositions": 2,
        "precision": 0.636364,
        "recall": 0.777778,
        "f1": 0.7
      },
      "errorDetection": {
        "truePositives": 4,
        "falsePositives": 0,
        "falseNegatives": 2,
        "trueNegatives": 2,
        "precision": 1.0,
        "recall": 0.666667,
        "f1": 0.8
      },
      "exactControlTranscription": {
        "attempts": 2,
        "exactMoraMatches": 2,
        "emptyTranscripts": 0,
        "moraErrorRate": 0.0
      },
      "injectedVariantEvidence": {
        "errorAttempts": 6,
        "closerToInjectedReading": 3,
        "closerToExpectedTarget": 2,
        "equalDistance": 1,
        "closerToInjectedRate": 0.5
      }
    },
    "taku": {
      "attempts": 8,
      "strictPositionLocalization": {
        "toleranceMorae": 0,
        "truePositivePositions": 8,
        "falsePositivePositions": 5,
        "falseNegativePositions": 1,
        "precision": 0.615385,
        "recall": 0.888889,
        "f1": 0.727273
      },
      "withinOneMoraLocalization": {
        "toleranceMorae": 1,
        "truePositivePositions": 8,
        "falsePositivePositions": 5,
        "falseNegativePositions": 1,
        "precision": 0.615385,
        "recall": 0.888889,
        "f1": 0.727273
      },
      "errorDetection": {
        "truePositives": 6,
        "falsePositives": 1,
        "falseNegatives": 0,
        "trueNegatives": 1,
        "precision": 0.857143,
        "recall": 1.0,
        "f1": 0.923077
      },
      "exactControlTranscription": {
        "attempts": 2,
        "exactMoraMatches": 1,
        "emptyTranscripts": 0,
        "moraErrorRate": 0.034483
      },
      "injectedVariantEvidence": {
        "errorAttempts": 6,
        "closerToInjectedReading": 4,
        "closerToExpectedTarget": 1,
        "equalDistance": 1,
        "closerToInjectedRate": 0.666667
      }
    },
    "yui": {
      "attempts": 8,
      "strictPositionLocalization": {
        "toleranceMorae": 0,
        "truePositivePositions": 7,
        "falsePositivePositions": 4,
        "falseNegativePositions": 2,
        "precision": 0.636364,
        "recall": 0.777778,
        "f1": 0.7
      },
      "withinOneMoraLocalization": {
        "toleranceMorae": 1,
        "truePositivePositions": 7,
        "falsePositivePositions": 4,
        "falseNegativePositions": 2,
        "precision": 0.636364,
        "recall": 0.777778,
        "f1": 0.7
      },
      "errorDetection": {
        "truePositives": 4,
        "falsePositives": 1,
        "falseNegatives": 2,
        "trueNegatives": 1,
        "precision": 0.8,
        "recall": 0.666667,
        "f1": 0.727273
      },
      "exactControlTranscription": {
        "attempts": 2,
        "exactMoraMatches": 1,
        "emptyTranscripts": 0,
        "moraErrorRate": 0.034483
      },
      "injectedVariantEvidence": {
        "errorAttempts": 6,
        "closerToInjectedReading": 3,
        "closerToExpectedTarget": 2,
        "equalDistance": 1,
        "closerToInjectedRate": 0.5
      }
    }
  }
}
Wrote results/conditions/street_noise-a.json
